Component: Arm Compiler for Embedded 6.21 Tool: armlink [5ec1fa00]

==============================================================================

Section Cross References

    startup.o(STACK) refers (Special) to heapauxi.o(.text) for __use_two_region_memory
    startup.o(HEAP) refers (Special) to heapauxi.o(.text) for __use_two_region_memory
    startup.o(RESET) refers (Special) to heapauxi.o(.text) for __use_two_region_memory
    startup.o(RESET) refers to startup.o(STACK) for StackMem
    startup.o(RESET) refers to spaceinvadersgame.o(.text.SysTick_Handler) for SysTick_Handler
    startup.o(RESET) refers to spaceinvadersgame.o(.text.GPIOPortE_Handler) for GPIOPortE_Handler
    startup.o(RESET) refers to texas.o(i.Timer4A_Handler) for Timer4A_Handler
    startup.o(RESET) refers to texas.o(i.Timer5A_Handler) for Timer5A_Handler
    startup.o(RESET) refers to __main.o(!!!main) for __main
    startup.o(.text) refers (Special) to heapauxi.o(.text) for __use_two_region_memory
    startup.o(.text) refers to startup.o(HEAP) for HeapMem
    startup.o(.text) refers to startup.o(STACK) for StackMem
    spaceinvadersgame.o(.ARM.exidx.text.SysTick_Init) refers to spaceinvadersgame.o(.text.SysTick_Init) for [Anonymous Symbol]
    spaceinvadersgame.o(.text.SysTick_Handler) refers to spaceinvadersgame.o(.bss.Flag) for Flag
    spaceinvadersgame.o(.ARM.exidx.text.SysTick_Handler) refers to spaceinvadersgame.o(.text.SysTick_Handler) for [Anonymous Symbol]
    spaceinvadersgame.o(.ARM.exidx.text.PORTE_Init) refers to spaceinvadersgame.o(.text.PORTE_Init) for [Anonymous Symbol]
    spaceinvadersgame.o(.text.GPIOPortE_Handler) refers to spaceinvadersgame.o(.bss.Attack_Flag) for Attack_Flag
    spaceinvadersgame.o(.ARM.exidx.text.GPIOPortE_Handler) refers to spaceinvadersgame.o(.text.GPIOPortE_Handler) for [Anonymous Symbol]
    spaceinvadersgame.o(.ARM.exidx.text.Delay1ms) refers to spaceinvadersgame.o(.text.Delay1ms) for [Anonymous Symbol]
    spaceinvadersgame.o(.text.Enemy_Init) refers to spaceinvadersgame.o(.bss.Enemy) for Enemy
    spaceinvadersgame.o(.text.Enemy_Init) refers to spaceinvadersgame.o(.rodata.Enemy1) for Enemy1
    spaceinvadersgame.o(.text.Enemy_Init) refers to spaceinvadersgame.o(.rodata.Enemy2) for Enemy2
    spaceinvadersgame.o(.ARM.exidx.text.Enemy_Init) refers to spaceinvadersgame.o(.text.Enemy_Init) for [Anonymous Symbol]
    spaceinvadersgame.o(.text.SpaceShip_Init) refers to adc.o(.text.ADC0_In) for ADC0_In
    spaceinvadersgame.o(.text.SpaceShip_Init) refers to spaceinvadersgame.o(.bss.player) for player
    spaceinvadersgame.o(.text.SpaceShip_Init) refers to spaceinvadersgame.o(.rodata.SpaceShip) for SpaceShip
    spaceinvadersgame.o(.ARM.exidx.text.SpaceShip_Init) refers to spaceinvadersgame.o(.text.SpaceShip_Init) for [Anonymous Symbol]
    spaceinvadersgame.o(.text.Move) refers to adc.o(.text.ADC0_In) for ADC0_In
    spaceinvadersgame.o(.text.Move) refers to dflt_clz.o(x$fpl$dfltu) for __aeabi_ui2d
    spaceinvadersgame.o(.text.Move) refers to ddiv.o(x$fpl$ddiv) for __aeabi_ddiv
    spaceinvadersgame.o(.text.Move) refers to dmul.o(x$fpl$dmul) for __aeabi_dmul
    spaceinvadersgame.o(.text.Move) refers to round.o(i.round) for round
    spaceinvadersgame.o(.text.Move) refers to dfixu.o(x$fpl$dfixu) for __aeabi_d2uiz
    spaceinvadersgame.o(.text.Move) refers to spaceinvadersgame.o(.bss.player) for player
    spaceinvadersgame.o(.text.Move) refers to spaceinvadersgame.o(.data.x) for x
    spaceinvadersgame.o(.text.Move) refers to spaceinvadersgame.o(.data.count) for count
    spaceinvadersgame.o(.text.Move) refers to spaceinvadersgame.o(.bss.Enemy) for Enemy
    spaceinvadersgame.o(.text.Move) refers to spaceinvadersgame.o(.bss.j) for j
    spaceinvadersgame.o(.text.Move) refers to spaceinvadersgame.o(.data.vertical_array) for vertical_array
    spaceinvadersgame.o(.text.Move) refers to spaceinvadersgame.o(.bss.FrameCount) for FrameCount
    spaceinvadersgame.o(.ARM.exidx.text.Move) refers to spaceinvadersgame.o(.text.Move) for [Anonymous Symbol]
    spaceinvadersgame.o(.text.Draw) refers to nokia5110.o(.text.Nokia5110_ClearBuffer) for Nokia5110_ClearBuffer
    spaceinvadersgame.o(.text.Draw) refers to spaceinvadersgame.o(.bss.Enemy) for Enemy
    spaceinvadersgame.o(.text.Draw) refers to spaceinvadersgame.o(.bss.FrameCount) for FrameCount
    spaceinvadersgame.o(.text.Draw) refers to nokia5110.o(.text.Nokia5110_PrintBMP) for Nokia5110_PrintBMP
    spaceinvadersgame.o(.text.Draw) refers to spaceinvadersgame.o(.bss.player) for player
    spaceinvadersgame.o(.text.Draw) refers to spaceinvadersgame.o(.bss.Laser_number) for Laser_number
    spaceinvadersgame.o(.text.Draw) refers to spaceinvadersgame.o(.bss.Laser) for Laser
    spaceinvadersgame.o(.text.Draw) refers to spaceinvadersgame.o(.bss.Explosion_Flag) for Explosion_Flag
    spaceinvadersgame.o(.text.Draw) refers to spaceinvadersgame.o(.bss.Explosion_x) for Explosion_x
[...]
    Removing nokia5110.o(.ARM.exidx.text.Nokia5110_Clear), (8 bytes).
    Removing nokia5110.o(.ARM.exidx.text.Nokia5110_DrawFullImage), (8 bytes).
    Removing nokia5110.o(.ARM.exidx.text.Nokia5110_PrintBMP), (8 bytes).
    Removing nokia5110.o(.ARM.exidx.text.Nokia5110_ClearBuffer), (8 bytes).
    Removing nokia5110.o(.text.Nokia5110_SetPixel), (96 bytes).
    Removing nokia5110.o(.ARM.exidx.text.Nokia5110_SetPixel), (8 bytes).
    Removing nokia5110.o(.text.Nokia5110_ClearPixel), (96 bytes).
    Removing nokia5110.o(.ARM.exidx.text.Nokia5110_ClearPixel), (8 bytes).
    Removing nokia5110.o(.ARM.exidx.text.Nokia5110_DisplayBuffer), (8 bytes).
    Removing nokia5110.o(.rodata.ASCII), (480 bytes).
    Removing nokia5110.o(.rodata.str1.1), (12 bytes).
    Removing adc.o(.text), (0 bytes).
    Removing adc.o(.ARM.exidx.text.ADC0_Init), (8 bytes).
    Removing adc.o(.ARM.exidx.text.ADC0_In), (8 bytes).
    Removing texas.o(i.Decrypt), (92 bytes).
    Removing texas.o(i.PortD2_Init), (108 bytes).
    Removing texas.o(i.SetMode), (24 bytes).
    Removing texas.o(i.StartTimer4), (36 bytes).
    Removing texas.o(i.StopTimer4), (24 bytes).
    Removing texas.o(i.TExaS_Stop), (28 bytes).
    Removing texas.o(i.UART0_InChar), (24 bytes).
    Removing texas.o(i.UART0_InCharNonBlocking), (28 bytes).
    Removing texas.o(i.UART0_OutChar), (24 bytes).
    Removing texas.o(i.UART0_OutCharNonBlock), (12 bytes).
    Removing texas.o(i.copy), (18 bytes).

64 unused section(s) (total 2482 bytes) removed from the image.

==============================================================================

Image Symbol Table

    Local Symbols

    Symbol Name                              Value     Ov Type        Size  Object(Section)

    ../clib/angel/boardlib.s                 0x00000000   Number         0  boardinit1.o ABSOLUTE
    ../clib/angel/boardlib.s                 0x00000000   Number         0  boardinit2.o ABSOLUTE
    ../clib/angel/boardlib.s                 0x00000000   Number         0  boardinit3.o ABSOLUTE
    ../clib/angel/boardlib.s                 0x00000000   Number         0  boardshut.o ABSOLUTE
    ../clib/angel/handlers.s                 0x00000000   Number         0  __scatter_copy.o ABSOLUTE
    ../clib/angel/handlers.s                 0x00000000   Number         0  __scatter_zi.o ABSOLUTE
    ../clib/angel/kernel.s                   0x00000000   Number         0  __rtentry.o ABSOLUTE
    ../clib/angel/kernel.s                   0x00000000   Number         0  __rtentry2.o ABSOLUTE
    ../clib/angel/kernel.s                   0x00000000   Number         0  __rtentry4.o ABSOLUTE
    ../clib/angel/kernel.s                   0x00000000   Number         0  rtexit.o ABSOLUTE
    ../clib/angel/kernel.s                   0x00000000   Number         0  rtexit2.o ABSOLUTE
    ../clib/angel/rt.s                       0x00000000   Number         0  rt_errno_addr.o ABSOLUTE
    ../clib/angel/rt.s                       0x00000000   Number         0  rt_errno_addr_intlibspace.o ABSOLUTE
    ../clib/angel/rt.s                       0x00000000   Number         0  rt_raise.o ABSOLUTE
    ../clib/angel/scatter.s                  0x00000000   Number         0  __scatter.o ABSOLUTE
    ../clib/angel/startup.s                  0x00000000   Number         0  __main.o ABSOLUTE
    ../clib/angel/sys.s                      0x00000000   Number         0  libspace.o ABSOLUTE
    ../clib/angel/sys.s                      0x00000000   Number         0  sys_stackheap_outer.o ABSOLUTE
    ../clib/angel/sys.s                      0x00000000   Number         0  use_no_semi.o ABSOLUTE
    ../clib/angel/sys.s                      0x00000000   Number         0  indicate_semi.o ABSOLUTE
    ../clib/angel/sysapp.c                   0x00000000   Number         0  sys_exit.o ABSOLUTE
    ../clib/angel/sysapp.c                   0x00000000   Number         0  sys_exit_hlt.o ABSOLUTE
    ../clib/angel/sysapp.c                   0x00000000   Number         0  sys_command.o ABSOLUTE
    ../clib/angel/sysapp.c                   0x00000000   Number         0  sys_command_hlt.o ABSOLUTE
    ../clib/angel/sysapp.c                   0x00000000   Number         0  sys_wrch.o ABSOLUTE
    ../clib/angel/sysapp.c                   0x00000000   Number         0  sys_wrch_hlt.o ABSOLUTE
    ../clib/armsys.c                         0x00000000   Number         0  argv_veneer.o ABSOLUTE
    ../clib/armsys.c                         0x00000000   Number         0  argv_veneer.o ABSOLUTE
    ../clib/armsys.c                         0x00000000   Number         0  _get_argv_nomalloc.o ABSOLUTE
    ../clib/armsys.c                         0x00000000   Number         0  no_argv.o ABSOLUTE
    ../clib/fenv.c                           0x00000000   Number         0  _rserrno.o ABSOLUTE
    ../clib/heapalloc.c                      0x00000000   Number         0  hrguard.o ABSOLUTE
    ../clib/heapaux.c                        0x00000000   Number         0  heapauxi.o ABSOLUTE
    ../clib/libinit.s                        0x00000000   Number         0  libinit.o ABSOLUTE
    ../clib/libinit.s                        0x00000000   Number         0  libinit2.o ABSOLUTE
    ../clib/libinit.s                        0x00000000   Number         0  libshutdown.o ABSOLUTE
    ../clib/libinit.s                        0x00000000   Number         0  libshutdown2.o ABSOLUTE
    ../clib/signal.c                         0x00000000   Number         0  defsig_rtmem_outer.o ABSOLUTE
    ../clib/signal.c                         0x00000000   Number         0  defsig_rtmem_formal.o ABSOLUTE
    ../clib/signal.c                         0x00000000   Number         0  defsig_exit.o ABSOLUTE
    ../clib/signal.c                         0x00000000   Number         0  defsig_rtmem_inner.o ABSOLUTE
    ../clib/signal.c                         0x00000000   Number         0  __raise.o ABSOLUTE
    ../clib/signal.c                         0x00000000   Number         0  defsig_general.o ABSOLUTE
    ../clib/signal.c                         0x00000000   Number         0  defsig_abrt_inner.o ABSOLUTE
    ../clib/signal.c                         0x00000000   Number         0  defsig_fpe_inner.o ABSOLUTE
    ../clib/signal.c                         0x00000000   Number         0  defsig_rtred_inner.o ABSOLUTE
    ../clib/signal.c                         0x00000000   Number         0  defsig_stak_inner.o ABSOLUTE
    ../clib/signal.c                         0x00000000   Number         0  defsig_pvfn_inner.o ABSOLUTE
    ../clib/signal.c                         0x00000000   Number         0  defsig_cppl_inner.o ABSOLUTE
    ../clib/signal.c                         0x00000000   Number         0  defsig_segv_inner.o ABSOLUTE
    ../clib/signal.c                         0x00000000   Number         0  defsig_other.o ABSOLUTE
    ../clib/signal.s                         0x00000000   Number         0  defsig.o ABSOLUTE
    ../clib/stdlib.c                         0x00000000   Number         0  exit.o ABSOLUTE
    ../fplib/daddsub.s                       0x00000000   Number         0  daddsub_clz.o ABSOLUTE
    ../fplib/dcheck1.s                       0x00000000   Number         0  dcheck1.o ABSOLUTE
    ../fplib/dcmpi.s                         0x00000000   Number         0  dcmpi.o ABSOLUTE
    ../fplib/ddiv.s                          0x00000000   Number         0  ddiv.o ABSOLUTE
    ../fplib/dfixu.s                         0x00000000   Number         0  dfixu.o ABSOLUTE
    ../fplib/dflt.s                          0x00000000   Number         0  dflt_clz.o ABSOLUTE
    ../fplib/dleqf.s                         0x00000000   Number         0  dleqf.o ABSOLUTE
    ../fplib/dmul.s                          0x00000000   Number         0  dmul.o ABSOLUTE
    ../fplib/dnaninf.s                       0x00000000   Number         0  dnaninf.o ABSOLUTE
    ../fplib/dretinf.s                       0x00000000   Number         0  dretinf.o ABSOLUTE
    ../fplib/drleqf.s                        0x00000000   Number         0  drleqf.o ABSOLUTE
    ../fplib/drnd.s                          0x00000000   Number         0  drnd.o ABSOLUTE
    ../fplib/dsqrt.s                         0x00000000   Number         0  dsqrt_umaal.o ABSOLUTE
    ../fplib/f2d.s                           0x00000000   Number         0  f2d.o ABSOLUTE
    ../fplib/faddsub.s                       0x00000000   Number         0  faddsub_clz.o ABSOLUTE
    ../fplib/fdiv.s                          0x00000000   Number         0  fdiv.o ABSOLUTE
    ../fplib/fflt.s                          0x00000000   Number         0  fflt_clz.o ABSOLUTE
    ../fplib/fmul.s                          0x00000000   Number         0  fmul.o ABSOLUTE
    ../fplib/fnaninf.s                       0x00000000   Number         0  fnaninf.o ABSOLUTE
    ../fplib/fpinit.s                        0x00000000   Number         0  fpinit.o ABSOLUTE
    ../fplib/fpinit_empty.s                  0x00000000   Number         0  fpinit_empty.o ABSOLUTE
    ../fplib/fretinf.s                       0x00000000   Number         0  fretinf.o ABSOLUTE
    ../fplib/retnan.s                        0x00000000   Number         0  retnan.o ABSOLUTE
    ../fplib/scalbn.s                        0x00000000   Number         0  scalbn.o ABSOLUTE
    ../fplib/trapv.s                         0x00000000   Number         0  trapv.o ABSOLUTE
    ../fplib/usenofp.s                       0x00000000   Number         0  usenofp.o ABSOLUTE
    ../mathlib/dunder.c                      0x00000000   Number         0  dunder.o ABSOLUTE
    ../mathlib/fpclassify.c                  0x00000000   Number         0  fpclassify.o ABSOLUTE
    ../mathlib/poly.c                        0x00000000   Number         0  poly.o ABSOLUTE
    ../mathlib/pow.c                         0x00000000   Number         0  pow.o ABSOLUTE
    ../mathlib/qnan.c                        0x00000000   Number         0  qnan.o ABSOLUTE
    ../mathlib/round.c                       0x00000000   Number         0  round.o ABSOLUTE
    ../mathlib/sqrt.c                        0x00000000   Number         0  sqrt.o ABSOLUTE
    ADC.c                                    0x00000000   Number         0  adc.o ABSOLUTE
    Nokia5110.c                              0x00000000   Number         0  nokia5110.o ABSOLUTE
    SpaceInvadersGame.c                      0x00000000   Number         0  spaceinvadersgame.o ABSOLUTE
    TExaS.c                                  0x00000000   Number         0  texas.o ABSOLUTE
    dc.s                                     0x00000000   Number         0  dc.o ABSOLUTE
    startup.s                                0x00000000   Number         0  startup.o ABSOLUTE
    RESET                                    0x00000000   Section      644  startup.o(RESET)
    !!!main                                  0x00000284   Section        8  __main.o(!!!main)
    !!!scatter                               0x0000028c   Section       92  __scatter.o(!!!scatter)
    !!handler_copy                           0x000002e8   Section       26  __scatter_copy.o(!!handler_copy)
    !!handler_null                           0x00000304   Section        2  __scatter.o(!!handler_null)
    !!handler_zi                             0x00000308   Section       28  __scatter_zi.o(!!handler_zi)
    .ARM.Collect$$libinit$$00000000          0x00000324   Section        2  libinit.o(.ARM.Collect$$libinit$$00000000)
    .ARM.Collect$$libinit$$00000002          0x00000326   Section        0  libinit2.o(.ARM.Collect$$libinit$$00000002)
    .ARM.Collect$$libinit$$00000004          0x00000326   Section        0  libinit2.o(.ARM.Collect$$libinit$$00000004)
    .ARM.Collect$$libinit$$00000006          0x00000326   Section        0  libinit2.o(.ARM.Collect$$libinit$$00000006)
    .ARM.Collect$$libinit$$0000000C          0x00000326   Section        0  libinit2.o(.ARM.Collect$$libinit$$0000000C)
    .ARM.Collect$$libinit$$0000000E          0x00000326   Section        0  libinit2.o(.ARM.Collect$$libinit$$0000000E)
    .ARM.Collect$$libinit$$00000010          0x00000326   Section        0  libinit2.o(.ARM.Collect$$libinit$$00000010)
    .ARM.Collect$$libinit$$00000013          0x00000326   Section        0  libinit2.o(.ARM.Collect$$libinit$$00000013)
    .ARM.Collect$$libinit$$00000015          0x00000326   Section        0  libinit2.o(.ARM.Collect$$libinit$$00000015)
    .ARM.Collect$$libinit$$00000017          0x00000326   Section        0  libinit2.o(.ARM.Collect$$libinit$$00000017)
    .ARM.Collect$$libinit$$00000019          0x00000326   Section        0  libinit2.o(.ARM.Collect$$libinit$$00000019)
    .ARM.Collect$$libinit$$0000001B          0x00000326   Section        0  libinit2.o(.ARM.Collect$$libinit$$0000001B)
    .ARM.Collect$$libinit$$0000001D          0x00000326   Section        0  libinit2.o(.ARM.Collect$$libinit$$0000001D)
    .ARM.Collect$$libinit$$0000001F          0x00000326   Section        0  libinit2.o(.ARM.Collect$$libinit$$0000001F)
    .ARM.Collect$$libinit$$00000021          0x00000326   Section        0  libinit2.o(.ARM.Collect$$libinit$$00000021)
    .ARM.Collect$$libinit$$00000023          0x00000326   Section        0  libinit2.o(.ARM.Collect$$libinit$$00000023)
    .ARM.Collect$$libinit$$00000025          0x00000326   Section        0  libinit2.o(.ARM.Collect$$libinit$$00000025)
    .ARM.Collect$$libinit$$00000027          0x00000326   Section        0  libinit2.o(.ARM.Collect$$libinit$$00000027)
    .ARM.Collect$$libinit$$0000002E          0x00000326   Section        0  libinit2.o(.ARM.Collect$$libinit$$0000002E)
    .ARM.Collect$$libinit$$00000030          0x00000326   Section        0  libinit2.o(.ARM.Collect$$libinit$$00000030)
    .ARM.Collect$$libinit$$00000032          0x00000326   Section        0  libinit2.o(.ARM.Collect$$libinit$$00000032)
    .ARM.Collect$$libinit$$00000034          0x00000326   Section        0  libinit2.o(.ARM.Collect$$libinit$$00000034)
    .ARM.Collect$$libinit$$00000035          0x00000326   Section        2  libinit2.o(.ARM.Collect$$libinit$$00000035)
    .ARM.Collect$$libshutdown$$00000000      0x00000328   Section        2  libshutdown.o(.ARM.Collect$$libshutdown$$00000000)
    .ARM.Collect$$libshutdown$$00000002      0x0000032a   Section        0  libshutdown2.o(.ARM.Collect$$libshutdown$$00000002)
    .ARM.Collect$$libshutdown$$00000004      0x0000032a   Section        0  libshutdown2.o(.ARM.Collect$$libshutdown$$00000004)
    .ARM.Collect$$libshutdown$$00000007      0x0000032a   Section        0  libshutdown2.o(.ARM.Collect$$libshutdown$$00000007)
    .ARM.Collect$$libshutdown$$0000000A      0x0000032a   Section        0  libshutdown2.o(.ARM.Collect$$libshutdown$$0000000A)
    .ARM.Collect$$libshutdown$$0000000C      0x0000032a   Section        0  libshutdown2.o(.ARM.Collect$$libshutdown$$0000000C)
    .ARM.Collect$$libshutdown$$0000000F      0x0000032a   Section        0  libshutdown2.o(.ARM.Collect$$libshutdown$$0000000F)
    .ARM.Collect$$libshutdown$$00000010      0x0000032a   Section        2  libshutdown2.o(.ARM.Collect$$libshutdown$$00000010)
    .ARM.Collect$$rtentry$$00000000          0x0000032c   Section        0  __rtentry.o(.ARM.Collect$$rtentry$$00000000)
    .ARM.Collect$$rtentry$$00000002          0x0000032c   Section        0  __rtentry2.o(.ARM.Collect$$rtentry$$00000002)
    .ARM.Collect$$rtentry$$00000004          0x0000032c   Section        6  __rtentry4.o(.ARM.Collect$$rtentry$$00000004)
    .ARM.Collect$$rtentry$$00000009          0x00000332   Section        0  __rtentry2.o(.ARM.Collect$$rtentry$$00000009)
    .ARM.Collect$$rtentry$$0000000A          0x00000332   Section        4  __rtentry2.o(.ARM.Collect$$rtentry$$0000000A)
    .ARM.Collect$$rtentry$$0000000C          0x00000336   Section        0  __rtentry2.o(.ARM.Collect$$rtentry$$0000000C)
    .ARM.Collect$$rtentry$$0000000D          0x00000336   Section        8  __rtentry2.o(.ARM.Collect$$rtentry$$0000000D)
    .ARM.Collect$$rtexit$$00000000           0x0000033e   Section        2  rtexit.o(.ARM.Collect$$rtexit$$00000000)
    .ARM.Collect$$rtexit$$00000002           0x00000340   Section        0  rtexit2.o(.ARM.Collect$$rtexit$$00000002)
    .ARM.Collect$$rtexit$$00000003           0x00000340   Section        4  rtexit2.o(.ARM.Collect$$rtexit$$00000003)
    .ARM.Collect$$rtexit$$00000004           0x00000344   Section        6  rtexit2.o(.ARM.Collect$$rtexit$$00000004)
    .text                                    0x0000034c   Section       48  startup.o(.text)
    .text                                    0x0000037c   Section        0  heapauxi.o(.text)
    .text                                    0x00000382   Section        0  _rserrno.o(.text)
    .text                                    0x00000398   Section        8  rt_errno_addr_intlibspace.o(.text)
    .text                                    0x000003a0   Section        8  libspace.o(.text)
    .text                                    0x000003a8   Section       74  sys_stackheap_outer.o(.text)
    .text                                    0x000003f2   Section        0  exit.o(.text)
    .text                                    0x00000404   Section        0  sys_exit.o(.text)
    .text                                    0x00000410   Section        2  use_no_semi.o(.text)
    .text                                    0x00000412   Section        0  indicate_semi.o(.text)
    [Anonymous Symbol]                       0x00000414   Section        0  adc.o(.text.ADC0_In)
    [Anonymous Symbol]                       0x00000464   Section        0  adc.o(.text.ADC0_Init)
    [Anonymous Symbol]                       0x000004d4   Section        0  spaceinvadersgame.o(.text.Delay1ms)
    [Anonymous Symbol]                       0x00000504   Section        0  spaceinvadersgame.o(.text.Draw)
    [Anonymous Symbol]                       0x0000063c   Section        0  spaceinvadersgame.o(.text.Enemy_Init)
    [Anonymous Symbol]                       0x000006c4   Section        0  spaceinvadersgame.o(.text.GPIOPortE_Handler)
    [Anonymous Symbol]                       0x00000720   Section        0  spaceinvadersgame.o(.text.Move)
    [Anonymous Symbol]                       0x00000914   Section        0  nokia5110.o(.text.Nokia5110_ClearBuffer)
    [Anonymous Symbol]                       0x00000944   Section        0  nokia5110.o(.text.Nokia5110_DisplayBuffer)
    [Anonymous Symbol]                       0x00000954   Section        0  nokia5110.o(.text.Nokia5110_DrawFullImage)
    [Anonymous Symbol]                       0x00000990   Section        0  nokia5110.o(.text.Nokia5110_Init)
    [Anonymous Symbol]                       0x00000af4   Section        0  nokia5110.o(.text.Nokia5110_PrintBMP)
    [Anonymous Symbol]                       0x00000cfc   Section        0  nokia5110.o(.text.Nokia5110_SetCursor)
    [Anonymous Symbol]                       0x00000d4c   Section        0  spaceinvadersgame.o(.text.Normal_Attack)
    [Anonymous Symbol]                       0x00000da4   Section        0  spaceinvadersgame.o(.text.Normal_Attack_update)
    [Anonymous Symbol]                       0x00000f88   Section        0  spaceinvadersgame.o(.text.PORTE_Init)
    [Anonymous Symbol]                       0x0000106c   Section        0  spaceinvadersgame.o(.text.Randomize)
    [Anonymous Symbol]                       0x0000110c   Section        0  spaceinvadersgame.o(.text.SpaceShip_Init)
    [Anonymous Symbol]                       0x00001130   Section        0  spaceinvadersgame.o(.text.Special_Attack)
    [Anonymous Symbol]                       0x00001134   Section        0  spaceinvadersgame.o(.text.SysTick_Handler)
    [Anonymous Symbol]                       0x00001144   Section        0  spaceinvadersgame.o(.text.SysTick_Init)
    lcdwrite                                 0x00001189   Thumb Code   144  nokia5110.o(.text.lcdwrite)
    [Anonymous Symbol]                       0x00001188   Section        0  nokia5110.o(.text.lcdwrite)
    [Anonymous Symbol]                       0x00001218   Section        0  spaceinvadersgame.o(.text.main)
    i.ADC1_In                                0x00001310   Section        0  texas.o(i.ADC1_In)
    i.ADC1_Init                              0x0000131c   Section        0  texas.o(i.ADC1_Init)
    i.Encrypt                                0x000013f0   Section        0  texas.o(i.Encrypt)
    i.PLL_Init                               0x0000145c   Section        0  texas.o(i.PLL_Init)
    i.SetCode                                0x000014d8   Section        0  texas.o(i.SetCode)
    i.SetCourse                              0x000014f0   Section        0  texas.o(i.SetCourse)
    i.SetGrade                               0x00001508   Section        0  texas.o(i.SetGrade)
    i.TExaS_Init                             0x000015d4   Section        0  texas.o(i.TExaS_Init)
    i.Timer4A_Handler                        0x00001864   Section        0  texas.o(i.Timer4A_Handler)
    i.Timer5A_Handler                        0x00001884   Section        0  texas.o(i.Timer5A_Handler)
    i.UART0_Init                             0x00002104   Section        0  texas.o(i.UART0_Init)
    i.__ARM_fpclassify                       0x000021c4   Section        0  fpclassify.o(i.__ARM_fpclassify)
    i.__kernel_poly                          0x000021ec   Section        0  poly.o(i.__kernel_poly)
    i.__mathlib_dbl_divzero                  0x00002298   Section        0  dunder.o(i.__mathlib_dbl_divzero)
    i.__mathlib_dbl_infnan2                  0x000022a8   Section        0  dunder.o(i.__mathlib_dbl_infnan2)
    i.__mathlib_dbl_invalid                  0x000022ac   Section        0  dunder.o(i.__mathlib_dbl_invalid)
    i.__mathlib_dbl_overflow                 0x000022b8   Section        0  dunder.o(i.__mathlib_dbl_overflow)
    i.__mathlib_dbl_underflow                0x000022c8   Section        0  dunder.o(i.__mathlib_dbl_underflow)
    i.checkADCconfiguration                  0x000022d8   Section        0  texas.o(i.checkADCconfiguration)
    i.checkDisplayconfiguration              0x00002380   Section        0  texas.o(i.checkDisplayconfiguration)
    i.checkLinearity                         0x00002628   Section        0  texas.o(i.checkLinearity)
    i.pow                                    0x000027cc   Section        0  pow.o(i.pow)
    i.round                                  0x000031b8   Section        0  round.o(i.round)
    i.sqrt                                   0x0000324c   Section        0  sqrt.o(i.sqrt)
    x$fpl$dadd                               0x00003298   Section      336  daddsub_clz.o(x$fpl$dadd)
    _dadd1                                   0x000032a9   Thumb Code     0  daddsub_clz.o(x$fpl$dadd)
    x$fpl$dcheck1                            0x000033e8   Section       16  dcheck1.o(x$fpl$dcheck1)
    x$fpl$dcmpinf                            0x000033f8   Section       24  dcmpi.o(x$fpl$dcmpinf)
    x$fpl$ddiv                               0x00003410   Section      692  ddiv.o(x$fpl$ddiv)
    ddiv_entry                               0x00003417   Thumb Code     0  ddiv.o(x$fpl$ddiv)
    x$fpl$dfixu                              0x000036c4   Section       90  dfixu.o(x$fpl$dfixu)
    x$fpl$dflt                               0x0000371e   Section       46  dflt_clz.o(x$fpl$dflt)
    x$fpl$dfltu                              0x0000374c   Section       38  dflt_clz.o(x$fpl$dfltu)
    x$fpl$dleqf                              0x00003774   Section      120  dleqf.o(x$fpl$dleqf)
    x$fpl$dmul                               0x000037ec   Section      340  dmul.o(x$fpl$dmul)
    x$fpl$dnaninf                            0x00003940   Section      156  dnaninf.o(x$fpl$dnaninf)
    x$fpl$dretinf                            0x000039dc   Section       12  dretinf.o(x$fpl$dretinf)
    x$fpl$drleqf                             0x000039e8   Section      108  drleqf.o(x$fpl$drleqf)
    x$fpl$drnd                               0x00003a54   Section      180  drnd.o(x$fpl$drnd)
    x$fpl$drsb                               0x00003b08   Section       22  daddsub_clz.o(x$fpl$drsb)
    x$fpl$dsqrt                              0x00003b20   Section      408  dsqrt_umaal.o(x$fpl$dsqrt)
    x$fpl$dsub                               0x00003cb8   Section      476  daddsub_clz.o(x$fpl$dsub)
    _dsub1                                   0x00003cc9   Thumb Code     0  daddsub_clz.o(x$fpl$dsub)
    x$fpl$f2d                                0x00003e94   Section       86  f2d.o(x$fpl$f2d)
    x$fpl$fadd                               0x00003eec   Section      196  faddsub_clz.o(x$fpl$fadd)
    _fadd1                                   0x00003efb   Thumb Code     0  faddsub_clz.o(x$fpl$fadd)
    _fdiv1                                   0x00003fb1   Thumb Code     0  fdiv.o(x$fpl$fdiv)
    x$fpl$fdiv                               0x00003fb0   Section      388  fdiv.o(x$fpl$fdiv)
    x$fpl$ffltu                              0x00004134   Section       38  fflt_clz.o(x$fpl$ffltu)
    x$fpl$fmul                               0x0000415c   Section      258  fmul.o(x$fpl$fmul)
    x$fpl$fnaninf                            0x0000425e   Section      140  fnaninf.o(x$fpl$fnaninf)
    x$fpl$fretinf                            0x000042ea   Section       10  fretinf.o(x$fpl$fretinf)
    x$fpl$fsub                               0x000042f4   Section      234  faddsub_clz.o(x$fpl$fsub)
    _fsub1                                   0x00004303   Thumb Code     0  faddsub_clz.o(x$fpl$fsub)
    x$fpl$retnan                             0x000043de   Section      100  retnan.o(x$fpl$retnan)
    x$fpl$scalbn                             0x00004442   Section       92  scalbn.o(x$fpl$scalbn)
    x$fpl$trapveneer                         0x0000449e   Section       48  trapv.o(x$fpl$trapveneer)
    x$fpl$usenofp                            0x000044ce   Section        0  usenofp.o(x$fpl$usenofp)
    .constdata                               0x000044d0   Section     7056  texas.o(.constdata)
    bp                                       0x00006060   Data          16  pow.o(.constdata)
    .constdata                               0x00006060   Section      136  pow.o(.constdata)
    dp_h                                     0x00006070   Data          16  pow.o(.constdata)
    dp_l                                     0x00006080   Data          16  pow.o(.constdata)
    L                                        0x00006090   Data          48  pow.o(.constdata)
    P                                        0x000060c0   Data          40  pow.o(.constdata)
    .constdata                               0x000060e8   Section        8  qnan.o(.constdata)
    .data                                    0x20000000   Section      112  texas.o(.data)
    RealGrade                                0x20000010   Data           4  texas.o(.data)
    adc300                                   0x20000014   Data           4  texas.o(.data)
    adc500                                   0x20000018   Data           4  texas.o(.data)
    adc700                                   0x2000001c   Data           4  texas.o(.data)
    adc900                                   0x20000020   Data           4  texas.o(.data)
    adc1100                                  0x20000024   Data           4  texas.o(.data)
    dist300                                  0x20000028   Data           4  texas.o(.data)
    dist500                                  0x2000002c   Data           4  texas.o(.data)
    dist700                                  0x20000030   Data           4  texas.o(.data)
    dist900                                  0x20000034   Data           4  texas.o(.data)
    dist1100                                 0x20000038   Data           4  texas.o(.data)
    .bss                                     0x20000088   Section      628  texas.o(.bss)
    .bss                                     0x200002fc   Section       96  libspace.o(.bss)
    HeapMem                                  0x20000dc0   Data           0  startup.o(HEAP)
    StackMem                                 0x20000dc0   Data           0  startup.o(STACK)
    HEAP                                     0x20000dc0   Section        0  startup.o(HEAP)
    STACK                                    0x20000dc0   Section     1024  startup.o(STACK)

    Global Symbols

    Symbol Name                              Value     Ov Type        Size  Object(Section)

    BuildAttributes$$THM_ISAv4$E$P$D$K$B$S$7EM$PE$A:L22UL41UL21$X:L11$S22US41US21$IEEE1$IW$~IW$USESV6$~STKCKD$USESV7$~SHL$OTIME$ROPI$IEEEX$EBA8$UX$STANDARDLIB$REQ8$PRES8$EABIv2 0x00000000   Number         0  anon$$obj.o ABSOLUTE
    __Vectors                                0x00000000   Data           0  startup.o(RESET)
    __fp_init_empty                          0x00000000   Number         0  fpinit_empty.o ABSOLUTE
    __ARM_exceptions_init                     - Undefined Weak Reference
    __alloca_initialize                       - Undefined Weak Reference
    __arm_preinit_                            - Undefined Weak Reference
    __arm_relocate_pie_                       - Undefined Weak Reference
    __cpp_initialize__aeabi_                  - Undefined Weak Reference
    __cxa_finalize                            - Undefined Weak Reference
    __rt_locale                               - Undefined Weak Reference
    __sigvec_lookup                           - Undefined Weak Reference
    _atexit_init                              - Undefined Weak Reference
    _call_atexit_fns                          - Undefined Weak Reference
    _clock_init                               - Undefined Weak Reference
    _fp_trap_init                             - Undefined Weak Reference
    _fp_trap_shutdown                         - Undefined Weak Reference
    _get_lc_collate                           - Undefined Weak Reference
    _get_lc_ctype                             - Undefined Weak Reference
    _get_lc_monetary                          - Undefined Weak Reference
    _get_lc_numeric                           - Undefined Weak Reference
    _get_lc_time                              - Undefined Weak Reference
    _getenv_init                              - Undefined Weak Reference
    _handle_redirection                       - Undefined Weak Reference
    _init_alloc                               - Undefined Weak Reference
    _init_user_alloc                          - Undefined Weak Reference
    _initio                                   - Undefined Weak Reference
    _rand_init                                - Undefined Weak Reference
    _signal_finish                            - Undefined Weak Reference
    _signal_init                              - Undefined Weak Reference
    _terminate_alloc                          - Undefined Weak Reference
    _terminate_user_alloc                     - Undefined Weak Reference
    _terminateio                              - Undefined Weak Reference
    Reset_Handler                            0x0000026d   Thumb Code     0  startup.o(RESET)
    NMI_Handler                              0x00000271   Thumb Code     2  startup.o(RESET)
    HardFault_Handler                        0x00000273   Thumb Code     2  startup.o(RESET)
    MemManage_Handler                        0x00000275   Thumb Code     2  startup.o(RESET)
    BusFault_Handler                         0x00000277   Thumb Code     2  startup.o(RESET)
    UsageFault_Handler                       0x00000279   Thumb Code     2  startup.o(RESET)
    SVC_Handler                              0x0000027b   Thumb Code     2  startup.o(RESET)
    DebugMon_Handler                         0x0000027d   Thumb Code     2  startup.o(RESET)
    PendSV_Handler                           0x0000027f   Thumb Code     2  startup.o(RESET)
    ADC0Seq0_Handler                         0x00000283   Thumb Code     0  startup.o(RESET)
    ADC0Seq1_Handler                         0x00000283   Thumb Code     0  startup.o(RESET)
    ADC0Seq2_Handler                         0x00000283   Thumb Code     0  startup.o(RESET)
    ADC0Seq3_Handler                         0x00000283   Thumb Code     0  startup.o(RESET)
    ADC1Seq0_Handler                         0x00000283   Thumb Code     0  startup.o(RESET)
    ADC1Seq1_Handler                         0x00000283   Thumb Code     0  startup.o(RESET)
    ADC1Seq2_Handler                         0x00000283   Thumb Code     0  startup.o(RESET)
    ADC1Seq3_Handler                         0x00000283   Thumb Code     0  startup.o(RESET)
    CAN0_Handler                             0x00000283   Thumb Code     0  startup.o(RESET)
    CAN1_Handler                             0x00000283   Thumb Code     0  startup.o(RESET)
    CAN2_Handler                             0x00000283   Thumb Code     0  startup.o(RESET)
    Comp0_Handler                            0x00000283   Thumb Code     0  startup.o(RESET)
    Comp1_Handler                            0x00000283   Thumb Code     0  startup.o(RESET)
    Comp2_Handler                            0x00000283   Thumb Code     0  startup.o(RESET)
    Ethernet_Handler                         0x00000283   Thumb Code     0  startup.o(RESET)
    ExtBus_Handler                           0x00000283   Thumb Code     0  startup.o(RESET)
    FPU_Handler                              0x00000283   Thumb Code     0  startup.o(RESET)
    Fan0_Handler                             0x00000283   Thumb Code     0  startup.o(RESET)
    FlashCtl_Handler                         0x00000283   Thumb Code     0  startup.o(RESET)
    GPIOPortA_Handler                        0x00000283   Thumb Code     0  startup.o(RESET)
    GPIOPortB_Handler                        0x00000283   Thumb Code     0  startup.o(RESET)
    GPIOPortC_Handler                        0x00000283   Thumb Code     0  startup.o(RESET)
    GPIOPortD_Handler                        0x00000283   Thumb Code     0  startup.o(RESET)
    GPIOPortF_Handler                        0x00000283   Thumb Code     0  startup.o(RESET)
    GPIOPortG_Handler                        0x00000283   Thumb Code     0  startup.o(RESET)
    GPIOPortH_Handler                        0x00000283   Thumb Code     0  startup.o(RESET)
    GPIOPortJ_Handler                        0x00000283   Thumb Code     0  startup.o(RESET)
    GPIOPortK_Handler                        0x00000283   Thumb Code     0  startup.o(RESET)
    GPIOPortL_Handler                        0x00000283   Thumb Code     0  startup.o(RESET)
    GPIOPortM_Handler                        0x00000283   Thumb Code     0  startup.o(RESET)
    GPIOPortN_Handler                        0x00000283   Thumb Code     0  startup.o(RESET)
    GPIOPortP1_Handler                       0x00000283   Thumb Code     0  startup.o(RESET)
    GPIOPortP2_Handler                       0x00000283   Thumb Code     0  startup.o(RESET)
    GPIOPortP3_Handler                       0x00000283   Thumb Code     0  startup.o(RESET)
    GPIOPortP4_Handler                       0x00000283   Thumb Code     0  startup.o(RESET)
    GPIOPortP5_Handler                       0x00000283   Thumb Code     0  startup.o(RESET)
    GPIOPortP6_Handler                       0x00000283   Thumb Code     0  startup.o(RESET)
    GPIOPortP7_Handler                       0x00000283   Thumb Code     0  startup.o(RESET)
    GPIOPortP_Handler                        0x00000283   Thumb Code     0  startup.o(RESET)
    GPIOPortQ1_Handler                       0x00000283   Thumb Code     0  startup.o(RESET)
    GPIOPortQ2_Handler                       0x00000283   Thumb Code     0  startup.o(RESET)
    GPIOPortQ3_Handler                       0x00000283   Thumb Code     0  startup.o(RESET)
    GPIOPortQ4_Handler                       0x00000283   Thumb Code     0  startup.o(RESET)
    GPIOPortQ5_Handler                       0x00000283   Thumb Code     0  startup.o(RESET)
    GPIOPortQ6_Handler                       0x00000283   Thumb Code     0  startup.o(RESET)
    GPIOPortQ7_Handler                       0x00000283   Thumb Code     0  startup.o(RESET)
    GPIOPortQ_Handler                        0x00000283   Thumb Code     0  startup.o(RESET)
    GPIOPortR_Handler                        0x00000283   Thumb Code     0  startup.o(RESET)
    GPIOPortS_Handler                        0x00000283   Thumb Code     0  startup.o(RESET)
    Hibernate_Handler                        0x00000283   Thumb Code     0  startup.o(RESET)
    I2C0_Handler                             0x00000283   Thumb Code     0  startup.o(RESET)
    I2C1_Handler                             0x00000283   Thumb Code     0  startup.o(RESET)
    I2C2_Handler                             0x00000283   Thumb Code     0  startup.o(RESET)
    I2C3_Handler                             0x00000283   Thumb Code     0  startup.o(RESET)
    I2C4_Handler                             0x00000283   Thumb Code     0  startup.o(RESET)
    I2C5_Handler                             0x00000283   Thumb Code     0  startup.o(RESET)
    I2S0_Handler                             0x00000283   Thumb Code     0  startup.o(RESET)
    LPC0_Handler                             0x00000283   Thumb Code     0  startup.o(RESET)
    PECI0_Handler                            0x00000283   Thumb Code     0  startup.o(RESET)
    PWM0Fault_Handler                        0x00000283   Thumb Code     0  startup.o(RESET)
    PWM0Generator0_Handler                   0x00000283   Thumb Code     0  startup.o(RESET)
    PWM0Generator1_Handler                   0x00000283   Thumb Code     0  startup.o(RESET)
    PWM0Generator2_Handler                   0x00000283   Thumb Code     0  startup.o(RESET)
    PWM0Generator3_Handler                   0x00000283   Thumb Code     0  startup.o(RESET)
    PWM1Fault_Handler                        0x00000283   Thumb Code     0  startup.o(RESET)
    PWM1Generator0_Handler                   0x00000283   Thumb Code     0  startup.o(RESET)
    PWM1Generator1_Handler                   0x00000283   Thumb Code     0  startup.o(RESET)
    PWM1Generator2_Handler                   0x00000283   Thumb Code     0  startup.o(RESET)
    PWM1Generator3_Handler                   0x00000283   Thumb Code     0  startup.o(RESET)
    Quadrature0_Handler                      0x00000283   Thumb Code     0  startup.o(RESET)
    Quadrature1_Handler                      0x00000283   Thumb Code     0  startup.o(RESET)
    Quadrature2_Handler                      0x00000283   Thumb Code     0  startup.o(RESET)
    SSI0_Handler                             0x00000283   Thumb Code     0  startup.o(RESET)
    SSI1_Handler                             0x00000283   Thumb Code     0  startup.o(RESET)
    SSI2_Handler                             0x00000283   Thumb Code     0  startup.o(RESET)
    SSI3_Handler                             0x00000283   Thumb Code     0  startup.o(RESET)
    SysCtl_Handler                           0x00000283   Thumb Code     0  startup.o(RESET)
    Timer0A_Handler                          0x00000283   Thumb Code     0  startup.o(RESET)
    Timer0B_Handler                          0x00000283   Thumb Code     0  startup.o(RESET)
    Timer1A_Handler                          0x00000283   Thumb Code     0  startup.o(RESET)
    Timer1B_Handler                          0x00000283   Thumb Code     0  startup.o(RESET)
    Timer2A_Handler                          0x00000283   Thumb Code     0  startup.o(RESET)
    Timer2B_Handler                          0x00000283   Thumb Code     0  startup.o(RESET)
    Timer3A_Handler                          0x00000283   Thumb Code     0  startup.o(RESET)
    Timer3B_Handler                          0x00000283   Thumb Code     0  startup.o(RESET)
    Timer4B_Handler                          0x00000283   Thumb Code     0  startup.o(RESET)
    Timer5B_Handler                          0x00000283   Thumb Code     0  startup.o(RESET)
    UART0_Handler                            0x00000283   Thumb Code     0  startup.o(RESET)
    UART1_Handler                            0x00000283   Thumb Code     0  startup.o(RESET)
    UART2_Handler                            0x00000283   Thumb Code     0  startup.o(RESET)
    UART3_Handler                            0x00000283   Thumb Code     0  startup.o(RESET)
    UART4_Handler                            0x00000283   Thumb Code     0  startup.o(RESET)
    UART5_Handler                            0x00000283   Thumb Code     0  startup.o(RESET)
    UART6_Handler                            0x00000283   Thumb Code     0  startup.o(RESET)
    UART7_Handler                            0x00000283   Thumb Code     0  startup.o(RESET)
    USB0_Handler                             0x00000283   Thumb Code     0  startup.o(RESET)
    WDT_Handler                              0x00000283   Thumb Code     0  startup.o(RESET)
    WideTimer0A_Handler                      0x00000283   Thumb Code     0  startup.o(RESET)
    WideTimer0B_Handler                      0x00000283   Thumb Code     0  startup.o(RESET)
    WideTimer1A_Handler                      0x00000283   Thumb Code     0  startup.o(RESET)
    WideTimer1B_Handler                      0x00000283   Thumb Code     0  startup.o(RESET)
    WideTimer2A_Handler                      0x00000283   Thumb Code     0  startup.o(RESET)
    WideTimer2B_Handler                      0x00000283   Thumb Code     0  startup.o(RESET)
    WideTimer3A_Handler                      0x00000283   Thumb Code     0  startup.o(RESET)
    WideTimer3B_Handler                      0x00000283   Thumb Code     0  startup.o(RESET)
    WideTimer4A_Handler                      0x00000283   Thumb Code     0  startup.o(RESET)
    WideTimer4B_Handler                      0x00000283   Thumb Code     0  startup.o(RESET)
    WideTimer5A_Handler                      0x00000283   Thumb Code     0  startup.o(RESET)
    WideTimer5B_Handler                      0x00000283   Thumb Code     0  startup.o(RESET)
    uDMA_Error                               0x00000283   Thumb Code     0  startup.o(RESET)
    uDMA_Handler                             0x00000283   Thumb Code     0  startup.o(RESET)
    __main                                   0x00000285   Thumb Code     8  __main.o(!!!main)
    __scatterload                            0x0000028d   Thumb Code     0  __scatter.o(!!!scatter)
    __scatterload_rt2                        0x0000028d   Thumb Code    84  __scatter.o(!!!scatter)
    __scatterload_rt2_thumb_only             0x0000028d   Thumb Code     0  __scatter.o(!!!scatter)
    __scatterload_loop                       0x00000297   Thumb Code     0  __scatter.o(!!!scatter)
    __scatterload_copy                       0x000002e9   Thumb Code    26  __scatter_copy.o(!!handler_copy)
    __scatterload_null                       0x00000305   Thumb Code     2  __scatter.o(!!handler_null)
    __scatterload_zeroinit                   0x00000309   Thumb Code    28  __scatter_zi.o(!!handler_zi)
    __rt_lib_init                            0x00000325   Thumb Code     0  libinit.o(.ARM.Collect$$libinit$$00000000)
    __rt_lib_init_alloca_1                   0x00000327   Thumb Code     0  libinit2.o(.ARM.Collect$$libinit$$00000030)
    __rt_lib_init_argv_1                     0x00000327   Thumb Code     0  libinit2.o(.ARM.Collect$$libinit$$0000002E)
    __rt_lib_init_atexit_1                   0x00000327   Thumb Code     0  libinit2.o(.ARM.Collect$$libinit$$0000001D)
    __rt_lib_init_clock_1                    0x00000327   Thumb Code     0  libinit2.o(.ARM.Collect$$libinit$$00000023)
    __rt_lib_init_cpp_1                      0x00000327   Thumb Code     0  libinit2.o(.ARM.Collect$$libinit$$00000034)
    __rt_lib_init_exceptions_1               0x00000327   Thumb Code     0  libinit2.o(.ARM.Collect$$libinit$$00000032)
    __rt_lib_init_fp_1                       0x00000327   Thumb Code     0  libinit2.o(.ARM.Collect$$libinit$$00000002)
    __rt_lib_init_fp_trap_1                  0x00000327   Thumb Code     0  libinit2.o(.ARM.Collect$$libinit$$00000021)
    __rt_lib_init_getenv_1                   0x00000327   Thumb Code     0  libinit2.o(.ARM.Collect$$libinit$$00000025)
    __rt_lib_init_heap_1                     0x00000327   Thumb Code     0  libinit2.o(.ARM.Collect$$libinit$$0000000C)
    __rt_lib_init_lc_collate_1               0x00000327   Thumb Code     0  libinit2.o(.ARM.Collect$$libinit$$00000013)
    __rt_lib_init_lc_ctype_1                 0x00000327   Thumb Code     0  libinit2.o(.ARM.Collect$$libinit$$00000015)
    __rt_lib_init_lc_monetary_1              0x00000327   Thumb Code     0  libinit2.o(.ARM.Collect$$libinit$$00000017)
    __rt_lib_init_lc_numeric_1               0x00000327   Thumb Code     0  libinit2.o(.ARM.Collect$$libinit$$00000019)
    __rt_lib_init_lc_time_1                  0x00000327   Thumb Code     0  libinit2.o(.ARM.Collect$$libinit$$0000001B)
    __rt_lib_init_preinit_1                  0x00000327   Thumb Code     0  libinit2.o(.ARM.Collect$$libinit$$00000006)
    __rt_lib_init_rand_1                     0x00000327   Thumb Code     0  libinit2.o(.ARM.Collect$$libinit$$00000010)
    __rt_lib_init_relocate_pie_1             0x00000327   Thumb Code     0  libinit2.o(.ARM.Collect$$libinit$$00000004)
    __rt_lib_init_return                     0x00000327   Thumb Code     0  libinit2.o(.ARM.Collect$$libinit$$00000035)
    __rt_lib_init_signal_1                   0x00000327   Thumb Code     0  libinit2.o(.ARM.Collect$$libinit$$0000001F)
    __rt_lib_init_stdio_1                    0x00000327   Thumb Code     0  libinit2.o(.ARM.Collect$$libinit$$00000027)
    __rt_lib_init_user_alloc_1               0x00000327   Thumb Code     0  libinit2.o(.ARM.Collect$$libinit$$0000000E)
    __rt_lib_shutdown                        0x00000329   Thumb Code     0  libshutdown.o(.ARM.Collect$$libshutdown$$00000000)
    __rt_lib_shutdown_cpp_1                  0x0000032b   Thumb Code     0  libshutdown2.o(.ARM.Collect$$libshutdown$$00000002)
    __rt_lib_shutdown_fp_trap_1              0x0000032b   Thumb Code     0  libshutdown2.o(.ARM.Collect$$libshutdown$$00000007)
    __rt_lib_shutdown_heap_1                 0x0000032b   Thumb Code     0  libshutdown2.o(.ARM.Collect$$libshutdown$$0000000F)
    __rt_lib_shutdown_return                 0x0000032b   Thumb Code     0  libshutdown2.o(.ARM.Collect$$libshutdown$$00000010)
    __rt_lib_shutdown_signal_1               0x0000032b   Thumb Code     0  libshutdown2.o(.ARM.Collect$$libshutdown$$0000000A)
    __rt_lib_shutdown_stdio_1                0x0000032b   Thumb Code     0  libshutdown2.o(.ARM.Collect$$libshutdown$$00000004)
    __rt_lib_shutdown_user_alloc_1           0x0000032b   Thumb Code     0  libshutdown2.o(.ARM.Collect$$libshutdown$$0000000C)
    __rt_entry                               0x0000032d   Thumb Code     0  __rtentry.o(.ARM.Collect$$rtentry$$00000000)
    __rt_entry_presh_1                       0x0000032d   Thumb Code     0  __rtentry2.o(.ARM.Collect$$rtentry$$00000002)
    __rt_entry_sh                            0x0000032d   Thumb Code     0  __rtentry4.o(.ARM.Collect$$rtentry$$00000004)
    __rt_entry_li                            0x00000333   Thumb Code     0  __rtentry2.o(.ARM.Collect$$rtentry$$0000000A)
    __rt_entry_postsh_1                      0x00000333   Thumb Code     0  __rtentry2.o(.ARM.Collect$$rtentry$$00000009)
    __rt_entry_main                          0x00000337   Thumb Code     0  __rtentry2.o(.ARM.Collect$$rtentry$$0000000D)
    __rt_entry_postli_1                      0x00000337   Thumb Code     0  __rtentry2.o(.ARM.Collect$$rtentry$$0000000C)
    __rt_exit                                0x0000033f   Thumb Code     0  rtexit.o(.ARM.Collect$$rtexit$$00000000)
    __rt_exit_ls                             0x00000341   Thumb Code     0  rtexit2.o(.ARM.Collect$$rtexit$$00000003)
    __rt_exit_prels_1                        0x00000341   Thumb Code     0  rtexit2.o(.ARM.Collect$$rtexit$$00000002)
    __rt_exit_exit                           0x00000345   Thumb Code     0  rtexit2.o(.ARM.Collect$$rtexit$$00000004)
    DisableInterrupts                        0x0000034d   Thumb Code     0  startup.o(.text)
    EnableInterrupts                         0x00000351   Thumb Code     0  startup.o(.text)
    StartCritical                            0x00000355   Thumb Code     0  startup.o(.text)
    EndCritical                              0x0000035d   Thumb Code     0  startup.o(.text)
    WaitForInterrupt                         0x00000363   Thumb Code     0  startup.o(.text)
    __user_initial_stackheap                 0x00000367   Thumb Code     0  startup.o(.text)
    __use_two_region_memory                  0x0000037d   Thumb Code     2  heapauxi.o(.text)
    __rt_heap_escrow$2region                 0x0000037f   Thumb Code     2  heapauxi.o(.text)
    __rt_heap_expand$2region                 0x00000381   Thumb Code     2  heapauxi.o(.text)
    __read_errno                             0x00000383   Thumb Code    10  _rserrno.o(.text)
    __set_errno                              0x0000038d   Thumb Code    12  _rserrno.o(.text)
    __aeabi_errno_addr                       0x00000399   Thumb Code     8  rt_errno_addr_intlibspace.o(.text)
    __errno$intlibspace                      0x00000399   Thumb Code     0  rt_errno_addr_intlibspace.o(.text)
    __rt_errno_addr$intlibspace              0x00000399   Thumb Code     0  rt_errno_addr_intlibspace.o(.text)
    __user_libspace                          0x000003a1   Thumb Code     8  libspace.o(.text)
    __user_perproc_libspace                  0x000003a1   Thumb Code     0  libspace.o(.text)
    __user_perthread_libspace                0x000003a1   Thumb Code     0  libspace.o(.text)
    __user_setup_stackheap                   0x000003a9   Thumb Code    74  sys_stackheap_outer.o(.text)
    exit                                     0x000003f3   Thumb Code    18  exit.o(.text)
    _sys_exit                                0x00000405   Thumb Code     8  sys_exit.o(.text)
    __I$use$semihosting                      0x00000411   Thumb Code     0  use_no_semi.o(.text)
    __use_no_semihosting_swi                 0x00000411   Thumb Code     2  use_no_semi.o(.text)
    __semihosting_library_function           0x00000413   Thumb Code     0  indicate_semi.o(.text)
    ADC0_In                                  0x00000415   Thumb Code    78  adc.o(.text.ADC0_In)
    ADC0_Init                                0x00000465   Thumb Code   112  adc.o(.text.ADC0_Init)
    Delay1ms                                 0x000004d5   Thumb Code    46  spaceinvadersgame.o(.text.Delay1ms)
    Draw                                     0x00000505   Thumb Code   312  spaceinvadersgame.o(.text.Draw)
    Enemy_Init                               0x0000063d   Thumb Code   136  spaceinvadersgame.o(.text.Enemy_Init)
    GPIOPortE_Handler                        0x000006c5   Thumb Code    90  spaceinvadersgame.o(.text.GPIOPortE_Handler)
    Move                                     0x00000721   Thumb Code   500  spaceinvadersgame.o(.text.Move)
    Nokia5110_ClearBuffer                    0x00000915   Thumb Code    46  nokia5110.o(.text.Nokia5110_ClearBuffer)
    Nokia5110_DisplayBuffer                  0x00000945   Thumb Code    16  nokia5110.o(.text.Nokia5110_DisplayBuffer)
    Nokia5110_DrawFullImage                  0x00000955   Thumb Code    58  nokia5110.o(.text.Nokia5110_DrawFullImage)
    Nokia5110_Init                           0x00000991   Thumb Code   354  nokia5110.o(.text.Nokia5110_Init)
    Nokia5110_PrintBMP                       0x00000af5   Thumb Code   518  nokia5110.o(.text.Nokia5110_PrintBMP)
    Nokia5110_SetCursor                      0x00000cfd   Thumb Code    78  nokia5110.o(.text.Nokia5110_SetCursor)
    Normal_Attack                            0x00000d4d   Thumb Code    88  spaceinvadersgame.o(.text.Normal_Attack)
    Normal_Attack_update                     0x00000da5   Thumb Code   482  spaceinvadersgame.o(.text.Normal_Attack_update)
    PORTE_Init                               0x00000f89   Thumb Code   228  spaceinvadersgame.o(.text.PORTE_Init)
    Randomize                                0x0000106d   Thumb Code   160  spaceinvadersgame.o(.text.Randomize)
    SpaceShip_Init                           0x0000110d   Thumb Code    36  spaceinvadersgame.o(.text.SpaceShip_Init)
    Special_Attack                           0x00001131   Thumb Code     2  spaceinvadersgame.o(.text.Special_Attack)
    SysTick_Handler                          0x00001135   Thumb Code    14  spaceinvadersgame.o(.text.SysTick_Handler)
    SysTick_Init                             0x00001145   Thumb Code    66  spaceinvadersgame.o(.text.SysTick_Init)
    main                                     0x00001219   Thumb Code   248  spaceinvadersgame.o(.text.main)
    ADC1_In                                  0x00001311   Thumb Code     6  texas.o(i.ADC1_In)
    ADC1_Init                                0x0000131d   Thumb Code   174  texas.o(i.ADC1_Init)
    Encrypt                                  0x000013f1   Thumb Code    92  texas.o(i.Encrypt)
    PLL_Init                                 0x0000145d   Thumb Code   118  texas.o(i.PLL_Init)
    SetCode                                  0x000014d9   Thumb Code    20  texas.o(i.SetCode)
    SetCourse                                0x000014f1   Thumb Code    20  texas.o(i.SetCourse)
    SetGrade                                 0x00001509   Thumb Code   196  texas.o(i.SetGrade)
    TExaS_Init                               0x000015d5   Thumb Code   480  texas.o(i.TExaS_Init)
    Timer4A_Handler                          0x00001865   Thumb Code    20  texas.o(i.Timer4A_Handler)
    Timer5A_Handler                          0x00001885   Thumb Code  2132  texas.o(i.Timer5A_Handler)
    UART0_Init                               0x00002105   Thumb Code   160  texas.o(i.UART0_Init)
    __ARM_fpclassify                         0x000021c5   Thumb Code    40  fpclassify.o(i.__ARM_fpclassify)
    __kernel_poly                            0x000021ed   Thumb Code   170  poly.o(i.__kernel_poly)
    __mathlib_dbl_divzero                    0x00002299   Thumb Code    12  dunder.o(i.__mathlib_dbl_divzero)
    __mathlib_dbl_infnan2                    0x000022a9   Thumb Code     4  dunder.o(i.__mathlib_dbl_infnan2)
    __mathlib_dbl_invalid                    0x000022ad   Thumb Code    12  dunder.o(i.__mathlib_dbl_invalid)
    __mathlib_dbl_overflow                   0x000022b9   Thumb Code    14  dunder.o(i.__mathlib_dbl_overflow)
    __mathlib_dbl_underflow                  0x000022c9   Thumb Code    10  dunder.o(i.__mathlib_dbl_underflow)
    checkADCconfiguration                    0x000022d9   Thumb Code   150  texas.o(i.checkADCconfiguration)
    checkDisplayconfiguration                0x00002381   Thumb Code   636  texas.o(i.checkDisplayconfiguration)
    checkLinearity                           0x00002629   Thumb Code   416  texas.o(i.checkLinearity)
    pow                                      0x000027cd   Thumb Code  2532  pow.o(i.pow)
    round                                    0x000031b9   Thumb Code   136  round.o(i.round)
    sqrt                                     0x0000324d   Thumb Code    76  sqrt.o(i.sqrt)
    __aeabi_dadd                             0x00003299   Thumb Code     0  daddsub_clz.o(x$fpl$dadd)
    _dadd                                    0x00003299   Thumb Code   332  daddsub_clz.o(x$fpl$dadd)
    __fpl_dcheck_NaN1                        0x000033e9   Thumb Code    10  dcheck1.o(x$fpl$dcheck1)
    __fpl_dcmp_Inf                           0x000033f9   Thumb Code    24  dcmpi.o(x$fpl$dcmpinf)
    __aeabi_ddiv                             0x00003411   Thumb Code     0  ddiv.o(x$fpl$ddiv)
    _ddiv                                    0x00003411   Thumb Code   556  ddiv.o(x$fpl$ddiv)
    __aeabi_d2uiz                            0x000036c5   Thumb Code     0  dfixu.o(x$fpl$dfixu)
    _dfixu                                   0x000036c5   Thumb Code    90  dfixu.o(x$fpl$dfixu)
    __aeabi_i2d                              0x0000371f   Thumb Code     0  dflt_clz.o(x$fpl$dflt)
    _dflt                                    0x0000371f   Thumb Code    46  dflt_clz.o(x$fpl$dflt)
    __aeabi_ui2d                             0x0000374d   Thumb Code     0  dflt_clz.o(x$fpl$dfltu)
    _dfltu                                   0x0000374d   Thumb Code    38  dflt_clz.o(x$fpl$dfltu)
    __aeabi_cdcmple                          0x00003775   Thumb Code     0  dleqf.o(x$fpl$dleqf)
    _dcmple                                  0x00003775   Thumb Code   120  dleqf.o(x$fpl$dleqf)
    __fpl_dcmple_InfNaN                      0x000037d7   Thumb Code     0  dleqf.o(x$fpl$dleqf)
    __aeabi_dmul                             0x000037ed   Thumb Code     0  dmul.o(x$fpl$dmul)
    _dmul                                    0x000037ed   Thumb Code   332  dmul.o(x$fpl$dmul)
    __fpl_dnaninf                            0x00003941   Thumb Code   156  dnaninf.o(x$fpl$dnaninf)
    __fpl_dretinf                            0x000039dd   Thumb Code    12  dretinf.o(x$fpl$dretinf)
    __aeabi_cdrcmple                         0x000039e9   Thumb Code     0  drleqf.o(x$fpl$drleqf)
    _drcmple                                 0x000039e9   Thumb Code   108  drleqf.o(x$fpl$drleqf)
    _drnd                                    0x00003a55   Thumb Code   180  drnd.o(x$fpl$drnd)
    __aeabi_drsub                            0x00003b09   Thumb Code     0  daddsub_clz.o(x$fpl$drsb)
    _drsb                                    0x00003b09   Thumb Code    22  daddsub_clz.o(x$fpl$drsb)
    _dsqrt                                   0x00003b21   Thumb Code   404  dsqrt_umaal.o(x$fpl$dsqrt)
    __aeabi_dsub                             0x00003cb9   Thumb Code     0  daddsub_clz.o(x$fpl$dsub)
    _dsub                                    0x00003cb9   Thumb Code   472  daddsub_clz.o(x$fpl$dsub)
    __aeabi_f2d                              0x00003e95   Thumb Code     0  f2d.o(x$fpl$f2d)
    _f2d                                     0x00003e95   Thumb Code    86  f2d.o(x$fpl$f2d)
    __aeabi_fadd                             0x00003eed   Thumb Code     0  faddsub_clz.o(x$fpl$fadd)
    _fadd                                    0x00003eed   Thumb Code   196  faddsub_clz.o(x$fpl$fadd)
    __aeabi_fdiv                             0x00003fb1   Thumb Code     0  fdiv.o(x$fpl$fdiv)
    _fdiv                                    0x00003fb1   Thumb Code   384  fdiv.o(x$fpl$fdiv)
    __aeabi_ui2f                             0x00004135   Thumb Code     0  fflt_clz.o(x$fpl$ffltu)
    _ffltu                                   0x00004135   Thumb Code    38  fflt_clz.o(x$fpl$ffltu)
    __aeabi_fmul                             0x0000415d   Thumb Code     0  fmul.o(x$fpl$fmul)
    _fmul                                    0x0000415d   Thumb Code   258  fmul.o(x$fpl$fmul)
    __fpl_fnaninf                            0x0000425f   Thumb Code   140  fnaninf.o(x$fpl$fnaninf)
    __fpl_fretinf                            0x000042eb   Thumb Code    10  fretinf.o(x$fpl$fretinf)
    __aeabi_fsub                             0x000042f5   Thumb Code     0  faddsub_clz.o(x$fpl$fsub)
    _fsub                                    0x000042f5   Thumb Code   234  faddsub_clz.o(x$fpl$fsub)
    __fpl_return_NaN                         0x000043df   Thumb Code   100  retnan.o(x$fpl$retnan)
    __ARM_scalbn                             0x00004443   Thumb Code    92  scalbn.o(x$fpl$scalbn)
    __fpl_cmpreturn                          0x0000449f   Thumb Code    48  trapv.o(x$fpl$trapveneer)
    __I$use$fp                               0x000044ce   Number         0  usenofp.o(x$fpl$usenofp)
    Port                                     0x000044d0   Data          24  texas.o(.constdata)
    InputPortMsgE2                           0x000044e8   Data          40  texas.o(.constdata)
    InputPortMsgE3                           0x00004510   Data          40  texas.o(.constdata)
    InputPortMsgE5                           0x00004538   Data          40  texas.o(.constdata)
    OutputPortMsg0                           0x00004560   Data          40  texas.o(.constdata)
    OutputPortMsg1                           0x00004588   Data          40  texas.o(.constdata)
    OutputPortMsg2                           0x000045b0   Data          40  texas.o(.constdata)
    OutputPortMsg3                           0x000045d8   Data          40  texas.o(.constdata)
    BlankMsg                                 0x00004600   Data          40  texas.o(.constdata)
    InitializedMsg                           0x00004628   Data          40  texas.o(.constdata)
    IntroMsg                                 0x00004650   Data          40  texas.o(.constdata)
    DoneMsg                                  0x00004678   Data          40  texas.o(.constdata)
    TestMsg                                  0x000046a0   Data          40  texas.o(.constdata)
    LabTest                                  0x000046c8   Data        5428  texas.o(.constdata)
    BgTest                                   0x00005bfc   Data         160  texas.o(.constdata)
    ADCconfigSuccessMsg                      0x00005c9c   Data          25  texas.o(.constdata)
    ADCconfigErrorMsg                        0x00005cb5   Data          29  texas.o(.constdata)
    ADCconfigNotUsingS3Msg                   0x00005cd2   Data          34  texas.o(.constdata)
    ADCconfigBadTriggerMsg                   0x00005cf4   Data          35  texas.o(.constdata)
    ADCconfigBadChannelMsg                   0x00005d17   Data          35  texas.o(.constdata)
    ADCconfigTemperatureMsg                  0x00005d3a   Data          35  texas.o(.constdata)
    ADCconfigSIENotUsedMsg                   0x00005d5d   Data          33  texas.o(.constdata)
    ADCconfigEndNotUsedMsg                   0x00005d7e   Data          33  texas.o(.constdata)
    ADCconfigDifferentialMsg                 0x00005d9f   Data          36  texas.o(.constdata)
    DisplaySuccessMsg                        0x00005dc3   Data          32  texas.o(.constdata)
    DisplayErrorMsg                          0x00005de3   Data          35  texas.o(.constdata)
    DisplayClockOffMsg                       0x00005e06   Data          34  texas.o(.constdata)
    DisplayUART0WrongMsg                     0x00005e28   Data          33  texas.o(.constdata)
    DisplayPortAWrongMsg                     0x00005e49   Data          33  texas.o(.constdata)
    DisplaySSI0WrongMsg                      0x00005e6a   Data          32  texas.o(.constdata)
    Linearity90Msg                           0x00005e8a   Data          35  texas.o(.constdata)
    LinearityErrorMsg                        0x00005ead   Data          30  texas.o(.constdata)
    LinearityOutMsg                          0x00005ecb   Data         330  texas.o(.constdata)
    Key                                      0x00006015   Data           8  texas.o(.constdata)
    Scramble                                 0x00006020   Data          32  texas.o(.constdata)
    DeScramble                               0x00006040   Data          32  texas.o(.constdata)
    __mathlib_zero                           0x000060e8   Data           8  qnan.o(.constdata)
    Enemy1                                   0x000060f0   Data         151  spaceinvadersgame.o(.rodata.Enemy1)
    Enemy2                                   0x00006187   Data         151  spaceinvadersgame.o(.rodata.Enemy2)
    Explosion_1                              0x0000621e   Data         151  spaceinvadersgame.o(.rodata.Explosion_1)
    Laser_Normal                             0x000062b5   Data         147  spaceinvadersgame.o(.rodata.Laser_Normal)
    SpaceShip                                0x00006348   Data         239  spaceinvadersgame.o(.rodata.SpaceShip)
    image                                    0x00006437   Data        2231  spaceinvadersgame.o(.rodata.image)
    Region$$Table$$Base                      0x00006cf0   Number         0  anon$$obj.o(Region$$Table)
    Region$$Table$$Limit                     0x00006d10   Number         0  anon$$obj.o(Region$$Table)
    InPort                                   0x20000000   Data           4  texas.o(.data)
    OutPort                                  0x20000004   Data           4  texas.o(.data)
    BgTestStatus                             0x20000008   Data           1  texas.o(.data)
    TExaS_Period                             0x2000000c   Data           4  texas.o(.data)
    TExaS_Ports                              0x2000003c   Data           8  texas.o(.data)
    Display                                  0x20000044   Data           1  texas.o(.data)
    TExaS_Meter                              0x20000048   Data           4  texas.o(.data)
    ADCnum                                   0x2000004c   Data           4  texas.o(.data)
    LastMode                                 0x20000050   Data           4  texas.o(.data)
    bFlag                                    0x20000054   Data           4  texas.o(.data)
    Count                                    0x20000058   Data           4  texas.o(.data)
    DelayBetweenTests                        0x2000005c   Data           4  texas.o(.data)
    TExaS_Test                               0x20000060   Data           4  texas.o(.data)
    ScopeMode                                0x20000064   Data           4  texas.o(.data)
    ScopeCount                               0x20000068   Data           4  texas.o(.data)
    r2                                       0x2000006c   Data           4  texas.o(.data)
    count                                    0x20000070   Data           4  spaceinvadersgame.o(.data.count)
    vertical_array                           0x20000074   Data          16  spaceinvadersgame.o(.data.vertical_array)
    x                                        0x20000084   Data           4  spaceinvadersgame.o(.data.x)
    TExaS                                    0x20000088   Data          56  texas.o(.bss)
    TExaS_ADC                                0x200000c0   Data         512  texas.o(.bss)
    MagicCode                                0x200002c0   Data          10  texas.o(.bss)
    EncriptedMagicCode                       0x200002ca   Data          10  texas.o(.bss)
    StudentID                                0x200002d4   Data          40  texas.o(.bss)
    __libspace_start                         0x200002fc   Data          96  libspace.o(.bss)
    Attack_Flag                              0x2000035c   Data           4  spaceinvadersgame.o(.bss.Attack_Flag)
    __temporary_stack_top$libspace           0x2000035c   Data           0  libspace.o(.bss)
    Distance                                 0x20000360   Data           4  spaceinvadersgame.o(.bss.Distance)
    Enemy                                    0x20000364   Data         100  spaceinvadersgame.o(.bss.Enemy)
    Explosion_Flag                           0x200003c8   Data           4  spaceinvadersgame.o(.bss.Explosion_Flag)
    Explosion_x                              0x200003cc   Data           4  spaceinvadersgame.o(.bss.Explosion_x)
    Explosion_y                              0x200003d0   Data           4  spaceinvadersgame.o(.bss.Explosion_y)
    Flag                                     0x200003d4   Data           4  spaceinvadersgame.o(.bss.Flag)
    FrameCount                               0x200003d8   Data           4  spaceinvadersgame.o(.bss.FrameCount)
    Laser                                    0x200003dc   Data        2000  spaceinvadersgame.o(.bss.Laser)
    Laser_number                             0x20000bac   Data           4  spaceinvadersgame.o(.bss.Laser_number)
    Screen                                   0x20000bb0   Data         504  nokia5110.o(.bss.Screen)
    j                                        0x20000da8   Data           4  spaceinvadersgame.o(.bss.j)
    player                                   0x20000dac   Data          20  spaceinvadersgame.o(.bss.player)



==============================================================================

Memory Map of the image

  Image Entry point : 0x0000026d

  Load Region LR_1 (Base: 0x00000000, Size: 0x00006d98, Max: 0xffffffff, ABSOLUTE)

    Execution Region ER_RO (Exec base: 0x00000000, Load base: 0x00000000, Size: 0x00006d10, Max: 0xffffffff, ABSOLUTE)

    Exec Addr    Load Addr    Size         Type   Attr      Idx    E Section Name        Object

    0x00000000   0x00000000   0x00000284   Code   RO            3  * RESET               startup.o
    0x00000284   0x00000284   0x00000008   Code   RO          296  * !!!main             c_w.l(__main.o)
    0x0000028c   0x0000028c   0x0000005c   Code   RO          567    !!!scatter          c_w.l(__scatter.o)
    0x000002e8   0x000002e8   0x0000001a   Code   RO          571    !!handler_copy      c_w.l(__scatter_copy.o)
    0x00000302   0x00000302   0x00000002   PAD
    0x00000304   0x00000304   0x00000002   Code   RO          568    !!handler_null      c_w.l(__scatter.o)
    0x00000306   0x00000306   0x00000002   PAD
    0x00000308   0x00000308   0x0000001c   Code   RO          573    !!handler_zi        c_w.l(__scatter_zi.o)
    0x00000324   0x00000324   0x00000002   Code   RO          428    .ARM.Collect$$libinit$$00000000  c_w.l(libinit.o)
    0x00000326   0x00000326   0x00000000   Code   RO          434    .ARM.Collect$$libinit$$00000002  c_w.l(libinit2.o)
    0x00000326   0x00000326   0x00000000   Code   RO          436    .ARM.Collect$$libinit$$00000004  c_w.l(libinit2.o)
    0x00000326   0x00000326   0x00000000   Code   RO          438    .ARM.Collect$$libinit$$00000006  c_w.l(libinit2.o)
    0x00000326   0x00000326   0x00000000   Code   RO          441    .ARM.Collect$$libinit$$0000000C  c_w.l(libinit2.o)
    0x00000326   0x00000326   0x00000000   Code   RO          443    .ARM.Collect$$libinit$$0000000E  c_w.l(libinit2.o)
    0x00000326   0x00000326   0x00000000   Code   RO          445    .ARM.Collect$$libinit$$00000010  c_w.l(libinit2.o)
    0x00000326   0x00000326   0x00000000   Code   RO          448    .ARM.Collect$$libinit$$00000013  c_w.l(libinit2.o)
    0x00000326   0x00000326   0x00000000   Code   RO          450    .ARM.Collect$$libinit$$00000015  c_w.l(libinit2.o)
    0x00000326   0x00000326   0x00000000   Code   RO          452    .ARM.Collect$$libinit$$00000017  c_w.l(libinit2.o)
    0x00000326   0x00000326   0x00000000   Code   RO          454    .ARM.Collect$$libinit$$00000019  c_w.l(libinit2.o)
    0x00000326   0x00000326   0x00000000   Code   RO          456    .ARM.Collect$$libinit$$0000001B  c_w.l(libinit2.o)
    0x00000326   0x00000326   0x00000000   Code   RO          458    .ARM.Collect$$libinit$$0000001D  c_w.l(libinit2.o)
    0x00000326   0x00000326   0x00000000   Code   RO          460    .ARM.Collect$$libinit$$0000001F  c_w.l(libinit2.o)
    0x00000326   0x00000326   0x00000000   Code   RO          462    .ARM.Collect$$libinit$$00000021  c_w.l(libinit2.o)
    0x00000326   0x00000326   0x00000000   Code   RO          464    .ARM.Collect$$libinit$$00000023  c_w.l(libinit2.o)
    0x00000326   0x00000326   0x00000000   Code   RO          466    .ARM.Collect$$libinit$$00000025  c_w.l(libinit2.o)
    0x00000326   0x00000326   0x00000000   Code   RO          468    .ARM.Collect$$libinit$$00000027  c_w.l(libinit2.o)
    0x00000326   0x00000326   0x00000000   Code   RO          472    .ARM.Collect$$libinit$$0000002E  c_w.l(libinit2.o)
    0x00000326   0x00000326   0x00000000   Code   RO          474    .ARM.Collect$$libinit$$00000030  c_w.l(libinit2.o)
    0x00000326   0x00000326   0x00000000   Code   RO          476    .ARM.Collect$$libinit$$00000032  c_w.l(libinit2.o)
    0x00000326   0x00000326   0x00000000   Code   RO          478    .ARM.Collect$$libinit$$00000034  c_w.l(libinit2.o)
    0x00000326   0x00000326   0x00000002   Code   RO          479    .ARM.Collect$$libinit$$00000035  c_w.l(libinit2.o)
    0x00000328   0x00000328   0x00000002   Code   RO          503    .ARM.Collect$$libshutdown$$00000000  c_w.l(libshutdown.o)
    0x0000032a   0x0000032a   0x00000000   Code   RO          518    .ARM.Collect$$libshutdown$$00000002  c_w.l(libshutdown2.o)
    0x0000032a   0x0000032a   0x00000000   Code   RO          520    .ARM.Collect$$libshutdown$$00000004  c_w.l(libshutdown2.o)
    0x0000032a   0x0000032a   0x00000000   Code   RO          523    .ARM.Collect$$libshutdown$$00000007  c_w.l(libshutdown2.o)
    0x0000032a   0x0000032a   0x00000000   Code   RO          526    .ARM.Collect$$libshutdown$$0000000A  c_w.l(libshutdown2.o)
    0x0000032a   0x0000032a   0x00000000   Code   RO          528    .ARM.Collect$$libshutdown$$0000000C  c_w.l(libshutdown2.o)
    0x0000032a   0x0000032a   0x00000000   Code   RO          531    .ARM.Collect$$libshutdown$$0000000F  c_w.l(libshutdown2.o)
    0x0000032a   0x0000032a   0x00000002   Code   RO          532    .ARM.Collect$$libshutdown$$00000010  c_w.l(libshutdown2.o)
    0x0000032c   0x0000032c   0x00000000   Code   RO          341    .ARM.Collect$$rtentry$$00000000  c_w.l(__rtentry.o)
    0x0000032c   0x0000032c   0x00000000   Code   RO          391    .ARM.Collect$$rtentry$$00000002  c_w.l(__rtentry2.o)
    0x0000032c   0x0000032c   0x00000006   Code   RO          403    .ARM.Collect$$rtentry$$00000004  c_w.l(__rtentry4.o)
    0x00000332   0x00000332   0x00000000   Code   RO          393    .ARM.Collect$$rtentry$$00000009  c_w.l(__rtentry2.o)
    0x00000332   0x00000332   0x00000004   Code   RO          394    .ARM.Collect$$rtentry$$0000000A  c_w.l(__rtentry2.o)
    0x00000336   0x00000336   0x00000000   Code   RO          396    .ARM.Collect$$rtentry$$0000000C  c_w.l(__rtentry2.o)
    0x00000336   0x00000336   0x00000008   Code   RO          397    .ARM.Collect$$rtentry$$0000000D  c_w.l(__rtentry2.o)
    0x0000033e   0x0000033e   0x00000002   Code   RO          431    .ARM.Collect$$rtexit$$00000000  c_w.l(rtexit.o)
    0x00000340   0x00000340   0x00000000   Code   RO          483    .ARM.Collect$$rtexit$$00000002  c_w.l(rtexit2.o)
    0x00000340   0x00000340   0x00000004   Code   RO          484    .ARM.Collect$$rtexit$$00000003  c_w.l(rtexit2.o)
    0x00000344   0x00000344   0x00000006   Code   RO          485    .ARM.Collect$$rtexit$$00000004  c_w.l(rtexit2.o)
    0x0000034a   0x0000034a   0x00000002   PAD
    0x0000034c   0x0000034c   0x00000030   Code   RO            4    .text               startup.o
    0x0000037c   0x0000037c   0x00000006   Code   RO          294    .text               c_w.l(heapauxi.o)
    0x00000382   0x00000382   0x00000016   Code   RO          342    .text               c_w.l(_rserrno.o)
    0x00000398   0x00000398   0x00000008   Code   RO          408    .text               c_w.l(rt_errno_addr_intlibspace.o)
    0x000003a0   0x000003a0   0x00000008   Code   RO          416    .text               c_w.l(libspace.o)
    0x000003a8   0x000003a8   0x0000004a   Code   RO          419    .text               c_w.l(sys_stackheap_outer.o)
    0x000003f2   0x000003f2   0x00000012   Code   RO          421    .text               c_w.l(exit.o)
    0x00000404   0x00000404   0x0000000c   Code   RO          493    .text               c_w.l(sys_exit.o)
    0x00000410   0x00000410   0x00000002   Code   RO          508    .text               c_w.l(use_no_semi.o)
    0x00000412   0x00000412   0x00000000   Code   RO          510    .text               c_w.l(indicate_semi.o)
    0x00000412   0x00000412   0x00000002   PAD
    0x00000414   0x00000414   0x0000004e   Code   RO          120    .text.ADC0_In       adc.o
    0x00000462   0x00000462   0x00000002   PAD
    0x00000464   0x00000464   0x00000070   Code   RO          118    .text.ADC0_Init     adc.o
    0x000004d4   0x000004d4   0x0000002e   Code   RO           21    .text.Delay1ms      spaceinvadersgame.o
    0x00000502   0x00000502   0x00000002   PAD
    0x00000504   0x00000504   0x00000138   Code   RO           29    .text.Draw          spaceinvadersgame.o
    0x0000063c   0x0000063c   0x00000088   Code   RO           23    .text.Enemy_Init    spaceinvadersgame.o
    0x000006c4   0x000006c4   0x0000005a   Code   RO           19    .text.GPIOPortE_Handler  spaceinvadersgame.o
    0x0000071e   0x0000071e   0x00000002   PAD
    0x00000720   0x00000720   0x000001f4   Code   RO           27    .text.Move          spaceinvadersgame.o
    0x00000914   0x00000914   0x0000002e   Code   RO          100    .text.Nokia5110_ClearBuffer  nokia5110.o
    0x00000942   0x00000942   0x00000002   PAD
    0x00000944   0x00000944   0x00000010   Code   RO          106    .text.Nokia5110_DisplayBuffer  nokia5110.o
    0x00000954   0x00000954   0x0000003a   Code   RO           96    .text.Nokia5110_DrawFullImage  nokia5110.o
    0x0000098e   0x0000098e   0x00000002   PAD
    0x00000990   0x00000990   0x00000162   Code   RO           82    .text.Nokia5110_Init  nokia5110.o
    0x00000af2   0x00000af2   0x00000002   PAD
    0x00000af4   0x00000af4   0x00000206   Code   RO           98    .text.Nokia5110_PrintBMP  nokia5110.o
    0x00000cfa   0x00000cfa   0x00000002   PAD
    0x00000cfc   0x00000cfc   0x0000004e   Code   RO           92    .text.Nokia5110_SetCursor  nokia5110.o
    0x00000d4a   0x00000d4a   0x00000002   PAD
    0x00000d4c   0x00000d4c   0x00000058   Code   RO           33    .text.Normal_Attack  spaceinvadersgame.o
    0x00000da4   0x00000da4   0x000001e2   Code   RO           35    .text.Normal_Attack_update  spaceinvadersgame.o
    0x00000f86   0x00000f86   0x00000002   PAD
    0x00000f88   0x00000f88   0x000000e4   Code   RO           17    .text.PORTE_Init    spaceinvadersgame.o
    0x0000106c   0x0000106c   0x000000a0   Code   RO           31    .text.Randomize     spaceinvadersgame.o
    0x0000110c   0x0000110c   0x00000024   Code   RO           25    .text.SpaceShip_Init  spaceinvadersgame.o
    0x00001130   0x00001130   0x00000002   Code   RO           37    .text.Special_Attack  spaceinvadersgame.o
    0x00001132   0x00001132   0x00000002   PAD
    0x00001134   0x00001134   0x0000000e   Code   RO           15    .text.SysTick_Handler  spaceinvadersgame.o
    0x00001142   0x00001142   0x00000002   PAD
    0x00001144   0x00001144   0x00000042   Code   RO           13    .text.SysTick_Init  spaceinvadersgame.o
    0x00001186   0x00001186   0x00000002   PAD
    0x00001188   0x00001188   0x00000090   Code   RO           84    .text.lcdwrite      nokia5110.o
    0x00001218   0x00001218   0x000000f8   Code   RO           39    .text.main          spaceinvadersgame.o
    0x00001310   0x00001310   0x0000000c   Code   RO          128    i.ADC1_In           texas.o
    0x0000131c   0x0000131c   0x000000d4   Code   RO          129    i.ADC1_Init         texas.o
    0x000013f0   0x000013f0   0x0000006c   Code   RO          131    i.Encrypt           texas.o
    0x0000145c   0x0000145c   0x0000007c   Code   RO          132    i.PLL_Init          texas.o
    0x000014d8   0x000014d8   0x00000018   Code   RO          134    i.SetCode           texas.o
    0x000014f0   0x000014f0   0x00000018   Code   RO          135    i.SetCourse         texas.o
    0x00001508   0x00001508   0x000000cc   Code   RO          136    i.SetGrade          texas.o
    0x000015d4   0x000015d4   0x00000290   Code   RO          140    i.TExaS_Init        texas.o
    0x00001864   0x00001864   0x00000020   Code   RO          142    i.Timer4A_Handler   texas.o
    0x00001884   0x00001884   0x00000880   Code   RO          143    i.Timer5A_Handler   texas.o
    0x00002104   0x00002104   0x000000c0   Code   RO          146    i.UART0_Init        texas.o
    0x000021c4   0x000021c4   0x00000028   Code   RO          381    i.__ARM_fpclassify  m_ws.l(fpclassify.o)
    0x000021ec   0x000021ec   0x000000aa   Code   RO          383    i.__kernel_poly     m_ws.l(poly.o)
    0x00002296   0x00002296   0x00000002   PAD
    0x00002298   0x00002298   0x00000010   Code   RO          367    i.__mathlib_dbl_divzero  m_ws.l(dunder.o)
    0x000022a8   0x000022a8   0x00000004   Code   RO          369    i.__mathlib_dbl_infnan2  m_ws.l(dunder.o)
    0x000022ac   0x000022ac   0x0000000c   Code   RO          370    i.__mathlib_dbl_invalid  m_ws.l(dunder.o)
    0x000022b8   0x000022b8   0x0000000e   Code   RO          371    i.__mathlib_dbl_overflow  m_ws.l(dunder.o)
    0x000022c6   0x000022c6   0x00000002   PAD
    0x000022c8   0x000022c8   0x00000010   Code   RO          373    i.__mathlib_dbl_underflow  m_ws.l(dunder.o)
    0x000022d8   0x000022d8   0x000000a8   Code   RO          149    i.checkADCconfiguration  texas.o
    0x00002380   0x00002380   0x000002a8   Code   RO          150    i.checkDisplayconfiguration  texas.o
    0x00002628   0x00002628   0x000001a4   Code   RO          151    i.checkLinearity    texas.o
    0x000027cc   0x000027cc   0x000009ec   Code   RO          335    i.pow               m_ws.l(pow.o)
    0x000031b8   0x000031b8   0x00000094   Code   RO          339    i.round             m_ws.l(round.o)
    0x0000324c   0x0000324c   0x0000004c   Code   RO          387    i.sqrt              m_ws.l(sqrt.o)
    0x00003298   0x00003298   0x00000150   Code   RO          344    x$fpl$dadd          fz_ws.l(daddsub_clz.o)
    0x000033e8   0x000033e8   0x00000010   Code   RO          410    x$fpl$dcheck1       fz_ws.l(dcheck1.o)
    0x000033f8   0x000033f8   0x00000018   Code   RO          412    x$fpl$dcmpinf       fz_ws.l(dcmpi.o)
    0x00003410   0x00003410   0x000002b4   Code   RO          299    x$fpl$ddiv          fz_ws.l(ddiv.o)
    0x000036c4   0x000036c4   0x0000005a   Code   RO          302    x$fpl$dfixu         fz_ws.l(dfixu.o)
    0x0000371e   0x0000371e   0x0000002e   Code   RO          307    x$fpl$dflt          fz_ws.l(dflt_clz.o)
    0x0000374c   0x0000374c   0x00000026   Code   RO          306    x$fpl$dfltu         fz_ws.l(dflt_clz.o)
    0x00003772   0x00003772   0x00000002   PAD
    0x00003774   0x00003774   0x00000078   Code   RO          350    x$fpl$dleqf         fz_ws.l(dleqf.o)
    0x000037ec   0x000037ec   0x00000154   Code   RO          312    x$fpl$dmul          fz_ws.l(dmul.o)
    0x00003940   0x00003940   0x0000009c   Code   RO          352    x$fpl$dnaninf       fz_ws.l(dnaninf.o)
    0x000039dc   0x000039dc   0x0000000c   Code   RO          354    x$fpl$dretinf       fz_ws.l(dretinf.o)
    0x000039e8   0x000039e8   0x0000006c   Code   RO          356    x$fpl$drleqf        fz_ws.l(drleqf.o)
    0x00003a54   0x00003a54   0x000000b4   Code   RO          358    x$fpl$drnd          fz_ws.l(drnd.o)
    0x00003b08   0x00003b08   0x00000016   Code   RO          345    x$fpl$drsb          fz_ws.l(daddsub_clz.o)
    0x00003b1e   0x00003b1e   0x00000002   PAD
    0x00003b20   0x00003b20   0x00000198   Code   RO          414    x$fpl$dsqrt         fz_ws.l(dsqrt_umaal.o)
    0x00003cb8   0x00003cb8   0x000001dc   Code   RO          346    x$fpl$dsub          fz_ws.l(daddsub_clz.o)
    0x00003e94   0x00003e94   0x00000056   Code   RO          314    x$fpl$f2d           fz_ws.l(f2d.o)
    0x00003eea   0x00003eea   0x00000002   PAD
    0x00003eec   0x00003eec   0x000000c4   Code   RO          316    x$fpl$fadd          fz_ws.l(faddsub_clz.o)
    0x00003fb0   0x00003fb0   0x00000184   Code   RO          323    x$fpl$fdiv          fz_ws.l(fdiv.o)
    0x00004134   0x00004134   0x00000026   Code   RO          326    x$fpl$ffltu         fz_ws.l(fflt_clz.o)
    0x0000415a   0x0000415a   0x00000002   PAD
    0x0000415c   0x0000415c   0x00000102   Code   RO          332    x$fpl$fmul          fz_ws.l(fmul.o)
    0x0000425e   0x0000425e   0x0000008c   Code   RO          360    x$fpl$fnaninf       fz_ws.l(fnaninf.o)
    0x000042ea   0x000042ea   0x0000000a   Code   RO          362    x$fpl$fretinf       fz_ws.l(fretinf.o)
    0x000042f4   0x000042f4   0x000000ea   Code   RO          318    x$fpl$fsub          fz_ws.l(faddsub_clz.o)
    0x000043de   0x000043de   0x00000064   Code   RO          429    x$fpl$retnan        fz_ws.l(retnan.o)
    0x00004442   0x00004442   0x0000005c   Code   RO          364    x$fpl$scalbn        fz_ws.l(scalbn.o)
    0x0000449e   0x0000449e   0x00000030   Code   RO          480    x$fpl$trapveneer    fz_ws.l(trapv.o)
    0x000044ce   0x000044ce   0x00000000   Code   RO          366    x$fpl$usenofp       fz_ws.l(usenofp.o)
    0x000044ce   0x000044ce   0x00000002   PAD
    0x000044d0   0x000044d0   0x00001b90   Data   RO          154    .constdata          texas.o
    0x00006060   0x00006060   0x00000088   Data   RO          336    .constdata          m_ws.l(pow.o)
    0x000060e8   0x000060e8   0x00000008   Data   RO          385    .constdata          m_ws.l(qnan.o)
    0x000060f0   0x000060f0   0x00000097   Data   RO           54    .rodata.Enemy1      spaceinvadersgame.o
    0x00006187   0x00006187   0x00000097   Data   RO           55    .rodata.Enemy2      spaceinvadersgame.o
    0x0000621e   0x0000621e   0x00000097   Data   RO           60    .rodata.Explosion_1  spaceinvadersgame.o
    0x000062b5   0x000062b5   0x00000093   Data   RO           58    .rodata.Laser_Normal  spaceinvadersgame.o
    0x00006348   0x00006348   0x000000ef   Data   RO           59    .rodata.SpaceShip   spaceinvadersgame.o
    0x00006437   0x00006437   0x000008b7   Data   RO           61    .rodata.image       spaceinvadersgame.o
    0x00006cee   0x00006cee   0x00000002   PAD
    0x00006cf0   0x00006cf0   0x00000020   Data   RO          566    Region$$Table       anon$$obj.o


    Execution Region ER_RW (Exec base: 0x20000000, Load base: 0x00006d10, Size: 0x00000088, Max: 0xffffffff, ABSOLUTE)

    Exec Addr    Load Addr    Size         Type   Attr      Idx    E Section Name        Object

    0x20000000   0x00006d10   0x00000070   Data   RW          155    .data               texas.o
    0x20000070   0x00006d80   0x00000004   Data   RW           64    .data.count         spaceinvadersgame.o
    0x20000074   0x00006d84   0x00000010   Data   RW           65    .data.vertical_array  spaceinvadersgame.o
    0x20000084   0x00006d94   0x00000004   Data   RW           67    .data.x             spaceinvadersgame.o


    Execution Region ER_ZI (Exec base: 0x20000088, Load base: 0x00006d98, Size: 0x00001138, Max: 0xffffffff, ABSOLUTE)

    Exec Addr    Load Addr    Size         Type   Attr      Idx    E Section Name        Object

    0x20000088        -       0x00000274   Zero   RW          153    .bss                texas.o
    0x200002fc        -       0x00000060   Zero   RW          417    .bss                c_w.l(libspace.o)
    0x2000035c        -       0x00000004   Zero   RW           51    .bss.Attack_Flag    spaceinvadersgame.o
    0x20000360        -       0x00000004   Zero   RW           72    .bss.Distance       spaceinvadersgame.o
    0x20000364        -       0x00000064   Zero   RW           62    .bss.Enemy          spaceinvadersgame.o
    0x200003c8        -       0x00000004   Zero   RW           53    .bss.Explosion_Flag  spaceinvadersgame.o
    0x200003cc        -       0x00000004   Zero   RW           69    .bss.Explosion_x    spaceinvadersgame.o
    0x200003d0        -       0x00000004   Zero   RW           70    .bss.Explosion_y    spaceinvadersgame.o
    0x200003d4        -       0x00000004   Zero   RW           41    .bss.Flag           spaceinvadersgame.o
    0x200003d8        -       0x00000004   Zero   RW           43    .bss.FrameCount     spaceinvadersgame.o
    0x200003dc        -       0x000007d0   Zero   RW           68    .bss.Laser          spaceinvadersgame.o
    0x20000bac        -       0x00000004   Zero   RW           52    .bss.Laser_number   spaceinvadersgame.o
    0x20000bb0        -       0x000001f8   Zero   RW          110    .bss.Screen         nokia5110.o
    0x20000da8        -       0x00000004   Zero   RW           66    .bss.j              spaceinvadersgame.o
    0x20000dac        -       0x00000014   Zero   RW           63    .bss.player         spaceinvadersgame.o
    0x20000dc0        -       0x00000000   Zero   RW            2    HEAP                startup.o
    0x20000dc0        -       0x00000400   Zero   RW            1    STACK               startup.o


==============================================================================

Image component sizes


      Code (inc. data)   RO Data    RW Data    ZI Data      Debug   Object Name

       190          0          0          0          0        609   adc.o
      1214          4          0          0        504       4146   nokia5110.o
      2408          0       3070         24       2156       5140   spaceinvadersgame.o
       692        632          0          0       1024        948   startup.o
      5032        592       7056        112        628      29993   texas.o

    ----------------------------------------------------------------------
      9560       1228      10160        136       4312      40836   Object Totals
         0          0         32          0          0          0   (incl. Generated)
        24          0          2          0          0          0   (incl. Padding)

    ----------------------------------------------------------------------

      Code (inc. data)   RO Data    RW Data    ZI Data      Debug   Library Member Name

         8          0          0          0          0         68   __main.o
         0          0          0          0          0          0   __rtentry.o
        12          0          0          0          0          0   __rtentry2.o
         6          0          0          0          0          0   __rtentry4.o
        94          8          0          0          0          0   __scatter.o
        26          0          0          0          0          0   __scatter_copy.o
        28          0          0          0          0          0   __scatter_zi.o
        22          0          0          0          0        100   _rserrno.o
        18          0          0          0          0         80   exit.o
         6          0          0          0          0        152   heapauxi.o
         0          0          0          0          0          0   indicate_semi.o
         2          0          0          0          0          0   libinit.o
         2          0          0          0          0          0   libinit2.o
         2          0          0          0          0          0   libshutdown.o
         2          0          0          0          0          0   libshutdown2.o
         8          4          0          0         96         68   libspace.o
         8          4          0          0          0         68   rt_errno_addr_intlibspace.o
         2          0          0          0          0          0   rtexit.o
        10          0          0          0          0          0   rtexit2.o
        12          4          0          0          0         68   sys_exit.o
        74          0          0          0          0         80   sys_stackheap_outer.o
         2          0          0          0          0         68   use_no_semi.o
       834         16          0          0          0        372   daddsub_clz.o
        16          4          0          0          0         68   dcheck1.o
        24          0          0          0          0         68   dcmpi.o
       692        140          0          0          0        216   ddiv.o
        90          4          0          0          0         92   dfixu.o
        84          0          0          0          0        136   dflt_clz.o
       120          4          0          0          0         92   dleqf.o
       340         12          0          0          0        104   dmul.o
       156          4          0          0          0         92   dnaninf.o
        12          0          0          0          0         68   dretinf.o
       108          0          0          0          0         80   drleqf.o
       180          4          0          0          0         80   drnd.o
       408         56          0          0          0        120   dsqrt_umaal.o
        86          4          0          0          0         84   f2d.o
       430          8          0          0          0        168   faddsub_clz.o
       388         76          0          0          0         96   fdiv.o
        38          0          0          0          0         68   fflt_clz.o
       258          4          0          0          0         84   fmul.o
       140          4          0          0          0         84   fnaninf.o
        10          0          0          0          0         68   fretinf.o
       100          0          0          0          0         68   retnan.o
        92          0          0          0          0         68   scalbn.o
        48          0          0          0          0         68   trapv.o
         0          0          0          0          0          0   usenofp.o
        62         10          0          0          0        340   dunder.o
        40          0          0          0          0         68   fpclassify.o
       170          0          0          0          0         96   poly.o
      2540        188        136          0          0        332   pow.o
         0          0          8          0          0          0   qnan.o
       148         12          0          0          0         88   round.o
        76          0          0          0          0         84   sqrt.o

    ----------------------------------------------------------------------
      8056        570        144          0         96       4204   Library Totals
        22          0          0          0          0          0   (incl. Padding)

    ----------------------------------------------------------------------

      Code (inc. data)   RO Data    RW Data    ZI Data      Debug   Library Name

       344         20          0          0         96        752   c_w.l
      4654        340          0          0          0       2444   fz_ws.l
      3036        210        144          0          0       1008   m_ws.l

    ----------------------------------------------------------------------
      8056        570        144          0         96       4204   Library Totals

    ----------------------------------------------------------------------

==============================================================================


      Code (inc. data)   RO Data    RW Data    ZI Data      Debug   

     17616       1798      10304        136       4408      42360   Grand Totals
     17616       1798      10304        136       4408      42360   ELF Image Totals
     17616       1798      10304        136          0          0   ROM Totals

==============================================================================

    Total RO  Size (Code + RO Data)                27920 (  27.27kB)
    Total RW  Size (RW Data + ZI Data)              4544 (   4.44kB)
    Total ROM Size (Code + RO Data + RW Data)      28056 (  27.40kB)

==============================================================================

