Component: Arm Compiler for Embedded 6.21 Tool: armlink [5ec1fa00]

==============================================================================

Section Cross References

    startup.o(STACK) refers (Special) to heapauxi.o(.text) for __use_two_region_memory
    startup.o(HEAP) refers (Special) to heapauxi.o(.text) for __use_two_region_memory
    startup.o(RESET) refers (Special) to heapauxi.o(.text) for __use_two_region_memory
    startup.o(RESET) refers to startup.o(STACK) for StackMem
    startup.o(RESET) refers to spaceinvadersgame.o(.text.SysTick_Handler) for SysTick_Handler
    startup.o(RESET) refers to spaceinvadersgame.o(.text.GPIOPortE_Handler) for GPIOPortE_Handler
    startup.o(RESET) refers to texas.o(i.Timer4A_Handler) for Timer4A_Handler
    startup.o(RESET) refers to texas.o(i.Timer5A_Handler) for Timer5A_Handler
    startup.o(RESET) refers to __main.o(!!!main) for __main
    startup.o(.text) refers (Special) to heapauxi.o(.text) for __use_two_region_memory
    startup.o(.text) refers to startup.o(HEAP) for HeapMem
    startup.o(.text) refers to startup.o(STACK) for StackMem
    spaceinvadersgame.o(.ARM.exidx.text.SysTick_Init) refers to spaceinvadersgame.o(.text.SysTick_Init) for [Anonymous Symbol]
    spaceinvadersgame.o(.text.SysTick_Handler) refers to spaceinvadersgame.o(.bss.Flag) for Flag
    spaceinvadersgame.o(.text.SysTick_Handler) refers to spaceinvadersgame.o(.bss.special_attack_timer) for special_attack_timer
    spaceinvadersgame.o(.text.SysTick_Handler) refers to spaceinvadersgame.o(.bss.enemy_attack_timer) for enemy_attack_timer
    spaceinvadersgame.o(.text.SysTick_Handler) refers to spaceinvadersgame.o(.data.enemy_laser_pass) for enemy_laser_pass
    spaceinvadersgame.o(.ARM.exidx.text.SysTick_Handler) refers to spaceinvadersgame.o(.text.SysTick_Handler) for [Anonymous Symbol]
    spaceinvadersgame.o(.ARM.exidx.text.PORTE_Init) refers to spaceinvadersgame.o(.text.PORTE_Init) for [Anonymous Symbol]
    spaceinvadersgame.o(.text.GPIOPortE_Handler) refers to spaceinvadersgame.o(.bss.Attack_Flag) for Attack_Flag
    spaceinvadersgame.o(.ARM.exidx.text.GPIOPortE_Handler) refers to spaceinvadersgame.o(.text.GPIOPortE_Handler) for [Anonymous Symbol]
    spaceinvadersgame.o(.ARM.exidx.text.Delay1ms) refers to spaceinvadersgame.o(.text.Delay1ms) for [Anonymous Symbol]
    spaceinvadersgame.o(.text.Enemy_Init) refers to spaceinvadersgame.o(.bss.Enemy) for Enemy
    spaceinvadersgame.o(.text.Enemy_Init) refers to spaceinvadersgame.o(.rodata.Enemy1) for Enemy1
    spaceinvadersgame.o(.text.Enemy_Init) refers to spaceinvadersgame.o(.rodata.Enemy2) for Enemy2
    spaceinvadersgame.o(.ARM.exidx.text.Enemy_Init) refers to spaceinvadersgame.o(.text.Enemy_Init) for [Anonymous Symbol]
    spaceinvadersgame.o(.text.SpaceShip_Init) refers to adc.o(.text.ADC0_In) for ADC0_In
    spaceinvadersgame.o(.text.SpaceShip_Init) refers to spaceinvadersgame.o(.bss.player) for player
    spaceinvadersgame.o(.text.SpaceShip_Init) refers to spaceinvadersgame.o(.rodata.SpaceShip) for SpaceShip
    spaceinvadersgame.o(.ARM.exidx.text.SpaceShip_Init) refers to spaceinvadersgame.o(.text.SpaceShip_Init) for [Anonymous Symbol]
    spaceinvadersgame.o(.text.Move) refers to adc.o(.text.ADC0_In) for ADC0_In
    spaceinvadersgame.o(.text.Move) refers to dflt_clz.o(x$fpl$dfltu) for __aeabi_ui2d
    spaceinvadersgame.o(.text.Move) refers to ddiv.o(x$fpl$ddiv) for __aeabi_ddiv
    spaceinvadersgame.o(.text.Move) refers to dmul.o(x$fpl$dmul) for __aeabi_dmul
    spaceinvadersgame.o(.text.Move) refers to round.o(i.round) for round
    spaceinvadersgame.o(.text.Move) refers to dfixu.o(x$fpl$dfixu) for __aeabi_d2uiz
    spaceinvadersgame.o(.text.Move) refers to spaceinvadersgame.o(.bss.player) for player
    spaceinvadersgame.o(.text.Move) refers to spaceinvadersgame.o(.data.x) for x
    spaceinvadersgame.o(.text.Move) refers to spaceinvadersgame.o(.data.count) for count
    spaceinvadersgame.o(.text.Move) refers to spaceinvadersgame.o(.bss.Enemy) for Enemy
    spaceinvadersgame.o(.text.Move) refers to spaceinvadersgame.o(.bss.j) for j
    spaceinvadersgame.o(.text.Move) refers to spaceinvadersgame.o(.data.vertical_array) for vertical_array
    spaceinvadersgame.o(.text.Move) refers to spaceinvadersgame.o(.bss.FrameCount) for FrameCount
    spaceinvadersgame.o(.ARM.exidx.text.Move) refers to spaceinvadersgame.o(.text.Move) for [Anonymous Symbol]
    spaceinvadersgame.o(.text.Draw) refers to nokia5110.o(.text.Nokia5110_ClearBuffer) for Nokia5110_ClearBuffer
    spaceinvadersgame.o(.text.Draw) refers to spaceinvadersgame.o(.bss.Enemy) for Enemy
    spaceinvadersgame.o(.text.Draw) refers to spaceinvadersgame.o(.bss.FrameCount) for FrameCount
    spaceinvadersgame.o(.text.Draw) refers to nokia5110.o(.text.Nokia5110_PrintBMP) for Nokia5110_PrintBMP
    spaceinvadersgame.o(.text.Draw) refers to spaceinvadersgame.o(.bss.player) for player
[...]
    Nokia5110.c                              0x00000000   Number         0  nokia5110.o ABSOLUTE
    SpaceInvadersGame.c                      0x00000000   Number         0  spaceinvadersgame.o ABSOLUTE
    TExaS.c                                  0x00000000   Number         0  texas.o ABSOLUTE
    dc.s                                     0x00000000   Number         0  dc.o ABSOLUTE
    startup.s                                0x00000000   Number         0  startup.o ABSOLUTE
    RESET                                    0x00000000   Section      644  startup.o(RESET)
    !!!main                                  0x00000284   Section        8  __main.o(!!!main)
    !!!scatter                               0x0000028c   Section       92  __scatter.o(!!!scatter)
    !!handler_copy                           0x000002e8   Section       26  __scatter_copy.o(!!handler_copy)
    !!handler_null                           0x00000304   Section        2  __scatter.o(!!handler_null)
    !!handler_zi                             0x00000308   Section       28  __scatter_zi.o(!!handler_zi)
    .ARM.Collect$$libinit$$00000000          0x00000324   Section        2  libinit.o(.ARM.Collect$$libinit$$00000000)
    .ARM.Collect$$libinit$$00000002          0x00000326   Section        0  libinit2.o(.ARM.Collect$$libinit$$00000002)
    .ARM.Collect$$libinit$$00000004          0x00000326   Section        0  libinit2.o(.ARM.Collect$$libinit$$00000004)
    .ARM.Collect$$libinit$$00000006          0x00000326   Section        0  libinit2.o(.ARM.Collect$$libinit$$00000006)
    .ARM.Collect$$libinit$$0000000C          0x00000326   Section        0  libinit2.o(.ARM.Collect$$libinit$$0000000C)
    .ARM.Collect$$libinit$$0000000E          0x00000326   Section        0  libinit2.o(.ARM.Collect$$libinit$$0000000E)
    .ARM.Collect$$libinit$$0000000F          0x00000326   Section        4  libinit2.o(.ARM.Collect$$libinit$$0000000F)
    .ARM.Collect$$libinit$$00000010          0x0000032a   Section        0  libinit2.o(.ARM.Collect$$libinit$$00000010)
    .ARM.Collect$$libinit$$00000013          0x0000032a   Section        0  libinit2.o(.ARM.Collect$$libinit$$00000013)
    .ARM.Collect$$libinit$$00000015          0x0000032a   Section        0  libinit2.o(.ARM.Collect$$libinit$$00000015)
    .ARM.Collect$$libinit$$00000017          0x0000032a   Section        0  libinit2.o(.ARM.Collect$$libinit$$00000017)
    .ARM.Collect$$libinit$$00000019          0x0000032a   Section        0  libinit2.o(.ARM.Collect$$libinit$$00000019)
    .ARM.Collect$$libinit$$0000001B          0x0000032a   Section        0  libinit2.o(.ARM.Collect$$libinit$$0000001B)
    .ARM.Collect$$libinit$$0000001D          0x0000032a   Section        0  libinit2.o(.ARM.Collect$$libinit$$0000001D)
    .ARM.Collect$$libinit$$0000001F          0x0000032a   Section        0  libinit2.o(.ARM.Collect$$libinit$$0000001F)
    .ARM.Collect$$libinit$$00000021          0x0000032a   Section        0  libinit2.o(.ARM.Collect$$libinit$$00000021)
    .ARM.Collect$$libinit$$00000023          0x0000032a   Section        0  libinit2.o(.ARM.Collect$$libinit$$00000023)
    .ARM.Collect$$libinit$$00000025          0x0000032a   Section        0  libinit2.o(.ARM.Collect$$libinit$$00000025)
    .ARM.Collect$$libinit$$00000027          0x0000032a   Section        0  libinit2.o(.ARM.Collect$$libinit$$00000027)
    .ARM.Collect$$libinit$$0000002E          0x0000032a   Section        0  libinit2.o(.ARM.Collect$$libinit$$0000002E)
    .ARM.Collect$$libinit$$00000030          0x0000032a   Section        0  libinit2.o(.ARM.Collect$$libinit$$00000030)
    .ARM.Collect$$libinit$$00000032          0x0000032a   Section        0  libinit2.o(.ARM.Collect$$libinit$$00000032)
    .ARM.Collect$$libinit$$00000034          0x0000032a   Section        0  libinit2.o(.ARM.Collect$$libinit$$00000034)
    .ARM.Collect$$libinit$$00000035          0x0000032a   Section        2  libinit2.o(.ARM.Collect$$libinit$$00000035)
    .ARM.Collect$$libshutdown$$00000000      0x0000032c   Section        2  libshutdown.o(.ARM.Collect$$libshutdown$$00000000)
    .ARM.Collect$$libshutdown$$00000002      0x0000032e   Section        0  libshutdown2.o(.ARM.Collect$$libshutdown$$00000002)
    .ARM.Collect$$libshutdown$$00000004      0x0000032e   Section        0  libshutdown2.o(.ARM.Collect$$libshutdown$$00000004)
    .ARM.Collect$$libshutdown$$00000007      0x0000032e   Section        0  libshutdown2.o(.ARM.Collect$$libshutdown$$00000007)
    .ARM.Collect$$libshutdown$$0000000A      0x0000032e   Section        0  libshutdown2.o(.ARM.Collect$$libshutdown$$0000000A)
    .ARM.Collect$$libshutdown$$0000000C      0x0000032e   Section        0  libshutdown2.o(.ARM.Collect$$libshutdown$$0000000C)
    .ARM.Collect$$libshutdown$$0000000F      0x0000032e   Section        0  libshutdown2.o(.ARM.Collect$$libshutdown$$0000000F)
    .ARM.Collect$$libshutdown$$00000010      0x0000032e   Section        2  libshutdown2.o(.ARM.Collect$$libshutdown$$00000010)
    .ARM.Collect$$rtentry$$00000000          0x00000330   Section        0  __rtentry.o(.ARM.Collect$$rtentry$$00000000)
    .ARM.Collect$$rtentry$$00000002          0x00000330   Section        0  __rtentry2.o(.ARM.Collect$$rtentry$$00000002)
    .ARM.Collect$$rtentry$$00000004          0x00000330   Section        6  __rtentry4.o(.ARM.Collect$$rtentry$$00000004)
    .ARM.Collect$$rtentry$$00000009          0x00000336   Section        0  __rtentry2.o(.ARM.Collect$$rtentry$$00000009)
    .ARM.Collect$$rtentry$$0000000A          0x00000336   Section        4  __rtentry2.o(.ARM.Collect$$rtentry$$0000000A)
    .ARM.Collect$$rtentry$$0000000C          0x0000033a   Section        0  __rtentry2.o(.ARM.Collect$$rtentry$$0000000C)
    .ARM.Collect$$rtentry$$0000000D          0x0000033a   Section        8  __rtentry2.o(.ARM.Collect$$rtentry$$0000000D)
    .ARM.Collect$$rtexit$$00000000           0x00000342   Section        2  rtexit.o(.ARM.Collect$$rtexit$$00000000)
    .ARM.Collect$$rtexit$$00000002           0x00000344   Section        0  rtexit2.o(.ARM.Collect$$rtexit$$00000002)
    .ARM.Collect$$rtexit$$00000003           0x00000344   Section        4  rtexit2.o(.ARM.Collect$$rtexit$$00000003)
    .ARM.Collect$$rtexit$$00000004           0x00000348   Section        6  rtexit2.o(.ARM.Collect$$rtexit$$00000004)
    .emb_text                                0x00000350   Section       52  rand.o(.emb_text)
    .text                                    0x00000384   Section       48  startup.o(.text)
    .text                                    0x000003b4   Section        0  rand.o(.text)
    .text                                    0x000003f0   Section        0  heapauxi.o(.text)
    .text                                    0x000003f6   Section        0  _rserrno.o(.text)
    .text                                    0x0000040c   Section        8  rt_errno_addr_intlibspace.o(.text)
    .text                                    0x00000414   Section        8  libspace.o(.text)
    .text                                    0x0000041c   Section       74  sys_stackheap_outer.o(.text)
    .text                                    0x00000466   Section        0  exit.o(.text)
    .text                                    0x00000478   Section        2  use_no_semi.o(.text)
    .text                                    0x0000047a   Section        0  indicate_semi.o(.text)
    .text                                    0x0000047c   Section        0  sys_exit.o(.text)
    [Anonymous Symbol]                       0x00000488   Section        0  adc.o(.text.ADC0_In)
    [Anonymous Symbol]                       0x000004d8   Section        0  adc.o(.text.ADC0_Init)
    [Anonymous Symbol]                       0x00000548   Section        0  spaceinvadersgame.o(.text.Delay1ms)
    [Anonymous Symbol]                       0x00000578   Section        0  spaceinvadersgame.o(.text.Draw)
    [Anonymous Symbol]                       0x000008e0   Section        0  spaceinvadersgame.o(.text.Enemy_Init)
    [Anonymous Symbol]                       0x00000968   Section        0  spaceinvadersgame.o(.text.Enemy_attacks)
    [Anonymous Symbol]                       0x00000a6c   Section        0  spaceinvadersgame.o(.text.Enemy_attacks_update)
    [Anonymous Symbol]                       0x00000bdc   Section        0  spaceinvadersgame.o(.text.GPIOPortE_Handler)
    [Anonymous Symbol]                       0x00000c38   Section        0  spaceinvadersgame.o(.text.Move)
    [Anonymous Symbol]                       0x00000e2c   Section        0  nokia5110.o(.text.Nokia5110_ClearBuffer)
    [Anonymous Symbol]                       0x00000e5c   Section        0  nokia5110.o(.text.Nokia5110_DisplayBuffer)
    [Anonymous Symbol]                       0x00000e6c   Section        0  nokia5110.o(.text.Nokia5110_DrawFullImage)
    [Anonymous Symbol]                       0x00000ea8   Section        0  nokia5110.o(.text.Nokia5110_Init)
    [Anonymous Symbol]                       0x0000100c   Section        0  nokia5110.o(.text.Nokia5110_OutChar)
    [Anonymous Symbol]                       0x00001064   Section        0  nokia5110.o(.text.Nokia5110_OutString)
    [Anonymous Symbol]                       0x00001088   Section        0  nokia5110.o(.text.Nokia5110_PrintBMP)
    [Anonymous Symbol]                       0x00001290   Section        0  nokia5110.o(.text.Nokia5110_SetCursor)
    [Anonymous Symbol]                       0x000012e0   Section        0  spaceinvadersgame.o(.text.Normal_Attack)
    [Anonymous Symbol]                       0x00001338   Section        0  spaceinvadersgame.o(.text.Normal_Attack_update)
    [Anonymous Symbol]                       0x00001508   Section        0  spaceinvadersgame.o(.text.PORTE_Init)
    [Anonymous Symbol]                       0x000015ec   Section        0  spaceinvadersgame.o(.text.Randomize)
    [Anonymous Symbol]                       0x0000168c   Section        0  spaceinvadersgame.o(.text.SpaceShip_Init)
    [Anonymous Symbol]                       0x000016b0   Section        0  spaceinvadersgame.o(.text.Special_Attack)
    [Anonymous Symbol]                       0x000017b4   Section        0  spaceinvadersgame.o(.text.Special_Attack_update)
    [Anonymous Symbol]                       0x00001d30   Section        0  spaceinvadersgame.o(.text.SysTick_Handler)
    [Anonymous Symbol]                       0x00001d8c   Section        0  spaceinvadersgame.o(.text.SysTick_Init)
    lcdwrite                                 0x00001dd1   Thumb Code   144  nokia5110.o(.text.lcdwrite)
    [Anonymous Symbol]                       0x00001dd0   Section        0  nokia5110.o(.text.lcdwrite)
    [Anonymous Symbol]                       0x00001e60   Section        0  spaceinvadersgame.o(.text.main)
    i.ADC1_In                                0x00002124   Section        0  texas.o(i.ADC1_In)
    i.ADC1_Init                              0x00002130   Section        0  texas.o(i.ADC1_Init)
    i.Encrypt                                0x00002204   Section        0  texas.o(i.Encrypt)
    i.PLL_Init                               0x00002270   Section        0  texas.o(i.PLL_Init)
    i.SetCode                                0x000022ec   Section        0  texas.o(i.SetCode)
    i.SetCourse                              0x00002304   Section        0  texas.o(i.SetCourse)
    i.SetGrade                               0x0000231c   Section        0  texas.o(i.SetGrade)
    i.TExaS_Init                             0x000023e8   Section        0  texas.o(i.TExaS_Init)
    i.Timer4A_Handler                        0x00002678   Section        0  texas.o(i.Timer4A_Handler)
    i.Timer5A_Handler                        0x00002698   Section        0  texas.o(i.Timer5A_Handler)
    i.UART0_Init                             0x00002f18   Section        0  texas.o(i.UART0_Init)
    i.__ARM_fpclassify                       0x00002fd8   Section        0  fpclassify.o(i.__ARM_fpclassify)
    i.__kernel_poly                          0x00003000   Section        0  poly.o(i.__kernel_poly)
    i.__mathlib_dbl_divzero                  0x000030ac   Section        0  dunder.o(i.__mathlib_dbl_divzero)
    i.__mathlib_dbl_infnan2                  0x000030bc   Section        0  dunder.o(i.__mathlib_dbl_infnan2)
    i.__mathlib_dbl_invalid                  0x000030c0   Section        0  dunder.o(i.__mathlib_dbl_invalid)
    i.__mathlib_dbl_overflow                 0x000030cc   Section        0  dunder.o(i.__mathlib_dbl_overflow)
    i.__mathlib_dbl_underflow                0x000030dc   Section        0  dunder.o(i.__mathlib_dbl_underflow)
    i.checkADCconfiguration                  0x000030ec   Section        0  texas.o(i.checkADCconfiguration)
    i.checkDisplayconfiguration              0x00003194   Section        0  texas.o(i.checkDisplayconfiguration)
    i.checkLinearity                         0x0000343c   Section        0  texas.o(i.checkLinearity)
    i.pow                                    0x000035e0   Section        0  pow.o(i.pow)
    i.round                                  0x00003fcc   Section        0  round.o(i.round)
    i.sqrt                                   0x00004060   Section        0  sqrt.o(i.sqrt)
    x$fpl$dadd                               0x000040ac   Section      336  daddsub_clz.o(x$fpl$dadd)
    _dadd1                                   0x000040bd   Thumb Code     0  daddsub_clz.o(x$fpl$dadd)
    x$fpl$dcheck1                            0x000041fc   Section       16  dcheck1.o(x$fpl$dcheck1)
    x$fpl$dcmpinf                            0x0000420c   Section       24  dcmpi.o(x$fpl$dcmpinf)
    x$fpl$ddiv                               0x00004224   Section      692  ddiv.o(x$fpl$ddiv)
    ddiv_entry                               0x0000422b   Thumb Code     0  ddiv.o(x$fpl$ddiv)
    x$fpl$dfixu                              0x000044d8   Section       90  dfixu.o(x$fpl$dfixu)
    x$fpl$dflt                               0x00004532   Section       46  dflt_clz.o(x$fpl$dflt)
    x$fpl$dfltu                              0x00004560   Section       38  dflt_clz.o(x$fpl$dfltu)
    x$fpl$dleqf                              0x00004588   Section      120  dleqf.o(x$fpl$dleqf)
    x$fpl$dmul                               0x00004600   Section      340  dmul.o(x$fpl$dmul)
    x$fpl$dnaninf                            0x00004754   Section      156  dnaninf.o(x$fpl$dnaninf)
    x$fpl$dretinf                            0x000047f0   Section       12  dretinf.o(x$fpl$dretinf)
    x$fpl$drleqf                             0x000047fc   Section      108  drleqf.o(x$fpl$drleqf)
    x$fpl$drnd                               0x00004868   Section      180  drnd.o(x$fpl$drnd)
    x$fpl$drsb                               0x0000491c   Section       22  daddsub_clz.o(x$fpl$drsb)
    x$fpl$dsqrt                              0x00004934   Section      408  dsqrt_umaal.o(x$fpl$dsqrt)
    x$fpl$dsub                               0x00004acc   Section      476  daddsub_clz.o(x$fpl$dsub)
    _dsub1                                   0x00004add   Thumb Code     0  daddsub_clz.o(x$fpl$dsub)
    x$fpl$f2d                                0x00004ca8   Section       86  f2d.o(x$fpl$f2d)
    x$fpl$fadd                               0x00004d00   Section      196  faddsub_clz.o(x$fpl$fadd)
    _fadd1                                   0x00004d0f   Thumb Code     0  faddsub_clz.o(x$fpl$fadd)
    _fdiv1                                   0x00004dc5   Thumb Code     0  fdiv.o(x$fpl$fdiv)
    x$fpl$fdiv                               0x00004dc4   Section      388  fdiv.o(x$fpl$fdiv)
    x$fpl$ffltu                              0x00004f48   Section       38  fflt_clz.o(x$fpl$ffltu)
    x$fpl$fmul                               0x00004f70   Section      258  fmul.o(x$fpl$fmul)
    x$fpl$fnaninf                            0x00005072   Section      140  fnaninf.o(x$fpl$fnaninf)
    x$fpl$fretinf                            0x000050fe   Section       10  fretinf.o(x$fpl$fretinf)
    x$fpl$fsub                               0x00005108   Section      234  faddsub_clz.o(x$fpl$fsub)
    _fsub1                                   0x00005117   Thumb Code     0  faddsub_clz.o(x$fpl$fsub)
    x$fpl$retnan                             0x000051f2   Section      100  retnan.o(x$fpl$retnan)
    x$fpl$scalbn                             0x00005256   Section       92  scalbn.o(x$fpl$scalbn)
    x$fpl$trapveneer                         0x000052b2   Section       48  trapv.o(x$fpl$trapveneer)
    x$fpl$usenofp                            0x000052e2   Section        0  usenofp.o(x$fpl$usenofp)
    .constdata                               0x000052e4   Section     7056  texas.o(.constdata)
    bp                                       0x00006e78   Data          16  pow.o(.constdata)
    .constdata                               0x00006e78   Section      136  pow.o(.constdata)
    dp_h                                     0x00006e88   Data          16  pow.o(.constdata)
    dp_l                                     0x00006e98   Data          16  pow.o(.constdata)
    L                                        0x00006ea8   Data          48  pow.o(.constdata)
    P                                        0x00006ed8   Data          40  pow.o(.constdata)
    .constdata                               0x00006f00   Section        8  qnan.o(.constdata)
    ASCII                                    0x00006f08   Data         480  nokia5110.o(.rodata.ASCII)
    [Anonymous Symbol]                       0x00006f08   Section        0  nokia5110.o(.rodata.ASCII)
    .L.str.1                                 0x0000775e   Data          12  spaceinvadersgame.o(.rodata.str1.1)
    [Anonymous Symbol]                       0x0000775e   Section        0  spaceinvadersgame.o(.rodata.str1.1)
    .L.str                                   0x0000776a   Data           9  spaceinvadersgame.o(.rodata.str1.1)
    .L.str.3                                 0x00007773   Data           8  spaceinvadersgame.o(.rodata.str1.1)
    .L.str.2                                 0x0000777b   Data          11  spaceinvadersgame.o(.rodata.str1.1)
    .data                                    0x20000000   Section      112  texas.o(.data)
    RealGrade                                0x20000010   Data           4  texas.o(.data)
    adc300                                   0x20000014   Data           4  texas.o(.data)
    adc500                                   0x20000018   Data           4  texas.o(.data)
    adc700                                   0x2000001c   Data           4  texas.o(.data)
    adc900                                   0x20000020   Data           4  texas.o(.data)
    adc1100                                  0x20000024   Data           4  texas.o(.data)
    dist300                                  0x20000028   Data           4  texas.o(.data)
    dist500                                  0x2000002c   Data           4  texas.o(.data)
    dist700                                  0x20000030   Data           4  texas.o(.data)
    dist900                                  0x20000034   Data           4  texas.o(.data)
    dist1100                                 0x20000038   Data           4  texas.o(.data)
    .bss                                     0x20000090   Section      628  texas.o(.bss)
    .bss                                     0x20000304   Section      228  rand.o(.bss)
    .bss                                     0x200003e8   Section       96  libspace.o(.bss)
    HeapMem                                  0x20000ef0   Data           0  startup.o(HEAP)
    StackMem                                 0x20000ef0   Data           0  startup.o(STACK)
    HEAP                                     0x20000ef0   Section        0  startup.o(HEAP)
    STACK                                    0x20000ef0   Section     1024  startup.o(STACK)

    Global Symbols

    Symbol Name                              Value     Ov Type        Size  Object(Section)

    BuildAttributes$$THM_ISAv4$E$P$D$K$B$S$7EM$PE$A:L22UL41UL21$X:L11$S22US41US21$IEEE1$IW$~IW$USESV6$~STKCKD$USESV7$~SHL$OTIME$ROPI$IEEEX$EBA8$UX$STANDARDLIB$REQ8$PRES8$EABIv2 0x00000000   Number         0  anon$$obj.o ABSOLUTE
    __Vectors                                0x00000000   Data           0  startup.o(RESET)
    __fp_init_empty                          0x00000000   Number         0  fpinit_empty.o ABSOLUTE
    __ARM_exceptions_init                     - Undefined Weak Reference
    __alloca_initialize                       - Undefined Weak Reference
    __arm_preinit_                            - Undefined Weak Reference
    __arm_relocate_pie_                       - Undefined Weak Reference
    __cpp_initialize__aeabi_                  - Undefined Weak Reference
    __cxa_finalize                            - Undefined Weak Reference
    __rt_locale                               - Undefined Weak Reference
    __sigvec_lookup                           - Undefined Weak Reference
    _atexit_init                              - Undefined Weak Reference
    _call_atexit_fns                          - Undefined Weak Reference
    _clock_init                               - Undefined Weak Reference
    _fp_trap_init                             - Undefined Weak Reference
    _fp_trap_shutdown                         - Undefined Weak Reference
    _get_lc_collate                           - Undefined Weak Reference
    _get_lc_ctype                             - Undefined Weak Reference
    _get_lc_monetary                          - Undefined Weak Reference
    _get_lc_numeric                           - Undefined Weak Reference
    _get_lc_time                              - Undefined Weak Reference
    _getenv_init                              - Undefined Weak Reference
    _handle_redirection                       - Undefined Weak Reference
    _init_alloc                               - Undefined Weak Reference
    _init_user_alloc                          - Undefined Weak Reference
    _initio                                   - Undefined Weak Reference
    _signal_finish                            - Undefined Weak Reference
    _signal_init                              - Undefined Weak Reference
    _terminate_alloc                          - Undefined Weak Reference
    _terminate_user_alloc                     - Undefined Weak Reference
    _terminateio                              - Undefined Weak Reference
    Reset_Handler                            0x0000026d   Thumb Code     0  startup.o(RESET)
    NMI_Handler                              0x00000271   Thumb Code     2  startup.o(RESET)
    HardFault_Handler                        0x00000273   Thumb Code     2  startup.o(RESET)
    MemManage_Handler                        0x00000275   Thumb Code     2  startup.o(RESET)
    BusFault_Handler                         0x00000277   Thumb Code     2  startup.o(RESET)
    UsageFault_Handler                       0x00000279   Thumb Code     2  startup.o(RESET)
    SVC_Handler                              0x0000027b   Thumb Code     2  startup.o(RESET)
    DebugMon_Handler                         0x0000027d   Thumb Code     2  startup.o(RESET)
    PendSV_Handler                           0x0000027f   Thumb Code     2  startup.o(RESET)
    ADC0Seq0_Handler                         0x00000283   Thumb Code     0  startup.o(RESET)
    ADC0Seq1_Handler                         0x00000283   Thumb Code     0  startup.o(RESET)
    ADC0Seq2_Handler                         0x00000283   Thumb Code     0  startup.o(RESET)
    ADC0Seq3_Handler                         0x00000283   Thumb Code     0  startup.o(RESET)
    ADC1Seq0_Handler                         0x00000283   Thumb Code     0  startup.o(RESET)
    ADC1Seq1_Handler                         0x00000283   Thumb Code     0  startup.o(RESET)
    ADC1Seq2_Handler                         0x00000283   Thumb Code     0  startup.o(RESET)
    ADC1Seq3_Handler                         0x00000283   Thumb Code     0  startup.o(RESET)
    CAN0_Handler                             0x00000283   Thumb Code     0  startup.o(RESET)
    CAN1_Handler                             0x00000283   Thumb Code     0  startup.o(RESET)
    CAN2_Handler                             0x00000283   Thumb Code     0  startup.o(RESET)
    Comp0_Handler                            0x00000283   Thumb Code     0  startup.o(RESET)
    Comp1_Handler                            0x00000283   Thumb Code     0  startup.o(RESET)
    Comp2_Handler                            0x00000283   Thumb Code     0  startup.o(RESET)
    Ethernet_Handler                         0x00000283   Thumb Code     0  startup.o(RESET)
    ExtBus_Handler                           0x00000283   Thumb Code     0  startup.o(RESET)
    FPU_Handler                              0x00000283   Thumb Code     0  startup.o(RESET)
    Fan0_Handler                             0x00000283   Thumb Code     0  startup.o(RESET)
    FlashCtl_Handler                         0x00000283   Thumb Code     0  startup.o(RESET)
    GPIOPortA_Handler                        0x00000283   Thumb Code     0  startup.o(RESET)
    GPIOPortB_Handler                        0x00000283   Thumb Code     0  startup.o(RESET)
    GPIOPortC_Handler                        0x00000283   Thumb Code     0  startup.o(RESET)
    GPIOPortD_Handler                        0x00000283   Thumb Code     0  startup.o(RESET)
    GPIOPortF_Handler                        0x00000283   Thumb Code     0  startup.o(RESET)
    GPIOPortG_Handler                        0x00000283   Thumb Code     0  startup.o(RESET)
    GPIOPortH_Handler                        0x00000283   Thumb Code     0  startup.o(RESET)
    GPIOPortJ_Handler                        0x00000283   Thumb Code     0  startup.o(RESET)
    GPIOPortK_Handler                        0x00000283   Thumb Code     0  startup.o(RESET)
    GPIOPortL_Handler                        0x00000283   Thumb Code     0  startup.o(RESET)
    GPIOPortM_Handler                        0x00000283   Thumb Code     0  startup.o(RESET)
    GPIOPortN_Handler                        0x00000283   Thumb Code     0  startup.o(RESET)
    GPIOPortP1_Handler                       0x00000283   Thumb Code     0  startup.o(RESET)
    GPIOPortP2_Handler                       0x00000283   Thumb Code     0  startup.o(RESET)
    GPIOPortP3_Handler                       0x00000283   Thumb Code     0  startup.o(RESET)
    GPIOPortP4_Handler                       0x00000283   Thumb Code     0  startup.o(RESET)
    GPIOPortP5_Handler                       0x00000283   Thumb Code     0  startup.o(RESET)
    GPIOPortP6_Handler                       0x00000283   Thumb Code     0  startup.o(RESET)
    GPIOPortP7_Handler                       0x00000283   Thumb Code     0  startup.o(RESET)
    GPIOPortP_Handler                        0x00000283   Thumb Code     0  startup.o(RESET)
    GPIOPortQ1_Handler                       0x00000283   Thumb Code     0  startup.o(RESET)
    GPIOPortQ2_Handler                       0x00000283   Thumb Code     0  startup.o(RESET)
    GPIOPortQ3_Handler                       0x00000283   Thumb Code     0  startup.o(RESET)
    GPIOPortQ4_Handler                       0x00000283   Thumb Code     0  startup.o(RESET)
    GPIOPortQ5_Handler                       0x00000283   Thumb Code     0  startup.o(RESET)
    GPIOPortQ6_Handler                       0x00000283   Thumb Code     0  startup.o(RESET)
    GPIOPortQ7_Handler                       0x00000283   Thumb Code     0  startup.o(RESET)
    GPIOPortQ_Handler                        0x00000283   Thumb Code     0  startup.o(RESET)
    GPIOPortR_Handler                        0x00000283   Thumb Code     0  startup.o(RESET)
    GPIOPortS_Handler                        0x00000283   Thumb Code     0  startup.o(RESET)
    Hibernate_Handler                        0x00000283   Thumb Code     0  startup.o(RESET)
    I2C0_Handler                             0x00000283   Thumb Code     0  startup.o(RESET)
    I2C1_Handler                             0x00000283   Thumb Code     0  startup.o(RESET)
    I2C2_Handler                             0x00000283   Thumb Code     0  startup.o(RESET)
    I2C3_Handler                             0x00000283   Thumb Code     0  startup.o(RESET)
    I2C4_Handler                             0x00000283   Thumb Code     0  startup.o(RESET)
    I2C5_Handler                             0x00000283   Thumb Code     0  startup.o(RESET)
    I2S0_Handler                             0x00000283   Thumb Code     0  startup.o(RESET)
    LPC0_Handler                             0x00000283   Thumb Code     0  startup.o(RESET)
    PECI0_Handler                            0x00000283   Thumb Code     0  startup.o(RESET)
    PWM0Fault_Handler                        0x00000283   Thumb Code     0  startup.o(RESET)
    PWM0Generator0_Handler                   0x00000283   Thumb Code     0  startup.o(RESET)
    PWM0Generator1_Handler                   0x00000283   Thumb Code     0  startup.o(RESET)
    PWM0Generator2_Handler                   0x00000283   Thumb Code     0  startup.o(RESET)
    PWM0Generator3_Handler                   0x00000283   Thumb Code     0  startup.o(RESET)
    PWM1Fault_Handler                        0x00000283   Thumb Code     0  startup.o(RESET)
    PWM1Generator0_Handler                   0x00000283   Thumb Code     0  startup.o(RESET)
    PWM1Generator1_Handler                   0x00000283   Thumb Code     0  startup.o(RESET)
    PWM1Generator2_Handler                   0x00000283   Thumb Code     0  startup.o(RESET)
    PWM1Generator3_Handler                   0x00000283   Thumb Code     0  startup.o(RESET)
    Quadrature0_Handler                      0x00000283   Thumb Code     0  startup.o(RESET)
    Quadrature1_Handler                      0x00000283   Thumb Code     0  startup.o(RESET)
    Quadrature2_Handler                      0x00000283   Thumb Code     0  startup.o(RESET)
    SSI0_Handler                             0x00000283   Thumb Code     0  startup.o(RESET)
    SSI1_Handler                             0x00000283   Thumb Code     0  startup.o(RESET)
    SSI2_Handler                             0x00000283   Thumb Code     0  startup.o(RESET)
    SSI3_Handler                             0x00000283   Thumb Code     0  startup.o(RESET)
    SysCtl_Handler                           0x00000283   Thumb Code     0  startup.o(RESET)
    Timer0A_Handler                          0x00000283   Thumb Code     0  startup.o(RESET)
    Timer0B_Handler                          0x00000283   Thumb Code     0  startup.o(RESET)
    Timer1A_Handler                          0x00000283   Thumb Code     0  startup.o(RESET)
    Timer1B_Handler                          0x00000283   Thumb Code     0  startup.o(RESET)
    Timer2A_Handler                          0x00000283   Thumb Code     0  startup.o(RESET)
    Timer2B_Handler                          0x00000283   Thumb Code     0  startup.o(RESET)
    Timer3A_Handler                          0x00000283   Thumb Code     0  startup.o(RESET)
    Timer3B_Handler                          0x00000283   Thumb Code     0  startup.o(RESET)
    Timer4B_Handler                          0x00000283   Thumb Code     0  startup.o(RESET)
    Timer5B_Handler                          0x00000283   Thumb Code     0  startup.o(RESET)
    UART0_Handler                            0x00000283   Thumb Code     0  startup.o(RESET)
    UART1_Handler                            0x00000283   Thumb Code     0  startup.o(RESET)
    UART2_Handler                            0x00000283   Thumb Code     0  startup.o(RESET)
    UART3_Handler                            0x00000283   Thumb Code     0  startup.o(RESET)
    UART4_Handler                            0x00000283   Thumb Code     0  startup.o(RESET)
    UART5_Handler                            0x00000283   Thumb Code     0  startup.o(RESET)
    UART6_Handler                            0x00000283   Thumb Code     0  startup.o(RESET)
    UART7_Handler                            0x00000283   Thumb Code     0  startup.o(RESET)
    USB0_Handler                             0x00000283   Thumb Code     0  startup.o(RESET)
    WDT_Handler                              0x00000283   Thumb Code     0  startup.o(RESET)
    WideTimer0A_Handler                      0x00000283   Thumb Code     0  startup.o(RESET)
    WideTimer0B_Handler                      0x00000283   Thumb Code     0  startup.o(RESET)
    WideTimer1A_Handler                      0x00000283   Thumb Code     0  startup.o(RESET)
    WideTimer1B_Handler                      0x00000283   Thumb Code     0  startup.o(RESET)
    WideTimer2A_Handler                      0x00000283   Thumb Code     0  startup.o(RESET)
    WideTimer2B_Handler                      0x00000283   Thumb Code     0  startup.o(RESET)
    WideTimer3A_Handler                      0x00000283   Thumb Code     0  startup.o(RESET)
    WideTimer3B_Handler                      0x00000283   Thumb Code     0  startup.o(RESET)
    WideTimer4A_Handler                      0x00000283   Thumb Code     0  startup.o(RESET)
    WideTimer4B_Handler                      0x00000283   Thumb Code     0  startup.o(RESET)
    WideTimer5A_Handler                      0x00000283   Thumb Code     0  startup.o(RESET)
    WideTimer5B_Handler                      0x00000283   Thumb Code     0  startup.o(RESET)
    uDMA_Error                               0x00000283   Thumb Code     0  startup.o(RESET)
    uDMA_Handler                             0x00000283   Thumb Code     0  startup.o(RESET)
    __main                                   0x00000285   Thumb Code     8  __main.o(!!!main)
    __scatterload                            0x0000028d   Thumb Code     0  __scatter.o(!!!scatter)
    __scatterload_rt2                        0x0000028d   Thumb Code    84  __scatter.o(!!!scatter)
    __scatterload_rt2_thumb_only             0x0000028d   Thumb Code     0  __scatter.o(!!!scatter)
    __scatterload_loop                       0x00000297   Thumb Code     0  __scatter.o(!!!scatter)
    __scatterload_copy                       0x000002e9   Thumb Code    26  __scatter_copy.o(!!handler_copy)
    __scatterload_null                       0x00000305   Thumb Code     2  __scatter.o(!!handler_null)
    __scatterload_zeroinit                   0x00000309   Thumb Code    28  __scatter_zi.o(!!handler_zi)
    __rt_lib_init                            0x00000325   Thumb Code     0  libinit.o(.ARM.Collect$$libinit$$00000000)
    __rt_lib_init_fp_1                       0x00000327   Thumb Code     0  libinit2.o(.ARM.Collect$$libinit$$00000002)
    __rt_lib_init_heap_1                     0x00000327   Thumb Code     0  libinit2.o(.ARM.Collect$$libinit$$0000000C)
    __rt_lib_init_preinit_1                  0x00000327   Thumb Code     0  libinit2.o(.ARM.Collect$$libinit$$00000006)
    __rt_lib_init_rand_2                     0x00000327   Thumb Code     0  libinit2.o(.ARM.Collect$$libinit$$0000000F)
    __rt_lib_init_relocate_pie_1             0x00000327   Thumb Code     0  libinit2.o(.ARM.Collect$$libinit$$00000004)
    __rt_lib_init_user_alloc_1               0x00000327   Thumb Code     0  libinit2.o(.ARM.Collect$$libinit$$0000000E)
    __rt_lib_init_alloca_1                   0x0000032b   Thumb Code     0  libinit2.o(.ARM.Collect$$libinit$$00000030)
    __rt_lib_init_argv_1                     0x0000032b   Thumb Code     0  libinit2.o(.ARM.Collect$$libinit$$0000002E)
    __rt_lib_init_atexit_1                   0x0000032b   Thumb Code     0  libinit2.o(.ARM.Collect$$libinit$$0000001D)
    __rt_lib_init_clock_1                    0x0000032b   Thumb Code     0  libinit2.o(.ARM.Collect$$libinit$$00000023)
    __rt_lib_init_cpp_1                      0x0000032b   Thumb Code     0  libinit2.o(.ARM.Collect$$libinit$$00000034)
    __rt_lib_init_exceptions_1               0x0000032b   Thumb Code     0  libinit2.o(.ARM.Collect$$libinit$$00000032)
    __rt_lib_init_fp_trap_1                  0x0000032b   Thumb Code     0  libinit2.o(.ARM.Collect$$libinit$$00000021)
    __rt_lib_init_getenv_1                   0x0000032b   Thumb Code     0  libinit2.o(.ARM.Collect$$libinit$$00000025)
    __rt_lib_init_lc_collate_1               0x0000032b   Thumb Code     0  libinit2.o(.ARM.Collect$$libinit$$00000013)
    __rt_lib_init_lc_ctype_1                 0x0000032b   Thumb Code     0  libinit2.o(.ARM.Collect$$libinit$$00000015)
    __rt_lib_init_lc_monetary_1              0x0000032b   Thumb Code     0  libinit2.o(.ARM.Collect$$libinit$$00000017)
    __rt_lib_init_lc_numeric_1               0x0000032b   Thumb Code     0  libinit2.o(.ARM.Collect$$libinit$$00000019)
    __rt_lib_init_lc_time_1                  0x0000032b   Thumb Code     0  libinit2.o(.ARM.Collect$$libinit$$0000001B)
    __rt_lib_init_rand_1                     0x0000032b   Thumb Code     0  libinit2.o(.ARM.Collect$$libinit$$00000010)
    __rt_lib_init_return                     0x0000032b   Thumb Code     0  libinit2.o(.ARM.Collect$$libinit$$00000035)
    __rt_lib_init_signal_1                   0x0000032b   Thumb Code     0  libinit2.o(.ARM.Collect$$libinit$$0000001F)
    __rt_lib_init_stdio_1                    0x0000032b   Thumb Code     0  libinit2.o(.ARM.Collect$$libinit$$00000027)
    __rt_lib_shutdown                        0x0000032d   Thumb Code     0  libshutdown.o(.ARM.Collect$$libshutdown$$00000000)
    __rt_lib_shutdown_cpp_1                  0x0000032f   Thumb Code     0  libshutdown2.o(.ARM.Collect$$libshutdown$$00000002)
    __rt_lib_shutdown_fp_trap_1              0x0000032f   Thumb Code     0  libshutdown2.o(.ARM.Collect$$libshutdown$$00000007)
    __rt_lib_shutdown_heap_1                 0x0000032f   Thumb Code     0  libshutdown2.o(.ARM.Collect$$libshutdown$$0000000F)
    __rt_lib_shutdown_return                 0x0000032f   Thumb Code     0  libshutdown2.o(.ARM.Collect$$libshutdown$$00000010)
    __rt_lib_shutdown_signal_1               0x0000032f   Thumb Code     0  libshutdown2.o(.ARM.Collect$$libshutdown$$0000000A)
    __rt_lib_shutdown_stdio_1                0x0000032f   Thumb Code     0  libshutdown2.o(.ARM.Collect$$libshutdown$$00000004)
    __rt_lib_shutdown_user_alloc_1           0x0000032f   Thumb Code     0  libshutdown2.o(.ARM.Collect$$libshutdown$$0000000C)
    __rt_entry                               0x00000331   Thumb Code     0  __rtentry.o(.ARM.Collect$$rtentry$$00000000)
    __rt_entry_presh_1                       0x00000331   Thumb Code     0  __rtentry2.o(.ARM.Collect$$rtentry$$00000002)
    __rt_entry_sh                            0x00000331   Thumb Code     0  __rtentry4.o(.ARM.Collect$$rtentry$$00000004)
    __rt_entry_li                            0x00000337   Thumb Code     0  __rtentry2.o(.ARM.Collect$$rtentry$$0000000A)
    __rt_entry_postsh_1                      0x00000337   Thumb Code     0  __rtentry2.o(.ARM.Collect$$rtentry$$00000009)
    __rt_entry_main                          0x0000033b   Thumb Code     0  __rtentry2.o(.ARM.Collect$$rtentry$$0000000D)
    __rt_entry_postli_1                      0x0000033b   Thumb Code     0  __rtentry2.o(.ARM.Collect$$rtentry$$0000000C)
    __rt_exit                                0x00000343   Thumb Code     0  rtexit.o(.ARM.Collect$$rtexit$$00000000)
    __rt_exit_ls                             0x00000345   Thumb Code     0  rtexit2.o(.ARM.Collect$$rtexit$$00000003)
    __rt_exit_prels_1                        0x00000345   Thumb Code     0  rtexit2.o(.ARM.Collect$$rtexit$$00000002)
    __rt_exit_exit                           0x00000349   Thumb Code     0  rtexit2.o(.ARM.Collect$$rtexit$$00000004)
    rand                                     0x00000351   Thumb Code    48  rand.o(.emb_text)
    DisableInterrupts                        0x00000385   Thumb Code     0  startup.o(.text)
    EnableInterrupts                         0x00000389   Thumb Code     0  startup.o(.text)
    StartCritical                            0x0000038d   Thumb Code     0  startup.o(.text)
    EndCritical                              0x00000395   Thumb Code     0  startup.o(.text)
    WaitForInterrupt                         0x0000039b   Thumb Code     0  startup.o(.text)
    __user_initial_stackheap                 0x0000039f   Thumb Code     0  startup.o(.text)
    srand                                    0x000003b5   Thumb Code    42  rand.o(.text)
    _rand_init                               0x000003df   Thumb Code     4  rand.o(.text)
    __use_two_region_memory                  0x000003f1   Thumb Code     2  heapauxi.o(.text)
    __rt_heap_escrow$2region                 0x000003f3   Thumb Code     2  heapauxi.o(.text)
    __rt_heap_expand$2region                 0x000003f5   Thumb Code     2  heapauxi.o(.text)
    __read_errno                             0x000003f7   Thumb Code    10  _rserrno.o(.text)
    __set_errno                              0x00000401   Thumb Code    12  _rserrno.o(.text)
    __aeabi_errno_addr                       0x0000040d   Thumb Code     8  rt_errno_addr_intlibspace.o(.text)
    __errno$intlibspace                      0x0000040d   Thumb Code     0  rt_errno_addr_intlibspace.o(.text)
    __rt_errno_addr$intlibspace              0x0000040d   Thumb Code     0  rt_errno_addr_intlibspace.o(.text)
    __user_libspace                          0x00000415   Thumb Code     8  libspace.o(.text)
    __user_perproc_libspace                  0x00000415   Thumb Code     0  libspace.o(.text)
    __user_perthread_libspace                0x00000415   Thumb Code     0  libspace.o(.text)
    __user_setup_stackheap                   0x0000041d   Thumb Code    74  sys_stackheap_outer.o(.text)
    exit                                     0x00000467   Thumb Code    18  exit.o(.text)
    __I$use$semihosting                      0x00000479   Thumb Code     0  use_no_semi.o(.text)
    __use_no_semihosting_swi                 0x00000479   Thumb Code     2  use_no_semi.o(.text)
    __semihosting_library_function           0x0000047b   Thumb Code     0  indicate_semi.o(.text)
    _sys_exit                                0x0000047d   Thumb Code     8  sys_exit.o(.text)
    ADC0_In                                  0x00000489   Thumb Code    78  adc.o(.text.ADC0_In)
    ADC0_Init                                0x000004d9   Thumb Code   112  adc.o(.text.ADC0_Init)
    Delay1ms                                 0x00000549   Thumb Code    46  spaceinvadersgame.o(.text.Delay1ms)
    Draw                                     0x00000579   Thumb Code   870  spaceinvadersgame.o(.text.Draw)
    Enemy_Init                               0x000008e1   Thumb Code   136  spaceinvadersgame.o(.text.Enemy_Init)
    Enemy_attacks                            0x00000969   Thumb Code   258  spaceinvadersgame.o(.text.Enemy_attacks)
    Enemy_attacks_update                     0x00000a6d   Thumb Code   368  spaceinvadersgame.o(.text.Enemy_attacks_update)
    GPIOPortE_Handler                        0x00000bdd   Thumb Code    90  spaceinvadersgame.o(.text.GPIOPortE_Handler)
    Move                                     0x00000c39   Thumb Code   500  spaceinvadersgame.o(.text.Move)
    Nokia5110_ClearBuffer                    0x00000e2d   Thumb Code    46  nokia5110.o(.text.Nokia5110_ClearBuffer)
    Nokia5110_DisplayBuffer                  0x00000e5d   Thumb Code    16  nokia5110.o(.text.Nokia5110_DisplayBuffer)
    Nokia5110_DrawFullImage                  0x00000e6d   Thumb Code    58  nokia5110.o(.text.Nokia5110_DrawFullImage)
    Nokia5110_Init                           0x00000ea9   Thumb Code   354  nokia5110.o(.text.Nokia5110_Init)
    Nokia5110_OutChar                        0x0000100d   Thumb Code    86  nokia5110.o(.text.Nokia5110_OutChar)
    Nokia5110_OutString                      0x00001065   Thumb Code    36  nokia5110.o(.text.Nokia5110_OutString)
    Nokia5110_PrintBMP                       0x00001089   Thumb Code   518  nokia5110.o(.text.Nokia5110_PrintBMP)
    Nokia5110_SetCursor                      0x00001291   Thumb Code    78  nokia5110.o(.text.Nokia5110_SetCursor)
    Normal_Attack                            0x000012e1   Thumb Code    88  spaceinvadersgame.o(.text.Normal_Attack)
    Normal_Attack_update                     0x00001339   Thumb Code   462  spaceinvadersgame.o(.text.Normal_Attack_update)
    PORTE_Init                               0x00001509   Thumb Code   228  spaceinvadersgame.o(.text.PORTE_Init)
    Randomize                                0x000015ed   Thumb Code   160  spaceinvadersgame.o(.text.Randomize)
    SpaceShip_Init                           0x0000168d   Thumb Code    36  spaceinvadersgame.o(.text.SpaceShip_Init)
    Special_Attack                           0x000016b1   Thumb Code   258  spaceinvadersgame.o(.text.Special_Attack)
    Special_Attack_update                    0x000017b5   Thumb Code  1402  spaceinvadersgame.o(.text.Special_Attack_update)
    SysTick_Handler                          0x00001d31   Thumb Code    90  spaceinvadersgame.o(.text.SysTick_Handler)
    SysTick_Init                             0x00001d8d   Thumb Code    66  spaceinvadersgame.o(.text.SysTick_Init)
    main                                     0x00001e61   Thumb Code   708  spaceinvadersgame.o(.text.main)
    ADC1_In                                  0x00002125   Thumb Code     6  texas.o(i.ADC1_In)
    ADC1_Init                                0x00002131   Thumb Code   174  texas.o(i.ADC1_Init)
    Encrypt                                  0x00002205   Thumb Code    92  texas.o(i.Encrypt)
    PLL_Init                                 0x00002271   Thumb Code   118  texas.o(i.PLL_Init)
    SetCode                                  0x000022ed   Thumb Code    20  texas.o(i.SetCode)
    SetCourse                                0x00002305   Thumb Code    20  texas.o(i.SetCourse)
    SetGrade                                 0x0000231d   Thumb Code   196  texas.o(i.SetGrade)
    TExaS_Init                               0x000023e9   Thumb Code   480  texas.o(i.TExaS_Init)
    Timer4A_Handler                          0x00002679   Thumb Code    20  texas.o(i.Timer4A_Handler)
    Timer5A_Handler                          0x00002699   Thumb Code  2132  texas.o(i.Timer5A_Handler)
    UART0_Init                               0x00002f19   Thumb Code   160  texas.o(i.UART0_Init)
    __ARM_fpclassify                         0x00002fd9   Thumb Code    40  fpclassify.o(i.__ARM_fpclassify)
    __kernel_poly                            0x00003001   Thumb Code   170  poly.o(i.__kernel_poly)
    __mathlib_dbl_divzero                    0x000030ad   Thumb Code    12  dunder.o(i.__mathlib_dbl_divzero)
    __mathlib_dbl_infnan2                    0x000030bd   Thumb Code     4  dunder.o(i.__mathlib_dbl_infnan2)
    __mathlib_dbl_invalid                    0x000030c1   Thumb Code    12  dunder.o(i.__mathlib_dbl_invalid)
    __mathlib_dbl_overflow                   0x000030cd   Thumb Code    14  dunder.o(i.__mathlib_dbl_overflow)
    __mathlib_dbl_underflow                  0x000030dd   Thumb Code    10  dunder.o(i.__mathlib_dbl_underflow)
    checkADCconfiguration                    0x000030ed   Thumb Code   150  texas.o(i.checkADCconfiguration)
    checkDisplayconfiguration                0x00003195   Thumb Code   636  texas.o(i.checkDisplayconfiguration)
    checkLinearity                           0x0000343d   Thumb Code   416  texas.o(i.checkLinearity)
    pow                                      0x000035e1   Thumb Code  2532  pow.o(i.pow)
    round                                    0x00003fcd   Thumb Code   136  round.o(i.round)
    sqrt                                     0x00004061   Thumb Code    76  sqrt.o(i.sqrt)
    __aeabi_dadd                             0x000040ad   Thumb Code     0  daddsub_clz.o(x$fpl$dadd)
    _dadd                                    0x000040ad   Thumb Code   332  daddsub_clz.o(x$fpl$dadd)
    __fpl_dcheck_NaN1                        0x000041fd   Thumb Code    10  dcheck1.o(x$fpl$dcheck1)
    __fpl_dcmp_Inf                           0x0000420d   Thumb Code    24  dcmpi.o(x$fpl$dcmpinf)
    __aeabi_ddiv                             0x00004225   Thumb Code     0  ddiv.o(x$fpl$ddiv)
    _ddiv                                    0x00004225   Thumb Code   556  ddiv.o(x$fpl$ddiv)
    __aeabi_d2uiz                            0x000044d9   Thumb Code     0  dfixu.o(x$fpl$dfixu)
    _dfixu                                   0x000044d9   Thumb Code    90  dfixu.o(x$fpl$dfixu)
    __aeabi_i2d                              0x00004533   Thumb Code     0  dflt_clz.o(x$fpl$dflt)
    _dflt                                    0x00004533   Thumb Code    46  dflt_clz.o(x$fpl$dflt)
    __aeabi_ui2d                             0x00004561   Thumb Code     0  dflt_clz.o(x$fpl$dfltu)
    _dfltu                                   0x00004561   Thumb Code    38  dflt_clz.o(x$fpl$dfltu)
    __aeabi_cdcmple                          0x00004589   Thumb Code     0  dleqf.o(x$fpl$dleqf)
    _dcmple                                  0x00004589   Thumb Code   120  dleqf.o(x$fpl$dleqf)
    __fpl_dcmple_InfNaN                      0x000045eb   Thumb Code     0  dleqf.o(x$fpl$dleqf)
    __aeabi_dmul                             0x00004601   Thumb Code     0  dmul.o(x$fpl$dmul)
    _dmul                                    0x00004601   Thumb Code   332  dmul.o(x$fpl$dmul)
    __fpl_dnaninf                            0x00004755   Thumb Code   156  dnaninf.o(x$fpl$dnaninf)
    __fpl_dretinf                            0x000047f1   Thumb Code    12  dretinf.o(x$fpl$dretinf)
    __aeabi_cdrcmple                         0x000047fd   Thumb Code     0  drleqf.o(x$fpl$drleqf)
    _drcmple                                 0x000047fd   Thumb Code   108  drleqf.o(x$fpl$drleqf)
    _drnd                                    0x00004869   Thumb Code   180  drnd.o(x$fpl$drnd)
    __aeabi_drsub                            0x0000491d   Thumb Code     0  daddsub_clz.o(x$fpl$drsb)
    _drsb                                    0x0000491d   Thumb Code    22  daddsub_clz.o(x$fpl$drsb)
    _dsqrt                                   0x00004935   Thumb Code   404  dsqrt_umaal.o(x$fpl$dsqrt)
    __aeabi_dsub                             0x00004acd   Thumb Code     0  daddsub_clz.o(x$fpl$dsub)
    _dsub                                    0x00004acd   Thumb Code   472  daddsub_clz.o(x$fpl$dsub)
    __aeabi_f2d                              0x00004ca9   Thumb Code     0  f2d.o(x$fpl$f2d)
    _f2d                                     0x00004ca9   Thumb Code    86  f2d.o(x$fpl$f2d)
    __aeabi_fadd                             0x00004d01   Thumb Code     0  faddsub_clz.o(x$fpl$fadd)
    _fadd                                    0x00004d01   Thumb Code   196  faddsub_clz.o(x$fpl$fadd)
    __aeabi_fdiv                             0x00004dc5   Thumb Code     0  fdiv.o(x$fpl$fdiv)
    _fdiv                                    0x00004dc5   Thumb Code   384  fdiv.o(x$fpl$fdiv)
    __aeabi_ui2f                             0x00004f49   Thumb Code     0  fflt_clz.o(x$fpl$ffltu)
    _ffltu                                   0x00004f49   Thumb Code    38  fflt_clz.o(x$fpl$ffltu)
    __aeabi_fmul                             0x00004f71   Thumb Code     0  fmul.o(x$fpl$fmul)
    _fmul                                    0x00004f71   Thumb Code   258  fmul.o(x$fpl$fmul)
    __fpl_fnaninf                            0x00005073   Thumb Code   140  fnaninf.o(x$fpl$fnaninf)
    __fpl_fretinf                            0x000050ff   Thumb Code    10  fretinf.o(x$fpl$fretinf)
    __aeabi_fsub                             0x00005109   Thumb Code     0  faddsub_clz.o(x$fpl$fsub)
    _fsub                                    0x00005109   Thumb Code   234  faddsub_clz.o(x$fpl$fsub)
    __fpl_return_NaN                         0x000051f3   Thumb Code   100  retnan.o(x$fpl$retnan)
    __ARM_scalbn                             0x00005257   Thumb Code    92  scalbn.o(x$fpl$scalbn)
    __fpl_cmpreturn                          0x000052b3   Thumb Code    48  trapv.o(x$fpl$trapveneer)
    __I$use$fp                               0x000052e2   Number         0  usenofp.o(x$fpl$usenofp)
    Port                                     0x000052e4   Data          24  texas.o(.constdata)
    InputPortMsgE2                           0x000052fc   Data          40  texas.o(.constdata)
    InputPortMsgE3                           0x00005324   Data          40  texas.o(.constdata)
    InputPortMsgE5                           0x0000534c   Data          40  texas.o(.constdata)
    OutputPortMsg0                           0x00005374   Data          40  texas.o(.constdata)
    OutputPortMsg1                           0x0000539c   Data          40  texas.o(.constdata)
    OutputPortMsg2                           0x000053c4   Data          40  texas.o(.constdata)
    OutputPortMsg3                           0x000053ec   Data          40  texas.o(.constdata)
    BlankMsg                                 0x00005414   Data          40  texas.o(.constdata)
    InitializedMsg                           0x0000543c   Data          40  texas.o(.constdata)
    IntroMsg                                 0x00005464   Data          40  texas.o(.constdata)
    DoneMsg                                  0x0000548c   Data          40  texas.o(.constdata)
    TestMsg                                  0x000054b4   Data          40  texas.o(.constdata)
    LabTest                                  0x000054dc   Data        5428  texas.o(.constdata)
    BgTest                                   0x00006a10   Data         160  texas.o(.constdata)
    ADCconfigSuccessMsg                      0x00006ab0   Data          25  texas.o(.constdata)
    ADCconfigErrorMsg                        0x00006ac9   Data          29  texas.o(.constdata)
    ADCconfigNotUsingS3Msg                   0x00006ae6   Data          34  texas.o(.constdata)
    ADCconfigBadTriggerMsg                   0x00006b08   Data          35  texas.o(.constdata)
    ADCconfigBadChannelMsg                   0x00006b2b   Data          35  texas.o(.constdata)
    ADCconfigTemperatureMsg                  0x00006b4e   Data          35  texas.o(.constdata)
    ADCconfigSIENotUsedMsg                   0x00006b71   Data          33  texas.o(.constdata)
    ADCconfigEndNotUsedMsg                   0x00006b92   Data          33  texas.o(.constdata)
    ADCconfigDifferentialMsg                 0x00006bb3   Data          36  texas.o(.constdata)
    DisplaySuccessMsg                        0x00006bd7   Data          32  texas.o(.constdata)
    DisplayErrorMsg                          0x00006bf7   Data          35  texas.o(.constdata)
    DisplayClockOffMsg                       0x00006c1a   Data          34  texas.o(.constdata)
    DisplayUART0WrongMsg                     0x00006c3c   Data          33  texas.o(.constdata)
    DisplayPortAWrongMsg                     0x00006c5d   Data          33  texas.o(.constdata)
    DisplaySSI0WrongMsg                      0x00006c7e   Data          32  texas.o(.constdata)
    Linearity90Msg                           0x00006c9e   Data          35  texas.o(.constdata)
    LinearityErrorMsg                        0x00006cc1   Data          30  texas.o(.constdata)
    LinearityOutMsg                          0x00006cdf   Data         330  texas.o(.constdata)
    Key                                      0x00006e29   Data           8  texas.o(.constdata)
    Scramble                                 0x00006e34   Data          32  texas.o(.constdata)
    DeScramble                               0x00006e54   Data          32  texas.o(.constdata)
    __mathlib_zero                           0x00006f00   Data           8  qnan.o(.constdata)
    Enemy1                                   0x000070e8   Data         151  spaceinvadersgame.o(.rodata.Enemy1)
    Enemy2                                   0x0000717f   Data         151  spaceinvadersgame.o(.rodata.Enemy2)
    Enemy_Lasers                             0x00007216   Data         147  spaceinvadersgame.o(.rodata.Enemy_Lasers)
    Explosion_1                              0x000072a9   Data         151  spaceinvadersgame.o(.rodata.Explosion_1)
    Laser_Normal                             0x00007340   Data         147  spaceinvadersgame.o(.rodata.Laser_Normal)
    Laser_s                                  0x000073d3   Data         143  spaceinvadersgame.o(.rodata.Laser_s)
    Laser_s135                               0x00007462   Data         143  spaceinvadersgame.o(.rodata.Laser_s135)
    Laser_s45                                0x000074f1   Data         143  spaceinvadersgame.o(.rodata.Laser_s45)
    Player_Explosion                         0x00007580   Data         239  spaceinvadersgame.o(.rodata.Player_Explosion)
    SpaceShip                                0x0000766f   Data         239  spaceinvadersgame.o(.rodata.SpaceShip)
    Region$$Table$$Base                      0x00007788   Number         0  anon$$obj.o(Region$$Table)
    Region$$Table$$Limit                     0x000077a8   Number         0  anon$$obj.o(Region$$Table)
    InPort                                   0x20000000   Data           4  texas.o(.data)
    OutPort                                  0x20000004   Data           4  texas.o(.data)
    BgTestStatus                             0x20000008   Data           1  texas.o(.data)
    TExaS_Period                             0x2000000c   Data           4  texas.o(.data)
    TExaS_Ports                              0x2000003c   Data           8  texas.o(.data)
    Display                                  0x20000044   Data           1  texas.o(.data)
    TExaS_Meter                              0x20000048   Data           4  texas.o(.data)
    ADCnum                                   0x2000004c   Data           4  texas.o(.data)
    LastMode                                 0x20000050   Data           4  texas.o(.data)
    bFlag                                    0x20000054   Data           4  texas.o(.data)
    Count                                    0x20000058   Data           4  texas.o(.data)
    DelayBetweenTests                        0x2000005c   Data           4  texas.o(.data)
    TExaS_Test                               0x20000060   Data           4  texas.o(.data)
    ScopeMode                                0x20000064   Data           4  texas.o(.data)
    ScopeCount                               0x20000068   Data           4  texas.o(.data)
    r2                                       0x2000006c   Data           4  texas.o(.data)
    count                                    0x20000070   Data           4  spaceinvadersgame.o(.data.count)
    enemy_laser_pass                         0x20000074   Data           4  spaceinvadersgame.o(.data.enemy_laser_pass)
    vertical_array                           0x20000078   Data          16  spaceinvadersgame.o(.data.vertical_array)
    x                                        0x20000088   Data           4  spaceinvadersgame.o(.data.x)
    TExaS                                    0x20000090   Data          56  texas.o(.bss)
    TExaS_ADC                                0x200000c8   Data         512  texas.o(.bss)
    MagicCode                                0x200002c8   Data          10  texas.o(.bss)
    EncriptedMagicCode                       0x200002d2   Data          10  texas.o(.bss)
    StudentID                                0x200002dc   Data          40  texas.o(.bss)
    _random_number_data                      0x20000304   Data         228  rand.o(.bss)
    __libspace_start                         0x200003e8   Data          96  libspace.o(.bss)
    Attack_Flag                              0x20000448   Data           4  spaceinvadersgame.o(.bss.Attack_Flag)
    __temporary_stack_top$libspace           0x20000448   Data           0  libspace.o(.bss)
    Distance                                 0x2000044c   Data           4  spaceinvadersgame.o(.bss.Distance)
    Enemy                                    0x20000450   Data         100  spaceinvadersgame.o(.bss.Enemy)
    Enemy_Laser                              0x200004b4   Data         400  spaceinvadersgame.o(.bss.Enemy_Laser)
    Enemy_Laser_number                       0x20000644   Data           4  spaceinvadersgame.o(.bss.Enemy_Laser_number)
    Explosion_135_Flag                       0x20000648   Data           4  spaceinvadersgame.o(.bss.Explosion_135_Flag)
    Explosion_135_x                          0x2000064c   Data           4  spaceinvadersgame.o(.bss.Explosion_135_x)
    Explosion_135_y                          0x20000650   Data           4  spaceinvadersgame.o(.bss.Explosion_135_y)
    Explosion_45_Flag                        0x20000654   Data           4  spaceinvadersgame.o(.bss.Explosion_45_Flag)
    Explosion_45_x                           0x20000658   Data           4  spaceinvadersgame.o(.bss.Explosion_45_x)
    Explosion_45_y                           0x2000065c   Data           4  spaceinvadersgame.o(.bss.Explosion_45_y)
    Explosion_90_Flag                        0x20000660   Data           4  spaceinvadersgame.o(.bss.Explosion_90_Flag)
    Explosion_90_x                           0x20000664   Data           4  spaceinvadersgame.o(.bss.Explosion_90_x)
    Explosion_90_y                           0x20000668   Data           4  spaceinvadersgame.o(.bss.Explosion_90_y)
    Explosion_Flag                           0x2000066c   Data           4  spaceinvadersgame.o(.bss.Explosion_Flag)
    Explosion_x                              0x20000670   Data           4  spaceinvadersgame.o(.bss.Explosion_x)
    Explosion_y                              0x20000674   Data           4  spaceinvadersgame.o(.bss.Explosion_y)
    Flag                                     0x20000678   Data           4  spaceinvadersgame.o(.bss.Flag)
    FrameCount                               0x2000067c   Data           4  spaceinvadersgame.o(.bss.FrameCount)
    Laser                                    0x20000680   Data         400  spaceinvadersgame.o(.bss.Laser)
    Laser_number                             0x20000810   Data           4  spaceinvadersgame.o(.bss.Laser_number)
    Lasers135                                0x20000814   Data         400  spaceinvadersgame.o(.bss.Lasers135)
    Lasers45                                 0x200009a4   Data         400  spaceinvadersgame.o(.bss.Lasers45)
    Lasers90                                 0x20000b34   Data         400  spaceinvadersgame.o(.bss.Lasers90)
    Player_Explosion_Flag                    0x20000cc4   Data           4  spaceinvadersgame.o(.bss.Player_Explosion_Flag)
    Player_Explosion_x                       0x20000cc8   Data           4  spaceinvadersgame.o(.bss.Player_Explosion_x)
    Player_Explosion_y                       0x20000ccc   Data           4  spaceinvadersgame.o(.bss.Player_Explosion_y)
    Screen                                   0x20000cd0   Data         504  nokia5110.o(.bss.Screen)
    Special_Laser_number                     0x20000ec8   Data           4  spaceinvadersgame.o(.bss.Special_Laser_number)
    enemy_attack_timer                       0x20000ecc   Data           4  spaceinvadersgame.o(.bss.enemy_attack_timer)
    j                                        0x20000ed0   Data           4  spaceinvadersgame.o(.bss.j)
    level_complete_Flag                      0x20000ed4   Data           4  spaceinvadersgame.o(.bss.level_complete_Flag)
    player                                   0x20000ed8   Data          20  spaceinvadersgame.o(.bss.player)
    special_attack_timer                     0x20000eec   Data           4  spaceinvadersgame.o(.bss.special_attack_timer)



==============================================================================

Memory Map of the image

  Image Entry point : 0x0000026d

  Load Region LR_1 (Base: 0x00000000, Size: 0x00007834, Max: 0xffffffff, ABSOLUTE)

    Execution Region ER_RO (Exec base: 0x00000000, Load base: 0x00000000, Size: 0x000077a8, Max: 0xffffffff, ABSOLUTE)

    Exec Addr    Load Addr    Size         Type   Attr      Idx    E Section Name        Object

    0x00000000   0x00000000   0x00000284   Code   RO            3  * RESET               startup.o
    0x00000284   0x00000284   0x00000008   Code   RO          335  * !!!main             c_w.l(__main.o)
    0x0000028c   0x0000028c   0x0000005c   Code   RO          606    !!!scatter          c_w.l(__scatter.o)
    0x000002e8   0x000002e8   0x0000001a   Code   RO          610    !!handler_copy      c_w.l(__scatter_copy.o)
    0x00000302   0x00000302   0x00000002   PAD
    0x00000304   0x00000304   0x00000002   Code   RO          607    !!handler_null      c_w.l(__scatter.o)
    0x00000306   0x00000306   0x00000002   PAD
    0x00000308   0x00000308   0x0000001c   Code   RO          612    !!handler_zi        c_w.l(__scatter_zi.o)
    0x00000324   0x00000324   0x00000002   Code   RO          522    .ARM.Collect$$libinit$$00000000  c_w.l(libinit.o)
    0x00000326   0x00000326   0x00000000   Code   RO          384    .ARM.Collect$$libinit$$00000002  c_w.l(libinit2.o)
    0x00000326   0x00000326   0x00000000   Code   RO          386    .ARM.Collect$$libinit$$00000004  c_w.l(libinit2.o)
    0x00000326   0x00000326   0x00000000   Code   RO          388    .ARM.Collect$$libinit$$00000006  c_w.l(libinit2.o)
    0x00000326   0x00000326   0x00000000   Code   RO          391    .ARM.Collect$$libinit$$0000000C  c_w.l(libinit2.o)
    0x00000326   0x00000326   0x00000000   Code   RO          393    .ARM.Collect$$libinit$$0000000E  c_w.l(libinit2.o)
    0x00000326   0x00000326   0x00000004   Code   RO          394    .ARM.Collect$$libinit$$0000000F  c_w.l(libinit2.o)
    0x0000032a   0x0000032a   0x00000000   Code   RO          395    .ARM.Collect$$libinit$$00000010  c_w.l(libinit2.o)
    0x0000032a   0x0000032a   0x00000000   Code   RO          398    .ARM.Collect$$libinit$$00000013  c_w.l(libinit2.o)
    0x0000032a   0x0000032a   0x00000000   Code   RO          400    .ARM.Collect$$libinit$$00000015  c_w.l(libinit2.o)
    0x0000032a   0x0000032a   0x00000000   Code   RO          402    .ARM.Collect$$libinit$$00000017  c_w.l(libinit2.o)
    0x0000032a   0x0000032a   0x00000000   Code   RO          404    .ARM.Collect$$libinit$$00000019  c_w.l(libinit2.o)
    0x0000032a   0x0000032a   0x00000000   Code   RO          406    .ARM.Collect$$libinit$$0000001B  c_w.l(libinit2.o)
    0x0000032a   0x0000032a   0x00000000   Code   RO          408    .ARM.Collect$$libinit$$0000001D  c_w.l(libinit2.o)
    0x0000032a   0x0000032a   0x00000000   Code   RO          410    .ARM.Collect$$libinit$$0000001F  c_w.l(libinit2.o)
    0x0000032a   0x0000032a   0x00000000   Code   RO          412    .ARM.Collect$$libinit$$00000021  c_w.l(libinit2.o)
    0x0000032a   0x0000032a   0x00000000   Code   RO          414    .ARM.Collect$$libinit$$00000023  c_w.l(libinit2.o)
    0x0000032a   0x0000032a   0x00000000   Code   RO          416    .ARM.Collect$$libinit$$00000025  c_w.l(libinit2.o)
    0x0000032a   0x0000032a   0x00000000   Code   RO          418    .ARM.Collect$$libinit$$00000027  c_w.l(libinit2.o)
    0x0000032a   0x0000032a   0x00000000   Code   RO          422    .ARM.Collect$$libinit$$0000002E  c_w.l(libinit2.o)
    0x0000032a   0x0000032a   0x00000000   Code   RO          424    .ARM.Collect$$libinit$$00000030  c_w.l(libinit2.o)
    0x0000032a   0x0000032a   0x00000000   Code   RO          426    .ARM.Collect$$libinit$$00000032  c_w.l(libinit2.o)
    0x0000032a   0x0000032a   0x00000000   Code   RO          428    .ARM.Collect$$libinit$$00000034  c_w.l(libinit2.o)
    0x0000032a   0x0000032a   0x00000002   Code   RO          429    .ARM.Collect$$libinit$$00000035  c_w.l(libinit2.o)
    0x0000032c   0x0000032c   0x00000002   Code   RO          565    .ARM.Collect$$libshutdown$$00000000  c_w.l(libshutdown.o)
    0x0000032e   0x0000032e   0x00000000   Code   RO          573    .ARM.Collect$$libshutdown$$00000002  c_w.l(libshutdown2.o)
    0x0000032e   0x0000032e   0x00000000   Code   RO          575    .ARM.Collect$$libshutdown$$00000004  c_w.l(libshutdown2.o)
    0x0000032e   0x0000032e   0x00000000   Code   RO          578    .ARM.Collect$$libshutdown$$00000007  c_w.l(libshutdown2.o)
    0x0000032e   0x0000032e   0x00000000   Code   RO          581    .ARM.Collect$$libshutdown$$0000000A  c_w.l(libshutdown2.o)
    0x0000032e   0x0000032e   0x00000000   Code   RO          583    .ARM.Collect$$libshutdown$$0000000C  c_w.l(libshutdown2.o)
    0x0000032e   0x0000032e   0x00000000   Code   RO          586    .ARM.Collect$$libshutdown$$0000000F  c_w.l(libshutdown2.o)
    0x0000032e   0x0000032e   0x00000002   Code   RO          587    .ARM.Collect$$libshutdown$$00000010  c_w.l(libshutdown2.o)
    0x00000330   0x00000330   0x00000000   Code   RO          380    .ARM.Collect$$rtentry$$00000000  c_w.l(__rtentry.o)
    0x00000330   0x00000330   0x00000000   Code   RO          477    .ARM.Collect$$rtentry$$00000002  c_w.l(__rtentry2.o)
    0x00000330   0x00000330   0x00000006   Code   RO          489    .ARM.Collect$$rtentry$$00000004  c_w.l(__rtentry4.o)
    0x00000336   0x00000336   0x00000000   Code   RO          479    .ARM.Collect$$rtentry$$00000009  c_w.l(__rtentry2.o)
    0x00000336   0x00000336   0x00000004   Code   RO          480    .ARM.Collect$$rtentry$$0000000A  c_w.l(__rtentry2.o)
    0x0000033a   0x0000033a   0x00000000   Code   RO          482    .ARM.Collect$$rtentry$$0000000C  c_w.l(__rtentry2.o)
    0x0000033a   0x0000033a   0x00000008   Code   RO          483    .ARM.Collect$$rtentry$$0000000D  c_w.l(__rtentry2.o)
    0x00000342   0x00000342   0x00000002   Code   RO          529    .ARM.Collect$$rtexit$$00000000  c_w.l(rtexit.o)
    0x00000344   0x00000344   0x00000000   Code   RO          543    .ARM.Collect$$rtexit$$00000002  c_w.l(rtexit2.o)
    0x00000344   0x00000344   0x00000004   Code   RO          544    .ARM.Collect$$rtexit$$00000003  c_w.l(rtexit2.o)
    0x00000348   0x00000348   0x00000006   Code   RO          545    .ARM.Collect$$rtexit$$00000004  c_w.l(rtexit2.o)
    0x0000034e   0x0000034e   0x00000002   PAD
    0x00000350   0x00000350   0x00000034   Code   RO          328    .emb_text           c_w.l(rand.o)
    0x00000384   0x00000384   0x00000030   Code   RO            4    .text               startup.o
    0x000003b4   0x000003b4   0x0000003c   Code   RO          329    .text               c_w.l(rand.o)
    0x000003f0   0x000003f0   0x00000006   Code   RO          333    .text               c_w.l(heapauxi.o)
    0x000003f6   0x000003f6   0x00000016   Code   RO          381    .text               c_w.l(_rserrno.o)
    0x0000040c   0x0000040c   0x00000008   Code   RO          494    .text               c_w.l(rt_errno_addr_intlibspace.o)
    0x00000414   0x00000414   0x00000008   Code   RO          506    .text               c_w.l(libspace.o)
    0x0000041c   0x0000041c   0x0000004a   Code   RO          509    .text               c_w.l(sys_stackheap_outer.o)
    0x00000466   0x00000466   0x00000012   Code   RO          511    .text               c_w.l(exit.o)
    0x00000478   0x00000478   0x00000002   Code   RO          539    .text               c_w.l(use_no_semi.o)
    0x0000047a   0x0000047a   0x00000000   Code   RO          541    .text               c_w.l(indicate_semi.o)
    0x0000047a   0x0000047a   0x00000002   PAD
    0x0000047c   0x0000047c   0x0000000c   Code   RO          555    .text               c_w.l(sys_exit.o)
    0x00000488   0x00000488   0x0000004e   Code   RO          154    .text.ADC0_In       adc.o
    0x000004d6   0x000004d6   0x00000002   PAD
    0x000004d8   0x000004d8   0x00000070   Code   RO          152    .text.ADC0_Init     adc.o
    0x00000548   0x00000548   0x0000002e   Code   RO           21    .text.Delay1ms      spaceinvadersgame.o
    0x00000576   0x00000576   0x00000002   PAD
    0x00000578   0x00000578   0x00000366   Code   RO           29    .text.Draw          spaceinvadersgame.o
    0x000008de   0x000008de   0x00000002   PAD
    0x000008e0   0x000008e0   0x00000088   Code   RO           23    .text.Enemy_Init    spaceinvadersgame.o
    0x00000968   0x00000968   0x00000102   Code   RO           41    .text.Enemy_attacks  spaceinvadersgame.o
    0x00000a6a   0x00000a6a   0x00000002   PAD
    0x00000a6c   0x00000a6c   0x00000170   Code   RO           43    .text.Enemy_attacks_update  spaceinvadersgame.o
    0x00000bdc   0x00000bdc   0x0000005a   Code   RO           19    .text.GPIOPortE_Handler  spaceinvadersgame.o
    0x00000c36   0x00000c36   0x00000002   PAD
    0x00000c38   0x00000c38   0x000001f4   Code   RO           27    .text.Move          spaceinvadersgame.o
    0x00000e2c   0x00000e2c   0x0000002e   Code   RO          134    .text.Nokia5110_ClearBuffer  nokia5110.o
    0x00000e5a   0x00000e5a   0x00000002   PAD
    0x00000e5c   0x00000e5c   0x00000010   Code   RO          140    .text.Nokia5110_DisplayBuffer  nokia5110.o
    0x00000e6c   0x00000e6c   0x0000003a   Code   RO          130    .text.Nokia5110_DrawFullImage  nokia5110.o
    0x00000ea6   0x00000ea6   0x00000002   PAD
    0x00000ea8   0x00000ea8   0x00000162   Code   RO          116    .text.Nokia5110_Init  nokia5110.o
    0x0000100a   0x0000100a   0x00000002   PAD
    0x0000100c   0x0000100c   0x00000056   Code   RO          120    .text.Nokia5110_OutChar  nokia5110.o
    0x00001062   0x00001062   0x00000002   PAD
    0x00001064   0x00001064   0x00000024   Code   RO          122    .text.Nokia5110_OutString  nokia5110.o
    0x00001088   0x00001088   0x00000206   Code   RO          132    .text.Nokia5110_PrintBMP  nokia5110.o
    0x0000128e   0x0000128e   0x00000002   PAD
    0x00001290   0x00001290   0x0000004e   Code   RO          126    .text.Nokia5110_SetCursor  nokia5110.o
    0x000012de   0x000012de   0x00000002   PAD
    0x000012e0   0x000012e0   0x00000058   Code   RO           33    .text.Normal_Attack  spaceinvadersgame.o
    0x00001338   0x00001338   0x000001ce   Code   RO           35    .text.Normal_Attack_update  spaceinvadersgame.o
    0x00001506   0x00001506   0x00000002   PAD
    0x00001508   0x00001508   0x000000e4   Code   RO           17    .text.PORTE_Init    spaceinvadersgame.o
    0x000015ec   0x000015ec   0x000000a0   Code   RO           31    .text.Randomize     spaceinvadersgame.o
    0x0000168c   0x0000168c   0x00000024   Code   RO           25    .text.SpaceShip_Init  spaceinvadersgame.o
    0x000016b0   0x000016b0   0x00000102   Code   RO           37    .text.Special_Attack  spaceinvadersgame.o
    0x000017b2   0x000017b2   0x00000002   PAD
    0x000017b4   0x000017b4   0x0000057a   Code   RO           39    .text.Special_Attack_update  spaceinvadersgame.o
    0x00001d2e   0x00001d2e   0x00000002   PAD
    0x00001d30   0x00001d30   0x0000005a   Code   RO           15    .text.SysTick_Handler  spaceinvadersgame.o
    0x00001d8a   0x00001d8a   0x00000002   PAD
    0x00001d8c   0x00001d8c   0x00000042   Code   RO           13    .text.SysTick_Init  spaceinvadersgame.o
    0x00001dce   0x00001dce   0x00000002   PAD
    0x00001dd0   0x00001dd0   0x00000090   Code   RO          118    .text.lcdwrite      nokia5110.o
    0x00001e60   0x00001e60   0x000002c4   Code   RO           45    .text.main          spaceinvadersgame.o
    0x00002124   0x00002124   0x0000000c   Code   RO          162    i.ADC1_In           texas.o
    0x00002130   0x00002130   0x000000d4   Code   RO          163    i.ADC1_Init         texas.o
    0x00002204   0x00002204   0x0000006c   Code   RO          165    i.Encrypt           texas.o
    0x00002270   0x00002270   0x0000007c   Code   RO          166    i.PLL_Init          texas.o
    0x000022ec   0x000022ec   0x00000018   Code   RO          168    i.SetCode           texas.o
    0x00002304   0x00002304   0x00000018   Code   RO          169    i.SetCourse         texas.o
    0x0000231c   0x0000231c   0x000000cc   Code   RO          170    i.SetGrade          texas.o
    0x000023e8   0x000023e8   0x00000290   Code   RO          174    i.TExaS_Init        texas.o
    0x00002678   0x00002678   0x00000020   Code   RO          176    i.Timer4A_Handler   texas.o
    0x00002698   0x00002698   0x00000880   Code   RO          177    i.Timer5A_Handler   texas.o
    0x00002f18   0x00002f18   0x000000c0   Code   RO          180    i.UART0_Init        texas.o
    0x00002fd8   0x00002fd8   0x00000028   Code   RO          467    i.__ARM_fpclassify  m_ws.l(fpclassify.o)
    0x00003000   0x00003000   0x000000aa   Code   RO          469    i.__kernel_poly     m_ws.l(poly.o)
    0x000030aa   0x000030aa   0x00000002   PAD
    0x000030ac   0x000030ac   0x00000010   Code   RO          453    i.__mathlib_dbl_divzero  m_ws.l(dunder.o)
    0x000030bc   0x000030bc   0x00000004   Code   RO          455    i.__mathlib_dbl_infnan2  m_ws.l(dunder.o)
    0x000030c0   0x000030c0   0x0000000c   Code   RO          456    i.__mathlib_dbl_invalid  m_ws.l(dunder.o)
    0x000030cc   0x000030cc   0x0000000e   Code   RO          457    i.__mathlib_dbl_overflow  m_ws.l(dunder.o)
    0x000030da   0x000030da   0x00000002   PAD
    0x000030dc   0x000030dc   0x00000010   Code   RO          459    i.__mathlib_dbl_underflow  m_ws.l(dunder.o)
    0x000030ec   0x000030ec   0x000000a8   Code   RO          183    i.checkADCconfiguration  texas.o
    0x00003194   0x00003194   0x000002a8   Code   RO          184    i.checkDisplayconfiguration  texas.o
    0x0000343c   0x0000343c   0x000001a4   Code   RO          185    i.checkLinearity    texas.o
    0x000035e0   0x000035e0   0x000009ec   Code   RO          374    i.pow               m_ws.l(pow.o)
    0x00003fcc   0x00003fcc   0x00000094   Code   RO          378    i.round             m_ws.l(round.o)
    0x00004060   0x00004060   0x0000004c   Code   RO          473    i.sqrt              m_ws.l(sqrt.o)
    0x000040ac   0x000040ac   0x00000150   Code   RO          430    x$fpl$dadd          fz_ws.l(daddsub_clz.o)
    0x000041fc   0x000041fc   0x00000010   Code   RO          498    x$fpl$dcheck1       fz_ws.l(dcheck1.o)
    0x0000420c   0x0000420c   0x00000018   Code   RO          500    x$fpl$dcmpinf       fz_ws.l(dcmpi.o)
    0x00004224   0x00004224   0x000002b4   Code   RO          338    x$fpl$ddiv          fz_ws.l(ddiv.o)
    0x000044d8   0x000044d8   0x0000005a   Code   RO          341    x$fpl$dfixu         fz_ws.l(dfixu.o)
    0x00004532   0x00004532   0x0000002e   Code   RO          346    x$fpl$dflt          fz_ws.l(dflt_clz.o)
    0x00004560   0x00004560   0x00000026   Code   RO          345    x$fpl$dfltu         fz_ws.l(dflt_clz.o)
    0x00004586   0x00004586   0x00000002   PAD
    0x00004588   0x00004588   0x00000078   Code   RO          436    x$fpl$dleqf         fz_ws.l(dleqf.o)
    0x00004600   0x00004600   0x00000154   Code   RO          351    x$fpl$dmul          fz_ws.l(dmul.o)
    0x00004754   0x00004754   0x0000009c   Code   RO          438    x$fpl$dnaninf       fz_ws.l(dnaninf.o)
    0x000047f0   0x000047f0   0x0000000c   Code   RO          440    x$fpl$dretinf       fz_ws.l(dretinf.o)
    0x000047fc   0x000047fc   0x0000006c   Code   RO          442    x$fpl$drleqf        fz_ws.l(drleqf.o)
    0x00004868   0x00004868   0x000000b4   Code   RO          444    x$fpl$drnd          fz_ws.l(drnd.o)
    0x0000491c   0x0000491c   0x00000016   Code   RO          431    x$fpl$drsb          fz_ws.l(daddsub_clz.o)
    0x00004932   0x00004932   0x00000002   PAD
    0x00004934   0x00004934   0x00000198   Code   RO          502    x$fpl$dsqrt         fz_ws.l(dsqrt_umaal.o)
    0x00004acc   0x00004acc   0x000001dc   Code   RO          432    x$fpl$dsub          fz_ws.l(daddsub_clz.o)
    0x00004ca8   0x00004ca8   0x00000056   Code   RO          353    x$fpl$f2d           fz_ws.l(f2d.o)
    0x00004cfe   0x00004cfe   0x00000002   PAD
    0x00004d00   0x00004d00   0x000000c4   Code   RO          355    x$fpl$fadd          fz_ws.l(faddsub_clz.o)
    0x00004dc4   0x00004dc4   0x00000184   Code   RO          362    x$fpl$fdiv          fz_ws.l(fdiv.o)
    0x00004f48   0x00004f48   0x00000026   Code   RO          365    x$fpl$ffltu         fz_ws.l(fflt_clz.o)
    0x00004f6e   0x00004f6e   0x00000002   PAD
    0x00004f70   0x00004f70   0x00000102   Code   RO          371    x$fpl$fmul          fz_ws.l(fmul.o)
    0x00005072   0x00005072   0x0000008c   Code   RO          446    x$fpl$fnaninf       fz_ws.l(fnaninf.o)
    0x000050fe   0x000050fe   0x0000000a   Code   RO          448    x$fpl$fretinf       fz_ws.l(fretinf.o)
    0x00005108   0x00005108   0x000000ea   Code   RO          357    x$fpl$fsub          fz_ws.l(faddsub_clz.o)
    0x000051f2   0x000051f2   0x00000064   Code   RO          523    x$fpl$retnan        fz_ws.l(retnan.o)
    0x00005256   0x00005256   0x0000005c   Code   RO          450    x$fpl$scalbn        fz_ws.l(scalbn.o)
    0x000052b2   0x000052b2   0x00000030   Code   RO          537    x$fpl$trapveneer    fz_ws.l(trapv.o)
    0x000052e2   0x000052e2   0x00000000   Code   RO          452    x$fpl$usenofp       fz_ws.l(usenofp.o)
    0x000052e2   0x000052e2   0x00000002   PAD
    0x000052e4   0x000052e4   0x00001b90   Data   RO          188    .constdata          texas.o
    0x00006e74   0x00006e74   0x00000004   PAD
    0x00006e78   0x00006e78   0x00000088   Data   RO          375    .constdata          m_ws.l(pow.o)
    0x00006f00   0x00006f00   0x00000008   Data   RO          471    .constdata          m_ws.l(qnan.o)
    0x00006f08   0x00006f08   0x000001e0   Data   RO          142    .rodata.ASCII       nokia5110.o
    0x000070e8   0x000070e8   0x00000097   Data   RO           73    .rodata.Enemy1      spaceinvadersgame.o
    0x0000717f   0x0000717f   0x00000097   Data   RO           74    .rodata.Enemy2      spaceinvadersgame.o
    0x00007216   0x00007216   0x00000093   Data   RO           75    .rodata.Enemy_Lasers  spaceinvadersgame.o
    0x000072a9   0x000072a9   0x00000097   Data   RO           81    .rodata.Explosion_1  spaceinvadersgame.o
    0x00007340   0x00007340   0x00000093   Data   RO           76    .rodata.Laser_Normal  spaceinvadersgame.o
    0x000073d3   0x000073d3   0x0000008f   Data   RO           77    .rodata.Laser_s     spaceinvadersgame.o
    0x00007462   0x00007462   0x0000008f   Data   RO           79    .rodata.Laser_s135  spaceinvadersgame.o
    0x000074f1   0x000074f1   0x0000008f   Data   RO           78    .rodata.Laser_s45   spaceinvadersgame.o
    0x00007580   0x00007580   0x000000ef   Data   RO           82    .rodata.Player_Explosion  spaceinvadersgame.o
    0x0000766f   0x0000766f   0x000000ef   Data   RO           80    .rodata.SpaceShip   spaceinvadersgame.o
    0x0000775e   0x0000775e   0x00000028   Data   RO          104    .rodata.str1.1      spaceinvadersgame.o
    0x00007786   0x00007786   0x00000002   PAD
    0x00007788   0x00007788   0x00000020   Data   RO          605    Region$$Table       anon$$obj.o


    Execution Region ER_RW (Exec base: 0x20000000, Load base: 0x000077a8, Size: 0x0000008c, Max: 0xffffffff, ABSOLUTE)

    Exec Addr    Load Addr    Size         Type   Attr      Idx    E Section Name        Object

    0x20000000   0x000077a8   0x00000070   Data   RW          189    .data               texas.o
    0x20000070   0x00007818   0x00000004   Data   RW           85    .data.count         spaceinvadersgame.o
    0x20000074   0x0000781c   0x00000004   Data   RW           50    .data.enemy_laser_pass  spaceinvadersgame.o
    0x20000078   0x00007820   0x00000010   Data   RW           86    .data.vertical_array  spaceinvadersgame.o
    0x20000088   0x00007830   0x00000004   Data   RW           88    .data.x             spaceinvadersgame.o


    Execution Region ER_ZI (Exec base: 0x20000090, Load base: 0x00007834, Size: 0x00001260, Max: 0xffffffff, ABSOLUTE)

    Exec Addr    Load Addr    Size         Type   Attr      Idx    E Section Name        Object

    0x20000090        -       0x00000274   Zero   RW          187    .bss                texas.o
    0x20000304        -       0x000000e4   Zero   RW          330    .bss                c_w.l(rand.o)
    0x200003e8        -       0x00000060   Zero   RW          507    .bss                c_w.l(libspace.o)
    0x20000448        -       0x00000004   Zero   RW           63    .bss.Attack_Flag    spaceinvadersgame.o
    0x2000044c        -       0x00000004   Zero   RW          106    .bss.Distance       spaceinvadersgame.o
    0x20000450        -       0x00000064   Zero   RW           83    .bss.Enemy          spaceinvadersgame.o
    0x200004b4        -       0x00000190   Zero   RW           93    .bss.Enemy_Laser    spaceinvadersgame.o
    0x20000644        -       0x00000004   Zero   RW           66    .bss.Enemy_Laser_number  spaceinvadersgame.o
    0x20000648        -       0x00000004   Zero   RW           71    .bss.Explosion_135_Flag  spaceinvadersgame.o
    0x2000064c        -       0x00000004   Zero   RW          102    .bss.Explosion_135_x  spaceinvadersgame.o
    0x20000650        -       0x00000004   Zero   RW          103    .bss.Explosion_135_y  spaceinvadersgame.o
    0x20000654        -       0x00000004   Zero   RW           70    .bss.Explosion_45_Flag  spaceinvadersgame.o
    0x20000658        -       0x00000004   Zero   RW          100    .bss.Explosion_45_x  spaceinvadersgame.o
    0x2000065c        -       0x00000004   Zero   RW          101    .bss.Explosion_45_y  spaceinvadersgame.o
    0x20000660        -       0x00000004   Zero   RW           69    .bss.Explosion_90_Flag  spaceinvadersgame.o
    0x20000664        -       0x00000004   Zero   RW           98    .bss.Explosion_90_x  spaceinvadersgame.o
    0x20000668        -       0x00000004   Zero   RW           99    .bss.Explosion_90_y  spaceinvadersgame.o
    0x2000066c        -       0x00000004   Zero   RW           67    .bss.Explosion_Flag  spaceinvadersgame.o
    0x20000670        -       0x00000004   Zero   RW           94    .bss.Explosion_x    spaceinvadersgame.o
    0x20000674        -       0x00000004   Zero   RW           95    .bss.Explosion_y    spaceinvadersgame.o
    0x20000678        -       0x00000004   Zero   RW           47    .bss.Flag           spaceinvadersgame.o
    0x2000067c        -       0x00000004   Zero   RW           52    .bss.FrameCount     spaceinvadersgame.o
    0x20000680        -       0x00000190   Zero   RW           89    .bss.Laser          spaceinvadersgame.o
    0x20000810        -       0x00000004   Zero   RW           64    .bss.Laser_number   spaceinvadersgame.o
    0x20000814        -       0x00000190   Zero   RW           92    .bss.Lasers135      spaceinvadersgame.o
    0x200009a4        -       0x00000190   Zero   RW           91    .bss.Lasers45       spaceinvadersgame.o
    0x20000b34        -       0x00000190   Zero   RW           90    .bss.Lasers90       spaceinvadersgame.o
    0x20000cc4        -       0x00000004   Zero   RW           68    .bss.Player_Explosion_Flag  spaceinvadersgame.o
    0x20000cc8        -       0x00000004   Zero   RW           96    .bss.Player_Explosion_x  spaceinvadersgame.o
    0x20000ccc        -       0x00000004   Zero   RW           97    .bss.Player_Explosion_y  spaceinvadersgame.o
    0x20000cd0        -       0x000001f8   Zero   RW          144    .bss.Screen         nokia5110.o
    0x20000ec8        -       0x00000004   Zero   RW           65    .bss.Special_Laser_number  spaceinvadersgame.o
    0x20000ecc        -       0x00000004   Zero   RW           49    .bss.enemy_attack_timer  spaceinvadersgame.o
    0x20000ed0        -       0x00000004   Zero   RW           87    .bss.j              spaceinvadersgame.o
    0x20000ed4        -       0x00000004   Zero   RW           72    .bss.level_complete_Flag  spaceinvadersgame.o
    0x20000ed8        -       0x00000014   Zero   RW           84    .bss.player         spaceinvadersgame.o
    0x20000eec        -       0x00000004   Zero   RW           48    .bss.special_attack_timer  spaceinvadersgame.o
    0x20000ef0        -       0x00000000   Zero   RW            2    HEAP                startup.o
    0x20000ef0        -       0x00000400   Zero   RW            1    STACK               startup.o


==============================================================================

Image component sizes


      Code (inc. data)   RO Data    RW Data    ZI Data      Debug   Object Name

       190          0          0          0          0        609   adc.o
      1336          4        480          0        504       4146   nokia5110.o
      5766          0       1694         28       2224       8956   spaceinvadersgame.o
       692        632          0          0       1024        948   startup.o
      5032        592       7056        112        628      29993   texas.o

    ----------------------------------------------------------------------
     13048       1228       9268        140       4380      44652   Object Totals
         0          0         32          0          0          0   (incl. Generated)
        32          0          6          0          0          0   (incl. Padding)

    ----------------------------------------------------------------------

      Code (inc. data)   RO Data    RW Data    ZI Data      Debug   Library Member Name

         8          0          0          0          0         68   __main.o
         0          0          0          0          0          0   __rtentry.o
        12          0          0          0          0          0   __rtentry2.o
         6          0          0          0          0          0   __rtentry4.o
        94          8          0          0          0          0   __scatter.o
        26          0          0          0          0          0   __scatter_copy.o
        28          0          0          0          0          0   __scatter_zi.o
        22          0          0          0          0        100   _rserrno.o
        18          0          0          0          0         80   exit.o
         6          0          0          0          0        152   heapauxi.o
         0          0          0          0          0          0   indicate_semi.o
         2          0          0          0          0          0   libinit.o
         6          0          0          0          0          0   libinit2.o
         2          0          0          0          0          0   libshutdown.o
         2          0          0          0          0          0   libshutdown2.o
         8          4          0          0         96         68   libspace.o
       112         18          0          0        228        160   rand.o
         8          4          0          0          0         68   rt_errno_addr_intlibspace.o
         2          0          0          0          0          0   rtexit.o
        10          0          0          0          0          0   rtexit2.o
        12          4          0          0          0         68   sys_exit.o
        74          0          0          0          0         80   sys_stackheap_outer.o
         2          0          0          0          0         68   use_no_semi.o
       834         16          0          0          0        372   daddsub_clz.o
        16          4          0          0          0         68   dcheck1.o
        24          0          0          0          0         68   dcmpi.o
       692        140          0          0          0        216   ddiv.o
        90          4          0          0          0         92   dfixu.o
        84          0          0          0          0        136   dflt_clz.o
       120          4          0          0          0         92   dleqf.o
       340         12          0          0          0        104   dmul.o
       156          4          0          0          0         92   dnaninf.o
        12          0          0          0          0         68   dretinf.o
       108          0          0          0          0         80   drleqf.o
       180          4          0          0          0         80   drnd.o
       408         56          0          0          0        120   dsqrt_umaal.o
        86          4          0          0          0         84   f2d.o
       430          8          0          0          0        168   faddsub_clz.o
       388         76          0          0          0         96   fdiv.o
        38          0          0          0          0         68   fflt_clz.o
       258          4          0          0          0         84   fmul.o
       140          4          0          0          0         84   fnaninf.o
        10          0          0          0          0         68   fretinf.o
       100          0          0          0          0         68   retnan.o
        92          0          0          0          0         68   scalbn.o
        48          0          0          0          0         68   trapv.o
         0          0          0          0          0          0   usenofp.o
        62         10          0          0          0        340   dunder.o
        40          0          0          0          0         68   fpclassify.o
       170          0          0          0          0         96   poly.o
      2540        188        136          0          0        332   pow.o
         0          0          8          0          0          0   qnan.o
       148         12          0          0          0         88   round.o
        76          0          0          0          0         84   sqrt.o

    ----------------------------------------------------------------------
      8172        588        144          0        324       4364   Library Totals
        22          0          0          0          0          0   (incl. Padding)

    ----------------------------------------------------------------------

      Code (inc. data)   RO Data    RW Data    ZI Data      Debug   Library Name

       460         38          0          0        324        912   c_w.l
      4654        340          0          0          0       2444   fz_ws.l
      3036        210        144          0          0       1008   m_ws.l

    ----------------------------------------------------------------------
      8172        588        144          0        324       4364   Library Totals

    ----------------------------------------------------------------------

==============================================================================


      Code (inc. data)   RO Data    RW Data    ZI Data      Debug   

     21220       1816       9412        140       4704      46232   Grand Totals
     21220       1816       9412        140       4704      46232   ELF Image Totals
     21220       1816       9412        140          0          0   ROM Totals

==============================================================================

    Total RO  Size (Code + RO Data)                30632 (  29.91kB)
    Total RW  Size (RW Data + ZI Data)              4844 (   4.73kB)
    Total ROM Size (Code + RO Data + RW Data)      30772 (  30.05kB)

==============================================================================

