Component: Arm Compiler for Embedded 6.21 Tool: armlink [5ec1fa00]

==============================================================================

Section Cross References

    startup.o(STACK) refers (Special) to heapauxi.o(.text) for __use_two_region_memory
    startup.o(HEAP) refers (Special) to heapauxi.o(.text) for __use_two_region_memory
    startup.o(RESET) refers (Special) to heapauxi.o(.text) for __use_two_region_memory
    startup.o(RESET) refers to startup.o(STACK) for StackMem
    startup.o(RESET) refers to spaceinvadersgame.o(.text.SysTick_Handler) for SysTick_Handler
    startup.o(RESET) refers to texas.o(i.Timer4A_Handler) for Timer4A_Handler
    startup.o(RESET) refers to texas.o(i.Timer5A_Handler) for Timer5A_Handler
    startup.o(RESET) refers to __main.o(!!!main) for __main
    startup.o(.text) refers (Special) to heapauxi.o(.text) for __use_two_region_memory
    startup.o(.text) refers to startup.o(HEAP) for HeapMem
    startup.o(.text) refers to startup.o(STACK) for StackMem
    spaceinvadersgame.o(.ARM.exidx.text.SysTick_Init) refers to spaceinvadersgame.o(.text.SysTick_Init) for [Anonymous Symbol]
    spaceinvadersgame.o(.text.SysTick_Handler) refers to spaceinvadersgame.o(.bss.Flag) for Flag
    spaceinvadersgame.o(.text.SysTick_Handler) refers to spaceinvadersgame.o(.data.speed_divider) for speed_divider
    spaceinvadersgame.o(.ARM.exidx.text.SysTick_Handler) refers to spaceinvadersgame.o(.text.SysTick_Handler) for [Anonymous Symbol]
    spaceinvadersgame.o(.ARM.exidx.text.Delay1ms) refers to spaceinvadersgame.o(.text.Delay1ms) for [Anonymous Symbol]
    spaceinvadersgame.o(.text.Enemy_Init) refers to spaceinvadersgame.o(.bss.Enemy) for Enemy
    spaceinvadersgame.o(.text.Enemy_Init) refers to spaceinvadersgame.o(.rodata.Enemy1) for Enemy1
    spaceinvadersgame.o(.text.Enemy_Init) refers to spaceinvadersgame.o(.rodata.Enemy2) for Enemy2
    spaceinvadersgame.o(.ARM.exidx.text.Enemy_Init) refers to spaceinvadersgame.o(.text.Enemy_Init) for [Anonymous Symbol]
    spaceinvadersgame.o(.text.SpaceShip_Init) refers to adc.o(.text.ADC0_In) for ADC0_In
    spaceinvadersgame.o(.text.SpaceShip_Init) refers to spaceinvadersgame.o(.bss.player) for player
    spaceinvadersgame.o(.text.SpaceShip_Init) refers to spaceinvadersgame.o(.rodata.SpaceShip) for SpaceShip
    spaceinvadersgame.o(.ARM.exidx.text.SpaceShip_Init) refers to spaceinvadersgame.o(.text.SpaceShip_Init) for [Anonymous Symbol]
    spaceinvadersgame.o(.text.Move) refers to spaceinvadersgame.o(.data.count) for count
    spaceinvadersgame.o(.text.Move) refers to spaceinvadersgame.o(.bss.Enemy) for Enemy
    spaceinvadersgame.o(.text.Move) refers to spaceinvadersgame.o(.data.enemy_width) for enemy_width
    spaceinvadersgame.o(.text.Move) refers to spaceinvadersgame.o(.bss.j) for j
    spaceinvadersgame.o(.text.Move) refers to spaceinvadersgame.o(.data.vertical_array) for vertical_array
    spaceinvadersgame.o(.text.Move) refers to spaceinvadersgame.o(.text.Draw) for Draw
    spaceinvadersgame.o(.ARM.exidx.text.Move) refers to spaceinvadersgame.o(.text.Move) for [Anonymous Symbol]
    spaceinvadersgame.o(.text.Draw) refers to nokia5110.o(.text.Nokia5110_ClearBuffer) for Nokia5110_ClearBuffer
    spaceinvadersgame.o(.text.Draw) refers to spaceinvadersgame.o(.bss.Enemy) for Enemy
    spaceinvadersgame.o(.text.Draw) refers to spaceinvadersgame.o(.bss.FrameCount) for FrameCount
    spaceinvadersgame.o(.text.Draw) refers to nokia5110.o(.text.Nokia5110_PrintBMP) for Nokia5110_PrintBMP
    spaceinvadersgame.o(.text.Draw) refers to nokia5110.o(.text.Nokia5110_DisplayBuffer) for Nokia5110_DisplayBuffer
    spaceinvadersgame.o(.ARM.exidx.text.Draw) refers to spaceinvadersgame.o(.text.Draw) for [Anonymous Symbol]
    spaceinvadersgame.o(.text.main) refers to texas.o(i.TExaS_Init) for TExaS_Init
    spaceinvadersgame.o(.text.main) refers to adc.o(.text.ADC0_Init) for ADC0_Init
    spaceinvadersgame.o(.text.main) refers to nokia5110.o(.text.Nokia5110_Init) for Nokia5110_Init
    spaceinvadersgame.o(.text.main) refers to spaceinvadersgame.o(.text.SysTick_Init) for SysTick_Init
    spaceinvadersgame.o(.text.main) refers to startup.o(.text) for EnableInterrupts
    spaceinvadersgame.o(.text.main) refers to spaceinvadersgame.o(.rodata.image) for image
    spaceinvadersgame.o(.text.main) refers to nokia5110.o(.text.Nokia5110_PrintBMP) for Nokia5110_PrintBMP
    spaceinvadersgame.o(.text.main) refers to nokia5110.o(.text.Nokia5110_DisplayBuffer) for Nokia5110_DisplayBuffer
    spaceinvadersgame.o(.text.main) refers to spaceinvadersgame.o(.text.Delay1ms) for Delay1ms
    spaceinvadersgame.o(.text.main) refers to nokia5110.o(.text.Nokia5110_ClearBuffer) for Nokia5110_ClearBuffer
    spaceinvadersgame.o(.text.main) refers to spaceinvadersgame.o(.text.Enemy_Init) for Enemy_Init
    spaceinvadersgame.o(.text.main) refers to spaceinvadersgame.o(.text.Draw) for Draw
    spaceinvadersgame.o(.text.main) refers to spaceinvadersgame.o(.bss.Flag) for Flag
    spaceinvadersgame.o(.text.main) refers to spaceinvadersgame.o(.data.speed_divider) for speed_divider
    spaceinvadersgame.o(.text.main) refers to spaceinvadersgame.o(.text.Move) for Move
    spaceinvadersgame.o(.ARM.exidx.text.main) refers to spaceinvadersgame.o(.text.main) for [Anonymous Symbol]
    nokia5110.o(.text.Nokia5110_Init) refers to nokia5110.o(.text.lcdwrite) for lcdwrite
    nokia5110.o(.ARM.exidx.text.Nokia5110_Init) refers to nokia5110.o(.text.Nokia5110_Init) for [Anonymous Symbol]
    nokia5110.o(.ARM.exidx.text.lcdwrite) refers to nokia5110.o(.text.lcdwrite) for [Anonymous Symbol]
    nokia5110.o(.text.Nokia5110_OutChar) refers to nokia5110.o(.text.lcdwrite) for lcdwrite
    nokia5110.o(.text.Nokia5110_OutChar) refers to nokia5110.o(.rodata.ASCII) for ASCII
    nokia5110.o(.ARM.exidx.text.Nokia5110_OutChar) refers to nokia5110.o(.text.Nokia5110_OutChar) for [Anonymous Symbol]
    nokia5110.o(.text.Nokia5110_OutString) refers to nokia5110.o(.text.Nokia5110_OutChar) for Nokia5110_OutChar
    nokia5110.o(.ARM.exidx.text.Nokia5110_OutString) refers to nokia5110.o(.text.Nokia5110_OutString) for [Anonymous Symbol]
    nokia5110.o(.text.Nokia5110_OutUDec) refers to nokia5110.o(.rodata.str1.1) for .L.str
    nokia5110.o(.text.Nokia5110_OutUDec) refers to nokia5110.o(.text.Nokia5110_OutString) for Nokia5110_OutString
    nokia5110.o(.text.Nokia5110_OutUDec) refers to nokia5110.o(.text.Nokia5110_OutChar) for Nokia5110_OutChar
    nokia5110.o(.ARM.exidx.text.Nokia5110_OutUDec) refers to nokia5110.o(.text.Nokia5110_OutUDec) for [Anonymous Symbol]
    nokia5110.o(.text.Nokia5110_SetCursor) refers to nokia5110.o(.text.lcdwrite) for lcdwrite
    nokia5110.o(.ARM.exidx.text.Nokia5110_SetCursor) refers to nokia5110.o(.text.Nokia5110_SetCursor) for [Anonymous Symbol]
    nokia5110.o(.text.Nokia5110_Clear) refers to nokia5110.o(.text.lcdwrite) for lcdwrite
    nokia5110.o(.text.Nokia5110_Clear) refers to nokia5110.o(.text.Nokia5110_SetCursor) for Nokia5110_SetCursor
    nokia5110.o(.ARM.exidx.text.Nokia5110_Clear) refers to nokia5110.o(.text.Nokia5110_Clear) for [Anonymous Symbol]
    nokia5110.o(.text.Nokia5110_DrawFullImage) refers to nokia5110.o(.text.Nokia5110_SetCursor) for Nokia5110_SetCursor
    nokia5110.o(.text.Nokia5110_DrawFullImage) refers to nokia5110.o(.text.lcdwrite) for lcdwrite
    nokia5110.o(.ARM.exidx.text.Nokia5110_DrawFullImage) refers to nokia5110.o(.text.Nokia5110_DrawFullImage) for [Anonymous Symbol]
    nokia5110.o(.text.Nokia5110_PrintBMP) refers to nokia5110.o(.bss.Screen) for Screen
    nokia5110.o(.ARM.exidx.text.Nokia5110_PrintBMP) refers to nokia5110.o(.text.Nokia5110_PrintBMP) for [Anonymous Symbol]
    nokia5110.o(.text.Nokia5110_ClearBuffer) refers to nokia5110.o(.bss.Screen) for Screen
    nokia5110.o(.ARM.exidx.text.Nokia5110_ClearBuffer) refers to nokia5110.o(.text.Nokia5110_ClearBuffer) for [Anonymous Symbol]
    nokia5110.o(.text.Nokia5110_SetPixel) refers to nokia5110.o(.bss.Screen) for Screen
    nokia5110.o(.ARM.exidx.text.Nokia5110_SetPixel) refers to nokia5110.o(.text.Nokia5110_SetPixel) for [Anonymous Symbol]
    nokia5110.o(.text.Nokia5110_ClearPixel) refers to nokia5110.o(.bss.Screen) for Screen
    nokia5110.o(.ARM.exidx.text.Nokia5110_ClearPixel) refers to nokia5110.o(.text.Nokia5110_ClearPixel) for [Anonymous Symbol]
    nokia5110.o(.text.Nokia5110_DisplayBuffer) refers to nokia5110.o(.bss.Screen) for Screen
    nokia5110.o(.text.Nokia5110_DisplayBuffer) refers to nokia5110.o(.text.Nokia5110_DrawFullImage) for Nokia5110_DrawFullImage
    nokia5110.o(.ARM.exidx.text.Nokia5110_DisplayBuffer) refers to nokia5110.o(.text.Nokia5110_DisplayBuffer) for [Anonymous Symbol]
    adc.o(.ARM.exidx.text.ADC0_Init) refers to adc.o(.text.ADC0_Init) for [Anonymous Symbol]
    adc.o(.ARM.exidx.text.ADC0_In) refers to adc.o(.text.ADC0_In) for [Anonymous Symbol]
    texas.o(i.Decrypt) refers to texas.o(.bss) for EncriptedMagicCode
    texas.o(i.Decrypt) refers to texas.o(.constdata) for DeScramble
    texas.o(i.Encrypt) refers to texas.o(i.SetCode) for SetCode
    texas.o(i.Encrypt) refers to texas.o(.bss) for MagicCode
    texas.o(i.Encrypt) refers to texas.o(.constdata) for Key
    texas.o(i.SetCode) refers to texas.o(.bss) for TExaS
    texas.o(i.SetCourse) refers to texas.o(.bss) for TExaS
    texas.o(i.SetGrade) refers to texas.o(i.Encrypt) for Encrypt
    texas.o(i.SetGrade) refers to texas.o(.bss) for MagicCode
    texas.o(i.SetMode) refers to texas.o(.bss) for TExaS
    texas.o(i.StartTimer4) refers to texas.o(.data) for ScopeCount
    texas.o(i.TExaS_Init) refers to texas.o(i.PLL_Init) for PLL_Init
    texas.o(i.TExaS_Init) refers to texas.o(i.SetCourse) for SetCourse
    texas.o(i.TExaS_Init) refers to texas.o(i.UART0_Init) for UART0_Init
    texas.o(i.TExaS_Init) refers to texas.o(i.SetCode) for SetCode
    texas.o(i.TExaS_Init) refers to texas.o(i.ADC1_Init) for ADC1_Init
    texas.o(i.TExaS_Init) refers to texas.o(.constdata) for IntroMsg
    texas.o(i.TExaS_Init) refers to texas.o(.bss) for TExaS
    texas.o(i.TExaS_Init) refers to texas.o(.data) for LastMode
    texas.o(i.Timer5A_Handler) refers to texas.o(i.ADC1_In) for ADC1_In
    texas.o(i.Timer5A_Handler) refers to texas.o(i.SetGrade) for SetGrade
    texas.o(i.Timer5A_Handler) refers to texas.o(i.checkADCconfiguration) for checkADCconfiguration
    texas.o(i.Timer5A_Handler) refers to texas.o(i.checkDisplayconfiguration) for checkDisplayconfiguration
    texas.o(i.Timer5A_Handler) refers to texas.o(i.checkLinearity) for checkLinearity
    texas.o(i.Timer5A_Handler) refers to texas.o(.data) for TExaS_Period
    texas.o(i.Timer5A_Handler) refers to texas.o(.bss) for TExaS
    texas.o(i.Timer5A_Handler) refers to texas.o(.constdata) for BlankMsg
    texas.o(i.Timer5A_Handler) refers to spaceinvadersgame.o(.bss.Distance) for Distance
    texas.o(i.checkADCconfiguration) refers to texas.o(.data) for InPort
    texas.o(i.checkDisplayconfiguration) refers to texas.o(.data) for Display
    texas.o(i.checkLinearity) refers to texas.o(.data) for r2
    __main.o(!!!main) refers to __rtentry.o(.ARM.Collect$$rtentry$$00000000) for __rt_entry
    __rtentry.o(.ARM.Collect$$rtentry$$00000000) refers (Special) to __rtentry2.o(.ARM.Collect$$rtentry$$0000000A) for __rt_entry_li
    __rtentry.o(.ARM.Collect$$rtentry$$00000000) refers (Special) to __rtentry2.o(.ARM.Collect$$rtentry$$0000000D) for __rt_entry_main
    __rtentry.o(.ARM.Collect$$rtentry$$00000000) refers (Special) to __rtentry2.o(.ARM.Collect$$rtentry$$0000000C) for __rt_entry_postli_1
    __rtentry.o(.ARM.Collect$$rtentry$$00000000) refers (Special) to __rtentry2.o(.ARM.Collect$$rtentry$$00000009) for __rt_entry_postsh_1
    __rtentry.o(.ARM.Collect$$rtentry$$00000000) refers (Special) to __rtentry2.o(.ARM.Collect$$rtentry$$00000002) for __rt_entry_presh_1
    __rtentry.o(.ARM.Collect$$rtentry$$00000000) refers (Special) to __rtentry4.o(.ARM.Collect$$rtentry$$00000004) for __rt_entry_sh
    __rtentry2.o(.ARM.Collect$$rtentry$$00000008) refers to boardinit2.o(.text) for _platform_post_stackheap_init
    __rtentry2.o(.ARM.Collect$$rtentry$$0000000A) refers to libinit.o(.ARM.Collect$$libinit$$00000000) for __rt_lib_init
    __rtentry2.o(.ARM.Collect$$rtentry$$0000000B) refers to boardinit3.o(.text) for _platform_post_lib_init
    __rtentry2.o(.ARM.Collect$$rtentry$$0000000D) refers to spaceinvadersgame.o(.text.main) for main
    __rtentry2.o(.ARM.Collect$$rtentry$$0000000D) refers to exit.o(.text) for exit
    __rtentry2.o(.ARM.exidx) refers to __rtentry2.o(.ARM.Collect$$rtentry$$00000001) for .ARM.Collect$$rtentry$$00000001
    __rtentry2.o(.ARM.exidx) refers to __rtentry2.o(.ARM.Collect$$rtentry$$00000008) for .ARM.Collect$$rtentry$$00000008
    __rtentry2.o(.ARM.exidx) refers to __rtentry2.o(.ARM.Collect$$rtentry$$0000000A) for .ARM.Collect$$rtentry$$0000000A
    __rtentry2.o(.ARM.exidx) refers to __rtentry2.o(.ARM.Collect$$rtentry$$0000000B) for .ARM.Collect$$rtentry$$0000000B
    __rtentry2.o(.ARM.exidx) refers to __rtentry2.o(.ARM.Collect$$rtentry$$0000000D) for .ARM.Collect$$rtentry$$0000000D
    __rtentry4.o(.ARM.Collect$$rtentry$$00000004) refers to sys_stackheap_outer.o(.text) for __user_setup_stackheap
    __rtentry4.o(.ARM.exidx) refers to __rtentry4.o(.ARM.Collect$$rtentry$$00000004) for .ARM.Collect$$rtentry$$00000004
    sys_stackheap_outer.o(.text) refers to libspace.o(.text) for __user_perproc_libspace
    sys_stackheap_outer.o(.text) refers to startup.o(.text) for __user_initial_stackheap
    exit.o(.text) refers to rtexit.o(.ARM.Collect$$rtexit$$00000000) for __rt_exit
    libinit.o(.ARM.Collect$$libinit$$00000000) refers (Special) to libinit2.o(.ARM.Collect$$libinit$$00000030) for __rt_lib_init_alloca_1
    libinit.o(.ARM.Collect$$libinit$$00000000) refers (Special) to libinit2.o(.ARM.Collect$$libinit$$0000002E) for __rt_lib_init_argv_1
    libinit.o(.ARM.Collect$$libinit$$00000000) refers (Special) to libinit2.o(.ARM.Collect$$libinit$$0000001D) for __rt_lib_init_atexit_1
    libinit.o(.ARM.Collect$$libinit$$00000000) refers (Special) to libinit2.o(.ARM.Collect$$libinit$$00000023) for __rt_lib_init_clock_1
    libinit.o(.ARM.Collect$$libinit$$00000000) refers (Special) to libinit2.o(.ARM.Collect$$libinit$$00000034) for __rt_lib_init_cpp_1
    libinit.o(.ARM.Collect$$libinit$$00000000) refers (Special) to libinit2.o(.ARM.Collect$$libinit$$00000032) for __rt_lib_init_exceptions_1
    libinit.o(.ARM.Collect$$libinit$$00000000) refers (Special) to libinit2.o(.ARM.Collect$$libinit$$00000002) for __rt_lib_init_fp_1
    libinit.o(.ARM.Collect$$libinit$$00000000) refers (Special) to libinit2.o(.ARM.Collect$$libinit$$00000021) for __rt_lib_init_fp_trap_1
    libinit.o(.ARM.Collect$$libinit$$00000000) refers (Special) to libinit2.o(.ARM.Collect$$libinit$$00000025) for __rt_lib_init_getenv_1
    libinit.o(.ARM.Collect$$libinit$$00000000) refers (Special) to libinit2.o(.ARM.Collect$$libinit$$0000000C) for __rt_lib_init_heap_1
    libinit.o(.ARM.Collect$$libinit$$00000000) refers (Special) to libinit2.o(.ARM.Collect$$libinit$$00000013) for __rt_lib_init_lc_collate_1
    libinit.o(.ARM.Collect$$libinit$$00000000) refers (Special) to libinit2.o(.ARM.Collect$$libinit$$00000015) for __rt_lib_init_lc_ctype_1
    libinit.o(.ARM.Collect$$libinit$$00000000) refers (Special) to libinit2.o(.ARM.Collect$$libinit$$00000017) for __rt_lib_init_lc_monetary_1
    libinit.o(.ARM.Collect$$libinit$$00000000) refers (Special) to libinit2.o(.ARM.Collect$$libinit$$00000019) for __rt_lib_init_lc_numeric_1
    libinit.o(.ARM.Collect$$libinit$$00000000) refers (Special) to libinit2.o(.ARM.Collect$$libinit$$0000001B) for __rt_lib_init_lc_time_1
    libinit.o(.ARM.Collect$$libinit$$00000000) refers (Special) to libinit2.o(.ARM.Collect$$libinit$$00000006) for __rt_lib_init_preinit_1
    libinit.o(.ARM.Collect$$libinit$$00000000) refers (Special) to libinit2.o(.ARM.Collect$$libinit$$00000010) for __rt_lib_init_rand_1
    libinit.o(.ARM.Collect$$libinit$$00000000) refers (Special) to libinit2.o(.ARM.Collect$$libinit$$00000004) for __rt_lib_init_relocate_pie_1
    libinit.o(.ARM.Collect$$libinit$$00000000) refers (Special) to libinit2.o(.ARM.Collect$$libinit$$00000035) for __rt_lib_init_return
    libinit.o(.ARM.Collect$$libinit$$00000000) refers (Special) to libinit2.o(.ARM.Collect$$libinit$$0000001F) for __rt_lib_init_signal_1
    libinit.o(.ARM.Collect$$libinit$$00000000) refers (Special) to libinit2.o(.ARM.Collect$$libinit$$00000027) for __rt_lib_init_stdio_1
    libinit.o(.ARM.Collect$$libinit$$00000000) refers (Special) to libinit2.o(.ARM.Collect$$libinit$$0000000E) for __rt_lib_init_user_alloc_1
    libspace.o(.text) refers to libspace.o(.bss) for __libspace_start
    rtexit.o(.ARM.Collect$$rtexit$$00000000) refers (Special) to rtexit2.o(.ARM.Collect$$rtexit$$00000004) for __rt_exit_exit
    rtexit.o(.ARM.Collect$$rtexit$$00000000) refers (Special) to rtexit2.o(.ARM.Collect$$rtexit$$00000003) for __rt_exit_ls
    rtexit.o(.ARM.Collect$$rtexit$$00000000) refers (Special) to rtexit2.o(.ARM.Collect$$rtexit$$00000002) for __rt_exit_prels_1
    rtexit.o(.ARM.exidx) refers (Special) to rtexit2.o(.ARM.Collect$$rtexit$$00000004) for __rt_exit_exit
    rtexit.o(.ARM.exidx) refers (Special) to rtexit2.o(.ARM.Collect$$rtexit$$00000003) for __rt_exit_ls
    rtexit.o(.ARM.exidx) refers (Special) to rtexit2.o(.ARM.Collect$$rtexit$$00000002) for __rt_exit_prels_1
    rtexit.o(.ARM.exidx) refers to rtexit.o(.ARM.Collect$$rtexit$$00000000) for .ARM.Collect$$rtexit$$00000000
    libinit2.o(.ARM.Collect$$libinit$$00000012) refers to libinit2.o(.ARM.Collect$$libinit$$00000011) for .ARM.Collect$$libinit$$00000011
    libinit2.o(.ARM.Collect$$libinit$$00000014) refers to libinit2.o(.ARM.Collect$$libinit$$00000011) for .ARM.Collect$$libinit$$00000011
    libinit2.o(.ARM.Collect$$libinit$$00000016) refers to libinit2.o(.ARM.Collect$$libinit$$00000011) for .ARM.Collect$$libinit$$00000011
    libinit2.o(.ARM.Collect$$libinit$$00000018) refers to libinit2.o(.ARM.Collect$$libinit$$00000011) for .ARM.Collect$$libinit$$00000011
    libinit2.o(.ARM.Collect$$libinit$$0000001A) refers to libinit2.o(.ARM.Collect$$libinit$$00000011) for .ARM.Collect$$libinit$$00000011
    libinit2.o(.ARM.Collect$$libinit$$00000028) refers to argv_veneer.o(.emb_text) for __ARM_argv_veneer
    libinit2.o(.ARM.Collect$$libinit$$00000029) refers to argv_veneer.o(.emb_text) for __ARM_argv_veneer
    rtexit2.o(.ARM.Collect$$rtexit$$00000003) refers to libshutdown.o(.ARM.Collect$$libshutdown$$00000000) for __rt_lib_shutdown
    rtexit2.o(.ARM.Collect$$rtexit$$00000004) refers to sys_exit.o(.text) for _sys_exit
    rtexit2.o(.ARM.exidx) refers to rtexit2.o(.ARM.Collect$$rtexit$$00000001) for .ARM.Collect$$rtexit$$00000001
    rtexit2.o(.ARM.exidx) refers to rtexit2.o(.ARM.Collect$$rtexit$$00000003) for .ARM.Collect$$rtexit$$00000003
    rtexit2.o(.ARM.exidx) refers to rtexit2.o(.ARM.Collect$$rtexit$$00000004) for .ARM.Collect$$rtexit$$00000004
    argv_veneer.o(.emb_text) refers to no_argv.o(.text) for __ARM_get_argv
    sys_exit.o(.text) refers (Special) to use_no_semi.o(.text) for __I$use$semihosting
    sys_exit.o(.text) refers (Special) to indicate_semi.o(.text) for __semihosting_library_function
    sys_exit_hlt.o(.text) refers (Special) to use_no_semi.o(.text) for __I$use$semihosting
    sys_exit_hlt.o(.text) refers (Special) to indicate_semi.o(.text) for __semihosting_library_function
    _get_argv_nomalloc.o(.text) refers (Special) to hrguard.o(.text) for __heap_region$guard
    _get_argv_nomalloc.o(.text) refers to defsig_rtmem_outer.o(.text) for __rt_SIGRTMEM
    _get_argv_nomalloc.o(.text) refers to sys_command.o(.text) for _sys_command_string
    libshutdown.o(.ARM.Collect$$libshutdown$$00000000) refers (Special) to libshutdown2.o(.ARM.Collect$$libshutdown$$00000002) for __rt_lib_shutdown_cpp_1
    libshutdown.o(.ARM.Collect$$libshutdown$$00000000) refers (Special) to libshutdown2.o(.ARM.Collect$$libshutdown$$00000007) for __rt_lib_shutdown_fp_trap_1
    libshutdown.o(.ARM.Collect$$libshutdown$$00000000) refers (Special) to libshutdown2.o(.ARM.Collect$$libshutdown$$0000000F) for __rt_lib_shutdown_heap_1
    libshutdown.o(.ARM.Collect$$libshutdown$$00000000) refers (Special) to libshutdown2.o(.ARM.Collect$$libshutdown$$00000010) for __rt_lib_shutdown_return
    libshutdown.o(.ARM.Collect$$libshutdown$$00000000) refers (Special) to libshutdown2.o(.ARM.Collect$$libshutdown$$0000000A) for __rt_lib_shutdown_signal_1
    libshutdown.o(.ARM.Collect$$libshutdown$$00000000) refers (Special) to libshutdown2.o(.ARM.Collect$$libshutdown$$00000004) for __rt_lib_shutdown_stdio_1
    libshutdown.o(.ARM.Collect$$libshutdown$$00000000) refers (Special) to libshutdown2.o(.ARM.Collect$$libshutdown$$0000000C) for __rt_lib_shutdown_user_alloc_1
    sys_command.o(.text) refers (Special) to use_no_semi.o(.text) for __I$use$semihosting
    sys_command.o(.text) refers (Special) to indicate_semi.o(.text) for __semihosting_library_function
    sys_command_hlt.o(.text) refers (Special) to use_no_semi.o(.text) for __I$use$semihosting
    sys_command_hlt.o(.text) refers (Special) to indicate_semi.o(.text) for __semihosting_library_function
    defsig_rtmem_outer.o(.text) refers to defsig_rtmem_inner.o(.text) for __rt_SIGRTMEM_inner
    defsig_rtmem_outer.o(.text) refers to defsig_exit.o(.text) for __sig_exit
    defsig_rtmem_formal.o(.text) refers to rt_raise.o(.text) for __rt_raise
    rt_raise.o(.text) refers to __raise.o(.text) for __raise
    rt_raise.o(.text) refers to sys_exit.o(.text) for _sys_exit
    defsig_exit.o(.text) refers to sys_exit.o(.text) for _sys_exit
    defsig_rtmem_inner.o(.text) refers to defsig_general.o(.text) for __default_signal_display
    __raise.o(.text) refers to defsig.o(CL$$defsig) for __default_signal_handler
    defsig_general.o(.text) refers to sys_wrch.o(.text) for _ttywrch
    sys_wrch.o(.text) refers (Special) to use_no_semi.o(.text) for __I$use$semihosting
    sys_wrch.o(.text) refers (Special) to indicate_semi.o(.text) for __semihosting_library_function
    sys_wrch_hlt.o(.text) refers (Special) to use_no_semi.o(.text) for __I$use$semihosting
    sys_wrch_hlt.o(.text) refers (Special) to indicate_semi.o(.text) for __semihosting_library_function
    defsig.o(CL$$defsig) refers to defsig_rtmem_inner.o(.text) for __rt_SIGRTMEM_inner
    defsig_abrt_inner.o(.text) refers to defsig_general.o(.text) for __default_signal_display
    defsig_fpe_inner.o(.text) refers to defsig_general.o(.text) for __default_signal_display
    defsig_rtred_inner.o(.text) refers to defsig_general.o(.text) for __default_signal_display
    defsig_stak_inner.o(.text) refers to defsig_general.o(.text) for __default_signal_display
    defsig_pvfn_inner.o(.text) refers to defsig_general.o(.text) for __default_signal_display
    defsig_cppl_inner.o(.text) refers to defsig_general.o(.text) for __default_signal_display
    defsig_segv_inner.o(.text) refers to defsig_general.o(.text) for __default_signal_display
    defsig_other.o(.text) refers to defsig_general.o(.text) for __default_signal_display


==============================================================================

Removing Unused input sections from the image.

    Removing spaceinvadersgame.o(.text), (0 bytes).
    Removing spaceinvadersgame.o(.ARM.exidx.text.SysTick_Init), (8 bytes).
    Removing spaceinvadersgame.o(.ARM.exidx.text.SysTick_Handler), (8 bytes).
    Removing spaceinvadersgame.o(.ARM.exidx.text.Delay1ms), (8 bytes).
    Removing spaceinvadersgame.o(.ARM.exidx.text.Enemy_Init), (8 bytes).
    Removing spaceinvadersgame.o(.text.SpaceShip_Init), (36 bytes).
    Removing spaceinvadersgame.o(.ARM.exidx.text.SpaceShip_Init), (8 bytes).
    Removing spaceinvadersgame.o(.ARM.exidx.text.Move), (8 bytes).
    Removing spaceinvadersgame.o(.ARM.exidx.text.Draw), (8 bytes).
    Removing spaceinvadersgame.o(.ARM.exidx.text.main), (8 bytes).
    Removing spaceinvadersgame.o(.bss.TimerCount), (4 bytes).
    Removing spaceinvadersgame.o(.data.SpaceShip_width), (4 bytes).
    Removing spaceinvadersgame.o(.rodata.Laser0), (163 bytes).
    Removing spaceinvadersgame.o(.rodata.Laser1), (151 bytes).
    Removing spaceinvadersgame.o(.rodata.SpaceShip), (239 bytes).
    Removing spaceinvadersgame.o(.rodata.Explosion), (215 bytes).
    Removing spaceinvadersgame.o(.bss.player), (20 bytes).
    Removing spaceinvadersgame.o(.bss.String), (10 bytes).
    Removing spaceinvadersgame.o(.bss.ADCdata), (4 bytes).
    Removing spaceinvadersgame.o(.ARM.use_no_argv), (4 bytes).
    Removing nokia5110.o(.text), (0 bytes).
    Removing nokia5110.o(.ARM.exidx.text.Nokia5110_Init), (8 bytes).
    Removing nokia5110.o(.ARM.exidx.text.lcdwrite), (8 bytes).
    Removing nokia5110.o(.text.Nokia5110_OutChar), (86 bytes).
    Removing nokia5110.o(.ARM.exidx.text.Nokia5110_OutChar), (8 bytes).
    Removing nokia5110.o(.text.Nokia5110_OutString), (36 bytes).
    Removing nokia5110.o(.ARM.exidx.text.Nokia5110_OutString), (8 bytes).
    Removing nokia5110.o(.text.Nokia5110_OutUDec), (612 bytes).
    Removing nokia5110.o(.ARM.exidx.text.Nokia5110_OutUDec), (8 bytes).
    Removing nokia5110.o(.ARM.exidx.text.Nokia5110_SetCursor), (8 bytes).
    Removing nokia5110.o(.text.Nokia5110_Clear), (50 bytes).
    Removing nokia5110.o(.ARM.exidx.text.Nokia5110_Clear), (8 bytes).
    Removing nokia5110.o(.ARM.exidx.text.Nokia5110_DrawFullImage), (8 bytes).
    Removing nokia5110.o(.ARM.exidx.text.Nokia5110_PrintBMP), (8 bytes).
    Removing nokia5110.o(.ARM.exidx.text.Nokia5110_ClearBuffer), (8 bytes).
    Removing nokia5110.o(.text.Nokia5110_SetPixel), (96 bytes).
    Removing nokia5110.o(.ARM.exidx.text.Nokia5110_SetPixel), (8 bytes).
    Removing nokia5110.o(.text.Nokia5110_ClearPixel), (96 bytes).
    Removing nokia5110.o(.ARM.exidx.text.Nokia5110_ClearPixel), (8 bytes).
    Removing nokia5110.o(.ARM.exidx.text.Nokia5110_DisplayBuffer), (8 bytes).
    Removing nokia5110.o(.rodata.ASCII), (480 bytes).
    Removing nokia5110.o(.rodata.str1.1), (12 bytes).
    Removing adc.o(.text), (0 bytes).
    Removing adc.o(.ARM.exidx.text.ADC0_Init), (8 bytes).
    Removing adc.o(.text.ADC0_In), (78 bytes).
    Removing adc.o(.ARM.exidx.text.ADC0_In), (8 bytes).
    Removing texas.o(i.Decrypt), (92 bytes).
    Removing texas.o(i.PortD2_Init), (108 bytes).
    Removing texas.o(i.SetMode), (24 bytes).
    Removing texas.o(i.StartTimer4), (36 bytes).
    Removing texas.o(i.StopTimer4), (24 bytes).
    Removing texas.o(i.TExaS_Stop), (28 bytes).
    Removing texas.o(i.UART0_InChar), (24 bytes).
    Removing texas.o(i.UART0_InCharNonBlocking), (28 bytes).
    Removing texas.o(i.UART0_OutChar), (24 bytes).
    Removing texas.o(i.UART0_OutCharNonBlock), (12 bytes).
    Removing texas.o(i.copy), (18 bytes).

57 unused section(s) (total 2998 bytes) removed from the image.

==============================================================================

Image Symbol Table

    Local Symbols

    Symbol Name                              Value     Ov Type        Size  Object(Section)

    ../clib/angel/boardlib.s                 0x00000000   Number         0  boardinit1.o ABSOLUTE
    ../clib/angel/boardlib.s                 0x00000000   Number         0  boardinit2.o ABSOLUTE
    ../clib/angel/boardlib.s                 0x00000000   Number         0  boardinit3.o ABSOLUTE
    ../clib/angel/boardlib.s                 0x00000000   Number         0  boardshut.o ABSOLUTE
    ../clib/angel/handlers.s                 0x00000000   Number         0  __scatter_copy.o ABSOLUTE
    ../clib/angel/handlers.s                 0x00000000   Number         0  __scatter_zi.o ABSOLUTE
    ../clib/angel/kernel.s                   0x00000000   Number         0  __rtentry.o ABSOLUTE
    ../clib/angel/kernel.s                   0x00000000   Number         0  __rtentry2.o ABSOLUTE
    ../clib/angel/kernel.s                   0x00000000   Number         0  __rtentry4.o ABSOLUTE
    ../clib/angel/kernel.s                   0x00000000   Number         0  rtexit.o ABSOLUTE
    ../clib/angel/kernel.s                   0x00000000   Number         0  rtexit2.o ABSOLUTE
    ../clib/angel/rt.s                       0x00000000   Number         0  rt_raise.o ABSOLUTE
    ../clib/angel/scatter.s                  0x00000000   Number         0  __scatter.o ABSOLUTE
    ../clib/angel/startup.s                  0x00000000   Number         0  __main.o ABSOLUTE
    ../clib/angel/sys.s                      0x00000000   Number         0  sys_stackheap_outer.o ABSOLUTE
    ../clib/angel/sys.s                      0x00000000   Number         0  libspace.o ABSOLUTE
    ../clib/angel/sys.s                      0x00000000   Number         0  use_no_semi.o ABSOLUTE
    ../clib/angel/sys.s                      0x00000000   Number         0  indicate_semi.o ABSOLUTE
    ../clib/angel/sysapp.c                   0x00000000   Number         0  sys_exit.o ABSOLUTE
    ../clib/angel/sysapp.c                   0x00000000   Number         0  sys_exit_hlt.o ABSOLUTE
    ../clib/angel/sysapp.c                   0x00000000   Number         0  sys_command.o ABSOLUTE
    ../clib/angel/sysapp.c                   0x00000000   Number         0  sys_command_hlt.o ABSOLUTE
    ../clib/angel/sysapp.c                   0x00000000   Number         0  sys_wrch.o ABSOLUTE
    ../clib/angel/sysapp.c                   0x00000000   Number         0  sys_wrch_hlt.o ABSOLUTE
    ../clib/armsys.c                         0x00000000   Number         0  argv_veneer.o ABSOLUTE
    ../clib/armsys.c                         0x00000000   Number         0  argv_veneer.o ABSOLUTE
    ../clib/armsys.c                         0x00000000   Number         0  _get_argv_nomalloc.o ABSOLUTE
    ../clib/armsys.c                         0x00000000   Number         0  no_argv.o ABSOLUTE
    ../clib/heapalloc.c                      0x00000000   Number         0  hrguard.o ABSOLUTE
    ../clib/heapaux.c                        0x00000000   Number         0  heapauxi.o ABSOLUTE
    ../clib/libinit.s                        0x00000000   Number         0  libinit.o ABSOLUTE
    ../clib/libinit.s                        0x00000000   Number         0  libinit2.o ABSOLUTE
    ../clib/libinit.s                        0x00000000   Number         0  libshutdown.o ABSOLUTE
    ../clib/libinit.s                        0x00000000   Number         0  libshutdown2.o ABSOLUTE
    ../clib/signal.c                         0x00000000   Number         0  defsig_rtmem_outer.o ABSOLUTE
    ../clib/signal.c                         0x00000000   Number         0  defsig_rtmem_formal.o ABSOLUTE
    ../clib/signal.c                         0x00000000   Number         0  defsig_exit.o ABSOLUTE
    ../clib/signal.c                         0x00000000   Number         0  defsig_rtmem_inner.o ABSOLUTE
    ../clib/signal.c                         0x00000000   Number         0  __raise.o ABSOLUTE
    ../clib/signal.c                         0x00000000   Number         0  defsig_general.o ABSOLUTE
    ../clib/signal.c                         0x00000000   Number         0  defsig_abrt_inner.o ABSOLUTE
    ../clib/signal.c                         0x00000000   Number         0  defsig_fpe_inner.o ABSOLUTE
    ../clib/signal.c                         0x00000000   Number         0  defsig_rtred_inner.o ABSOLUTE
    ../clib/signal.c                         0x00000000   Number         0  defsig_stak_inner.o ABSOLUTE
    ../clib/signal.c                         0x00000000   Number         0  defsig_pvfn_inner.o ABSOLUTE
    ../clib/signal.c                         0x00000000   Number         0  defsig_cppl_inner.o ABSOLUTE
    ../clib/signal.c                         0x00000000   Number         0  defsig_segv_inner.o ABSOLUTE
    ../clib/signal.c                         0x00000000   Number         0  defsig_other.o ABSOLUTE
    ../clib/signal.s                         0x00000000   Number         0  defsig.o ABSOLUTE
    ../clib/stdlib.c                         0x00000000   Number         0  exit.o ABSOLUTE
    ../fplib/fpinit.s                        0x00000000   Number         0  fpinit.o ABSOLUTE
    ../fplib/fpinit_empty.s                  0x00000000   Number         0  fpinit_empty.o ABSOLUTE
    ADC.c                                    0x00000000   Number         0  adc.o ABSOLUTE
    Nokia5110.c                              0x00000000   Number         0  nokia5110.o ABSOLUTE
    SpaceInvadersGame.c                      0x00000000   Number         0  spaceinvadersgame.o ABSOLUTE
    TExaS.c                                  0x00000000   Number         0  texas.o ABSOLUTE
    dc.s                                     0x00000000   Number         0  dc.o ABSOLUTE
    startup.s                                0x00000000   Number         0  startup.o ABSOLUTE
    RESET                                    0x00000000   Section      644  startup.o(RESET)
    !!!main                                  0x00000284   Section        8  __main.o(!!!main)
    !!!scatter                               0x0000028c   Section       92  __scatter.o(!!!scatter)
    !!handler_copy                           0x000002e8   Section       26  __scatter_copy.o(!!handler_copy)
    !!handler_null                           0x00000304   Section        2  __scatter.o(!!handler_null)
    !!handler_zi                             0x00000308   Section       28  __scatter_zi.o(!!handler_zi)
    .ARM.Collect$$libinit$$00000000          0x00000324   Section        2  libinit.o(.ARM.Collect$$libinit$$00000000)
    .ARM.Collect$$libinit$$00000002          0x00000326   Section        0  libinit2.o(.ARM.Collect$$libinit$$00000002)
    .ARM.Collect$$libinit$$00000004          0x00000326   Section        0  libinit2.o(.ARM.Collect$$libinit$$00000004)
    .ARM.Collect$$libinit$$00000006          0x00000326   Section        0  libinit2.o(.ARM.Collect$$libinit$$00000006)
    .ARM.Collect$$libinit$$0000000C          0x00000326   Section        0  libinit2.o(.ARM.Collect$$libinit$$0000000C)
    .ARM.Collect$$libinit$$0000000E          0x00000326   Section        0  libinit2.o(.ARM.Collect$$libinit$$0000000E)
    .ARM.Collect$$libinit$$00000010          0x00000326   Section        0  libinit2.o(.ARM.Collect$$libinit$$00000010)
    .ARM.Collect$$libinit$$00000013          0x00000326   Section        0  libinit2.o(.ARM.Collect$$libinit$$00000013)
    .ARM.Collect$$libinit$$00000015          0x00000326   Section        0  libinit2.o(.ARM.Collect$$libinit$$00000015)
    .ARM.Collect$$libinit$$00000017          0x00000326   Section        0  libinit2.o(.ARM.Collect$$libinit$$00000017)
    .ARM.Collect$$libinit$$00000019          0x00000326   Section        0  libinit2.o(.ARM.Collect$$libinit$$00000019)
    .ARM.Collect$$libinit$$0000001B          0x00000326   Section        0  libinit2.o(.ARM.Collect$$libinit$$0000001B)
    .ARM.Collect$$libinit$$0000001D          0x00000326   Section        0  libinit2.o(.ARM.Collect$$libinit$$0000001D)
    .ARM.Collect$$libinit$$0000001F          0x00000326   Section        0  libinit2.o(.ARM.Collect$$libinit$$0000001F)
    .ARM.Collect$$libinit$$00000021          0x00000326   Section        0  libinit2.o(.ARM.Collect$$libinit$$00000021)
    .ARM.Collect$$libinit$$00000023          0x00000326   Section        0  libinit2.o(.ARM.Collect$$libinit$$00000023)
    .ARM.Collect$$libinit$$00000025          0x00000326   Section        0  libinit2.o(.ARM.Collect$$libinit$$00000025)
    .ARM.Collect$$libinit$$00000027          0x00000326   Section        0  libinit2.o(.ARM.Collect$$libinit$$00000027)
    .ARM.Collect$$libinit$$0000002E          0x00000326   Section        0  libinit2.o(.ARM.Collect$$libinit$$0000002E)
    .ARM.Collect$$libinit$$00000030          0x00000326   Section        0  libinit2.o(.ARM.Collect$$libinit$$00000030)
    .ARM.Collect$$libinit$$00000032          0x00000326   Section        0  libinit2.o(.ARM.Collect$$libinit$$00000032)
    .ARM.Collect$$libinit$$00000034          0x00000326   Section        0  libinit2.o(.ARM.Collect$$libinit$$00000034)
    .ARM.Collect$$libinit$$00000035          0x00000326   Section        2  libinit2.o(.ARM.Collect$$libinit$$00000035)
    .ARM.Collect$$libshutdown$$00000000      0x00000328   Section        2  libshutdown.o(.ARM.Collect$$libshutdown$$00000000)
    .ARM.Collect$$libshutdown$$00000002      0x0000032a   Section        0  libshutdown2.o(.ARM.Collect$$libshutdown$$00000002)
    .ARM.Collect$$libshutdown$$00000004      0x0000032a   Section        0  libshutdown2.o(.ARM.Collect$$libshutdown$$00000004)
    .ARM.Collect$$libshutdown$$00000007      0x0000032a   Section        0  libshutdown2.o(.ARM.Collect$$libshutdown$$00000007)
    .ARM.Collect$$libshutdown$$0000000A      0x0000032a   Section        0  libshutdown2.o(.ARM.Collect$$libshutdown$$0000000A)
    .ARM.Collect$$libshutdown$$0000000C      0x0000032a   Section        0  libshutdown2.o(.ARM.Collect$$libshutdown$$0000000C)
    .ARM.Collect$$libshutdown$$0000000F      0x0000032a   Section        0  libshutdown2.o(.ARM.Collect$$libshutdown$$0000000F)
    .ARM.Collect$$libshutdown$$00000010      0x0000032a   Section        2  libshutdown2.o(.ARM.Collect$$libshutdown$$00000010)
    .ARM.Collect$$rtentry$$00000000          0x0000032c   Section        0  __rtentry.o(.ARM.Collect$$rtentry$$00000000)
    .ARM.Collect$$rtentry$$00000002          0x0000032c   Section        0  __rtentry2.o(.ARM.Collect$$rtentry$$00000002)
    .ARM.Collect$$rtentry$$00000004          0x0000032c   Section        6  __rtentry4.o(.ARM.Collect$$rtentry$$00000004)
    .ARM.Collect$$rtentry$$00000009          0x00000332   Section        0  __rtentry2.o(.ARM.Collect$$rtentry$$00000009)
    .ARM.Collect$$rtentry$$0000000A          0x00000332   Section        4  __rtentry2.o(.ARM.Collect$$rtentry$$0000000A)
    .ARM.Collect$$rtentry$$0000000C          0x00000336   Section        0  __rtentry2.o(.ARM.Collect$$rtentry$$0000000C)
    .ARM.Collect$$rtentry$$0000000D          0x00000336   Section        8  __rtentry2.o(.ARM.Collect$$rtentry$$0000000D)
    .ARM.Collect$$rtexit$$00000000           0x0000033e   Section        2  rtexit.o(.ARM.Collect$$rtexit$$00000000)
    .ARM.Collect$$rtexit$$00000002           0x00000340   Section        0  rtexit2.o(.ARM.Collect$$rtexit$$00000002)
    .ARM.Collect$$rtexit$$00000003           0x00000340   Section        4  rtexit2.o(.ARM.Collect$$rtexit$$00000003)
    .ARM.Collect$$rtexit$$00000004           0x00000344   Section        6  rtexit2.o(.ARM.Collect$$rtexit$$00000004)
    .text                                    0x0000034c   Section       48  startup.o(.text)
    .text                                    0x0000037c   Section        0  heapauxi.o(.text)
    .text                                    0x00000382   Section       74  sys_stackheap_outer.o(.text)
    .text                                    0x000003cc   Section        0  exit.o(.text)
    .text                                    0x000003e0   Section        8  libspace.o(.text)
    .text                                    0x000003e8   Section        0  sys_exit.o(.text)
    .text                                    0x000003f4   Section        2  use_no_semi.o(.text)
    .text                                    0x000003f6   Section        0  indicate_semi.o(.text)
    [Anonymous Symbol]                       0x000003f8   Section        0  adc.o(.text.ADC0_Init)
    [Anonymous Symbol]                       0x00000508   Section        0  spaceinvadersgame.o(.text.Delay1ms)
    [Anonymous Symbol]                       0x00000538   Section        0  spaceinvadersgame.o(.text.Draw)
    [Anonymous Symbol]                       0x000005bc   Section        0  spaceinvadersgame.o(.text.Enemy_Init)
    [Anonymous Symbol]                       0x0000063c   Section        0  spaceinvadersgame.o(.text.Move)
    [Anonymous Symbol]                       0x00000798   Section        0  nokia5110.o(.text.Nokia5110_ClearBuffer)
    [Anonymous Symbol]                       0x000007c8   Section        0  nokia5110.o(.text.Nokia5110_DisplayBuffer)
    [Anonymous Symbol]                       0x000007d8   Section        0  nokia5110.o(.text.Nokia5110_DrawFullImage)
    [Anonymous Symbol]                       0x00000814   Section        0  nokia5110.o(.text.Nokia5110_Init)
    [Anonymous Symbol]                       0x00000978   Section        0  nokia5110.o(.text.Nokia5110_PrintBMP)
    [Anonymous Symbol]                       0x00000b80   Section        0  nokia5110.o(.text.Nokia5110_SetCursor)
    [Anonymous Symbol]                       0x00000bd0   Section        0  spaceinvadersgame.o(.text.SysTick_Handler)
    [Anonymous Symbol]                       0x00000c14   Section        0  spaceinvadersgame.o(.text.SysTick_Init)
    lcdwrite                                 0x00000c59   Thumb Code   144  nokia5110.o(.text.lcdwrite)
    [Anonymous Symbol]                       0x00000c58   Section        0  nokia5110.o(.text.lcdwrite)
    [Anonymous Symbol]                       0x00000ce8   Section        0  spaceinvadersgame.o(.text.main)
    i.ADC1_In                                0x00000d70   Section        0  texas.o(i.ADC1_In)
    i.ADC1_Init                              0x00000d7c   Section        0  texas.o(i.ADC1_Init)
    i.Encrypt                                0x00000e50   Section        0  texas.o(i.Encrypt)
    i.PLL_Init                               0x00000ebc   Section        0  texas.o(i.PLL_Init)
    i.SetCode                                0x00000f38   Section        0  texas.o(i.SetCode)
    i.SetCourse                              0x00000f50   Section        0  texas.o(i.SetCourse)
    i.SetGrade                               0x00000f68   Section        0  texas.o(i.SetGrade)
    i.TExaS_Init                             0x00001034   Section        0  texas.o(i.TExaS_Init)
    i.Timer4A_Handler                        0x000012c4   Section        0  texas.o(i.Timer4A_Handler)
    i.Timer5A_Handler                        0x000012e4   Section        0  texas.o(i.Timer5A_Handler)
    i.UART0_Init                             0x00001b64   Section        0  texas.o(i.UART0_Init)
    i.checkADCconfiguration                  0x00001c24   Section        0  texas.o(i.checkADCconfiguration)
    i.checkDisplayconfiguration              0x00001ccc   Section        0  texas.o(i.checkDisplayconfiguration)
    i.checkLinearity                         0x00001f74   Section        0  texas.o(i.checkLinearity)
    .constdata                               0x00002118   Section     7056  texas.o(.constdata)
    .data                                    0x20000000   Section      112  texas.o(.data)
    RealGrade                                0x20000010   Data           4  texas.o(.data)
    adc300                                   0x20000014   Data           4  texas.o(.data)
    adc500                                   0x20000018   Data           4  texas.o(.data)
    adc700                                   0x2000001c   Data           4  texas.o(.data)
    adc900                                   0x20000020   Data           4  texas.o(.data)
    adc1100                                  0x20000024   Data           4  texas.o(.data)
    dist300                                  0x20000028   Data           4  texas.o(.data)
    dist500                                  0x2000002c   Data           4  texas.o(.data)
    dist700                                  0x20000030   Data           4  texas.o(.data)
    dist900                                  0x20000034   Data           4  texas.o(.data)
    dist1100                                 0x20000038   Data           4  texas.o(.data)
    .bss                                     0x20000090   Section      628  texas.o(.bss)
    .bss                                     0x20000304   Section       96  libspace.o(.bss)
    HeapMem                                  0x200005d0   Data           0  startup.o(HEAP)
    StackMem                                 0x200005d0   Data           0  startup.o(STACK)
    HEAP                                     0x200005d0   Section        0  startup.o(HEAP)
    STACK                                    0x200005d0   Section     1024  startup.o(STACK)

    Global Symbols

    Symbol Name                              Value     Ov Type        Size  Object(Section)

    BuildAttributes$$THM_ISAv4$E$P$D$K$B$S$7EM$PE$A:L22UL41UL21$X:L11$S22US41US21$IEEE1$IW$~IW$USESV6$~STKCKD$USESV7$~SHL$OSPACE$ROPI$EBA8$UX$STANDARDLIB$REQ8$PRES8$EABIv2 0x00000000   Number         0  anon$$obj.o ABSOLUTE
    __Vectors                                0x00000000   Data           0  startup.o(RESET)
    __fp_init_empty                          0x00000000   Number         0  fpinit_empty.o ABSOLUTE
    __ARM_exceptions_init                     - Undefined Weak Reference
    __alloca_initialize                       - Undefined Weak Reference
    __arm_preinit_                            - Undefined Weak Reference
    __arm_relocate_pie_                       - Undefined Weak Reference
    __cpp_initialize__aeabi_                  - Undefined Weak Reference
    __cxa_finalize                            - Undefined Weak Reference
    __rt_locale                               - Undefined Weak Reference
    __sigvec_lookup                           - Undefined Weak Reference
    _atexit_init                              - Undefined Weak Reference
    _call_atexit_fns                          - Undefined Weak Reference
    _clock_init                               - Undefined Weak Reference
    _fp_trap_init                             - Undefined Weak Reference
    _fp_trap_shutdown                         - Undefined Weak Reference
    _get_lc_collate                           - Undefined Weak Reference
    _get_lc_ctype                             - Undefined Weak Reference
    _get_lc_monetary                          - Undefined Weak Reference
    _get_lc_numeric                           - Undefined Weak Reference
    _get_lc_time                              - Undefined Weak Reference
    _getenv_init                              - Undefined Weak Reference
    _handle_redirection                       - Undefined Weak Reference
    _init_alloc                               - Undefined Weak Reference
    _init_user_alloc                          - Undefined Weak Reference
    _initio                                   - Undefined Weak Reference
    _rand_init                                - Undefined Weak Reference
    _signal_finish                            - Undefined Weak Reference
    _signal_init                              - Undefined Weak Reference
    _terminate_alloc                          - Undefined Weak Reference
    _terminate_user_alloc                     - Undefined Weak Reference
    _terminateio                              - Undefined Weak Reference
    Reset_Handler                            0x0000026d   Thumb Code     0  startup.o(RESET)
    NMI_Handler                              0x00000271   Thumb Code     2  startup.o(RESET)
    HardFault_Handler                        0x00000273   Thumb Code     2  startup.o(RESET)
    MemManage_Handler                        0x00000275   Thumb Code     2  startup.o(RESET)
    BusFault_Handler                         0x00000277   Thumb Code     2  startup.o(RESET)
    UsageFault_Handler                       0x00000279   Thumb Code     2  startup.o(RESET)
    SVC_Handler                              0x0000027b   Thumb Code     2  startup.o(RESET)
    DebugMon_Handler                         0x0000027d   Thumb Code     2  startup.o(RESET)
    PendSV_Handler                           0x0000027f   Thumb Code     2  startup.o(RESET)
    ADC0Seq0_Handler                         0x00000283   Thumb Code     0  startup.o(RESET)
    ADC0Seq1_Handler                         0x00000283   Thumb Code     0  startup.o(RESET)
    ADC0Seq2_Handler                         0x00000283   Thumb Code     0  startup.o(RESET)
    ADC0Seq3_Handler                         0x00000283   Thumb Code     0  startup.o(RESET)
    ADC1Seq0_Handler                         0x00000283   Thumb Code     0  startup.o(RESET)
    ADC1Seq1_Handler                         0x00000283   Thumb Code     0  startup.o(RESET)
    ADC1Seq2_Handler                         0x00000283   Thumb Code     0  startup.o(RESET)
    ADC1Seq3_Handler                         0x00000283   Thumb Code     0  startup.o(RESET)
    CAN0_Handler                             0x00000283   Thumb Code     0  startup.o(RESET)
    CAN1_Handler                             0x00000283   Thumb Code     0  startup.o(RESET)
    CAN2_Handler                             0x00000283   Thumb Code     0  startup.o(RESET)
    Comp0_Handler                            0x00000283   Thumb Code     0  startup.o(RESET)
    Comp1_Handler                            0x00000283   Thumb Code     0  startup.o(RESET)
    Comp2_Handler                            0x00000283   Thumb Code     0  startup.o(RESET)
    Ethernet_Handler                         0x00000283   Thumb Code     0  startup.o(RESET)
    ExtBus_Handler                           0x00000283   Thumb Code     0  startup.o(RESET)
    FPU_Handler                              0x00000283   Thumb Code     0  startup.o(RESET)
    Fan0_Handler                             0x00000283   Thumb Code     0  startup.o(RESET)
    FlashCtl_Handler                         0x00000283   Thumb Code     0  startup.o(RESET)
    GPIOPortA_Handler                        0x00000283   Thumb Code     0  startup.o(RESET)
    GPIOPortB_Handler                        0x00000283   Thumb Code     0  startup.o(RESET)
    GPIOPortC_Handler                        0x00000283   Thumb Code     0  startup.o(RESET)
    GPIOPortD_Handler                        0x00000283   Thumb Code     0  startup.o(RESET)
    GPIOPortE_Handler                        0x00000283   Thumb Code     0  startup.o(RESET)
    GPIOPortF_Handler                        0x00000283   Thumb Code     0  startup.o(RESET)
    GPIOPortG_Handler                        0x00000283   Thumb Code     0  startup.o(RESET)
    GPIOPortH_Handler                        0x00000283   Thumb Code     0  startup.o(RESET)
    GPIOPortJ_Handler                        0x00000283   Thumb Code     0  startup.o(RESET)
    GPIOPortK_Handler                        0x00000283   Thumb Code     0  startup.o(RESET)
    GPIOPortL_Handler                        0x00000283   Thumb Code     0  startup.o(RESET)
    GPIOPortM_Handler                        0x00000283   Thumb Code     0  startup.o(RESET)
    GPIOPortN_Handler                        0x00000283   Thumb Code     0  startup.o(RESET)
    GPIOPortP1_Handler                       0x00000283   Thumb Code     0  startup.o(RESET)
    GPIOPortP2_Handler                       0x00000283   Thumb Code     0  startup.o(RESET)
    GPIOPortP3_Handler                       0x00000283   Thumb Code     0  startup.o(RESET)
    GPIOPortP4_Handler                       0x00000283   Thumb Code     0  startup.o(RESET)
    GPIOPortP5_Handler                       0x00000283   Thumb Code     0  startup.o(RESET)
    GPIOPortP6_Handler                       0x00000283   Thumb Code     0  startup.o(RESET)
    GPIOPortP7_Handler                       0x00000283   Thumb Code     0  startup.o(RESET)
    GPIOPortP_Handler                        0x00000283   Thumb Code     0  startup.o(RESET)
    GPIOPortQ1_Handler                       0x00000283   Thumb Code     0  startup.o(RESET)
    GPIOPortQ2_Handler                       0x00000283   Thumb Code     0  startup.o(RESET)
    GPIOPortQ3_Handler                       0x00000283   Thumb Code     0  startup.o(RESET)
    GPIOPortQ4_Handler                       0x00000283   Thumb Code     0  startup.o(RESET)
    GPIOPortQ5_Handler                       0x00000283   Thumb Code     0  startup.o(RESET)
    GPIOPortQ6_Handler                       0x00000283   Thumb Code     0  startup.o(RESET)
    GPIOPortQ7_Handler                       0x00000283   Thumb Code     0  startup.o(RESET)
    GPIOPortQ_Handler                        0x00000283   Thumb Code     0  startup.o(RESET)
    GPIOPortR_Handler                        0x00000283   Thumb Code     0  startup.o(RESET)
    GPIOPortS_Handler                        0x00000283   Thumb Code     0  startup.o(RESET)
    Hibernate_Handler                        0x00000283   Thumb Code     0  startup.o(RESET)
    I2C0_Handler                             0x00000283   Thumb Code     0  startup.o(RESET)
    I2C1_Handler                             0x00000283   Thumb Code     0  startup.o(RESET)
    I2C2_Handler                             0x00000283   Thumb Code     0  startup.o(RESET)
    I2C3_Handler                             0x00000283   Thumb Code     0  startup.o(RESET)
    I2C4_Handler                             0x00000283   Thumb Code     0  startup.o(RESET)
    I2C5_Handler                             0x00000283   Thumb Code     0  startup.o(RESET)
    I2S0_Handler                             0x00000283   Thumb Code     0  startup.o(RESET)
    LPC0_Handler                             0x00000283   Thumb Code     0  startup.o(RESET)
    PECI0_Handler                            0x00000283   Thumb Code     0  startup.o(RESET)
    PWM0Fault_Handler                        0x00000283   Thumb Code     0  startup.o(RESET)
    PWM0Generator0_Handler                   0x00000283   Thumb Code     0  startup.o(RESET)
    PWM0Generator1_Handler                   0x00000283   Thumb Code     0  startup.o(RESET)
    PWM0Generator2_Handler                   0x00000283   Thumb Code     0  startup.o(RESET)
    PWM0Generator3_Handler                   0x00000283   Thumb Code     0  startup.o(RESET)
    PWM1Fault_Handler                        0x00000283   Thumb Code     0  startup.o(RESET)
    PWM1Generator0_Handler                   0x00000283   Thumb Code     0  startup.o(RESET)
    PWM1Generator1_Handler                   0x00000283   Thumb Code     0  startup.o(RESET)
    PWM1Generator2_Handler                   0x00000283   Thumb Code     0  startup.o(RESET)
    PWM1Generator3_Handler                   0x00000283   Thumb Code     0  startup.o(RESET)
    Quadrature0_Handler                      0x00000283   Thumb Code     0  startup.o(RESET)
    Quadrature1_Handler                      0x00000283   Thumb Code     0  startup.o(RESET)
    Quadrature2_Handler                      0x00000283   Thumb Code     0  startup.o(RESET)
    SSI0_Handler                             0x00000283   Thumb Code     0  startup.o(RESET)
    SSI1_Handler                             0x00000283   Thumb Code     0  startup.o(RESET)
    SSI2_Handler                             0x00000283   Thumb Code     0  startup.o(RESET)
    SSI3_Handler                             0x00000283   Thumb Code     0  startup.o(RESET)
    SysCtl_Handler                           0x00000283   Thumb Code     0  startup.o(RESET)
    Timer0A_Handler                          0x00000283   Thumb Code     0  startup.o(RESET)
    Timer0B_Handler                          0x00000283   Thumb Code     0  startup.o(RESET)
    Timer1A_Handler                          0x00000283   Thumb Code     0  startup.o(RESET)
    Timer1B_Handler                          0x00000283   Thumb Code     0  startup.o(RESET)
    Timer2A_Handler                          0x00000283   Thumb Code     0  startup.o(RESET)
    Timer2B_Handler                          0x00000283   Thumb Code     0  startup.o(RESET)
    Timer3A_Handler                          0x00000283   Thumb Code     0  startup.o(RESET)
    Timer3B_Handler                          0x00000283   Thumb Code     0  startup.o(RESET)
    Timer4B_Handler                          0x00000283   Thumb Code     0  startup.o(RESET)
    Timer5B_Handler                          0x00000283   Thumb Code     0  startup.o(RESET)
    UART0_Handler                            0x00000283   Thumb Code     0  startup.o(RESET)
    UART1_Handler                            0x00000283   Thumb Code     0  startup.o(RESET)
    UART2_Handler                            0x00000283   Thumb Code     0  startup.o(RESET)
    UART3_Handler                            0x00000283   Thumb Code     0  startup.o(RESET)
    UART4_Handler                            0x00000283   Thumb Code     0  startup.o(RESET)
    UART5_Handler                            0x00000283   Thumb Code     0  startup.o(RESET)
    UART6_Handler                            0x00000283   Thumb Code     0  startup.o(RESET)
    UART7_Handler                            0x00000283   Thumb Code     0  startup.o(RESET)
    USB0_Handler                             0x00000283   Thumb Code     0  startup.o(RESET)
    WDT_Handler                              0x00000283   Thumb Code     0  startup.o(RESET)
    WideTimer0A_Handler                      0x00000283   Thumb Code     0  startup.o(RESET)
    WideTimer0B_Handler                      0x00000283   Thumb Code     0  startup.o(RESET)
    WideTimer1A_Handler                      0x00000283   Thumb Code     0  startup.o(RESET)
    WideTimer1B_Handler                      0x00000283   Thumb Code     0  startup.o(RESET)
    WideTimer2A_Handler                      0x00000283   Thumb Code     0  startup.o(RESET)
    WideTimer2B_Handler                      0x00000283   Thumb Code     0  startup.o(RESET)
    WideTimer3A_Handler                      0x00000283   Thumb Code     0  startup.o(RESET)
    WideTimer3B_Handler                      0x00000283   Thumb Code     0  startup.o(RESET)
    WideTimer4A_Handler                      0x00000283   Thumb Code     0  startup.o(RESET)
    WideTimer4B_Handler                      0x00000283   Thumb Code     0  startup.o(RESET)
    WideTimer5A_Handler                      0x00000283   Thumb Code     0  startup.o(RESET)
    WideTimer5B_Handler                      0x00000283   Thumb Code     0  startup.o(RESET)
    uDMA_Error                               0x00000283   Thumb Code     0  startup.o(RESET)
    uDMA_Handler                             0x00000283   Thumb Code     0  startup.o(RESET)
    __main                                   0x00000285   Thumb Code     8  __main.o(!!!main)
    __scatterload                            0x0000028d   Thumb Code     0  __scatter.o(!!!scatter)
    __scatterload_rt2                        0x0000028d   Thumb Code    84  __scatter.o(!!!scatter)
    __scatterload_rt2_thumb_only             0x0000028d   Thumb Code     0  __scatter.o(!!!scatter)
    __scatterload_loop                       0x00000297   Thumb Code     0  __scatter.o(!!!scatter)
    __scatterload_copy                       0x000002e9   Thumb Code    26  __scatter_copy.o(!!handler_copy)
    __scatterload_null                       0x00000305   Thumb Code     2  __scatter.o(!!handler_null)
    __scatterload_zeroinit                   0x00000309   Thumb Code    28  __scatter_zi.o(!!handler_zi)
    __rt_lib_init                            0x00000325   Thumb Code     0  libinit.o(.ARM.Collect$$libinit$$00000000)
    __rt_lib_init_alloca_1                   0x00000327   Thumb Code     0  libinit2.o(.ARM.Collect$$libinit$$00000030)
    __rt_lib_init_argv_1                     0x00000327   Thumb Code     0  libinit2.o(.ARM.Collect$$libinit$$0000002E)
    __rt_lib_init_atexit_1                   0x00000327   Thumb Code     0  libinit2.o(.ARM.Collect$$libinit$$0000001D)
    __rt_lib_init_clock_1                    0x00000327   Thumb Code     0  libinit2.o(.ARM.Collect$$libinit$$00000023)
    __rt_lib_init_cpp_1                      0x00000327   Thumb Code     0  libinit2.o(.ARM.Collect$$libinit$$00000034)
    __rt_lib_init_exceptions_1               0x00000327   Thumb Code     0  libinit2.o(.ARM.Collect$$libinit$$00000032)
    __rt_lib_init_fp_1                       0x00000327   Thumb Code     0  libinit2.o(.ARM.Collect$$libinit$$00000002)
    __rt_lib_init_fp_trap_1                  0x00000327   Thumb Code     0  libinit2.o(.ARM.Collect$$libinit$$00000021)
    __rt_lib_init_getenv_1                   0x00000327   Thumb Code     0  libinit2.o(.ARM.Collect$$libinit$$00000025)
    __rt_lib_init_heap_1                     0x00000327   Thumb Code     0  libinit2.o(.ARM.Collect$$libinit$$0000000C)
    __rt_lib_init_lc_collate_1               0x00000327   Thumb Code     0  libinit2.o(.ARM.Collect$$libinit$$00000013)
    __rt_lib_init_lc_ctype_1                 0x00000327   Thumb Code     0  libinit2.o(.ARM.Collect$$libinit$$00000015)
    __rt_lib_init_lc_monetary_1              0x00000327   Thumb Code     0  libinit2.o(.ARM.Collect$$libinit$$00000017)
    __rt_lib_init_lc_numeric_1               0x00000327   Thumb Code     0  libinit2.o(.ARM.Collect$$libinit$$00000019)
    __rt_lib_init_lc_time_1                  0x00000327   Thumb Code     0  libinit2.o(.ARM.Collect$$libinit$$0000001B)
    __rt_lib_init_preinit_1                  0x00000327   Thumb Code     0  libinit2.o(.ARM.Collect$$libinit$$00000006)
    __rt_lib_init_rand_1                     0x00000327   Thumb Code     0  libinit2.o(.ARM.Collect$$libinit$$00000010)
    __rt_lib_init_relocate_pie_1             0x00000327   Thumb Code     0  libinit2.o(.ARM.Collect$$libinit$$00000004)
    __rt_lib_init_return                     0x00000327   Thumb Code     0  libinit2.o(.ARM.Collect$$libinit$$00000035)
    __rt_lib_init_signal_1                   0x00000327   Thumb Code     0  libinit2.o(.ARM.Collect$$libinit$$0000001F)
    __rt_lib_init_stdio_1                    0x00000327   Thumb Code     0  libinit2.o(.ARM.Collect$$libinit$$00000027)
    __rt_lib_init_user_alloc_1               0x00000327   Thumb Code     0  libinit2.o(.ARM.Collect$$libinit$$0000000E)
    __rt_lib_shutdown                        0x00000329   Thumb Code     0  libshutdown.o(.ARM.Collect$$libshutdown$$00000000)
    __rt_lib_shutdown_cpp_1                  0x0000032b   Thumb Code     0  libshutdown2.o(.ARM.Collect$$libshutdown$$00000002)
    __rt_lib_shutdown_fp_trap_1              0x0000032b   Thumb Code     0  libshutdown2.o(.ARM.Collect$$libshutdown$$00000007)
    __rt_lib_shutdown_heap_1                 0x0000032b   Thumb Code     0  libshutdown2.o(.ARM.Collect$$libshutdown$$0000000F)
    __rt_lib_shutdown_return                 0x0000032b   Thumb Code     0  libshutdown2.o(.ARM.Collect$$libshutdown$$00000010)
    __rt_lib_shutdown_signal_1               0x0000032b   Thumb Code     0  libshutdown2.o(.ARM.Collect$$libshutdown$$0000000A)
    __rt_lib_shutdown_stdio_1                0x0000032b   Thumb Code     0  libshutdown2.o(.ARM.Collect$$libshutdown$$00000004)
    __rt_lib_shutdown_user_alloc_1           0x0000032b   Thumb Code     0  libshutdown2.o(.ARM.Collect$$libshutdown$$0000000C)
    __rt_entry                               0x0000032d   Thumb Code     0  __rtentry.o(.ARM.Collect$$rtentry$$00000000)
    __rt_entry_presh_1                       0x0000032d   Thumb Code     0  __rtentry2.o(.ARM.Collect$$rtentry$$00000002)
    __rt_entry_sh                            0x0000032d   Thumb Code     0  __rtentry4.o(.ARM.Collect$$rtentry$$00000004)
    __rt_entry_li                            0x00000333   Thumb Code     0  __rtentry2.o(.ARM.Collect$$rtentry$$0000000A)
    __rt_entry_postsh_1                      0x00000333   Thumb Code     0  __rtentry2.o(.ARM.Collect$$rtentry$$00000009)
    __rt_entry_main                          0x00000337   Thumb Code     0  __rtentry2.o(.ARM.Collect$$rtentry$$0000000D)
    __rt_entry_postli_1                      0x00000337   Thumb Code     0  __rtentry2.o(.ARM.Collect$$rtentry$$0000000C)
    __rt_exit                                0x0000033f   Thumb Code     0  rtexit.o(.ARM.Collect$$rtexit$$00000000)
    __rt_exit_ls                             0x00000341   Thumb Code     0  rtexit2.o(.ARM.Collect$$rtexit$$00000003)
    __rt_exit_prels_1                        0x00000341   Thumb Code     0  rtexit2.o(.ARM.Collect$$rtexit$$00000002)
    __rt_exit_exit                           0x00000345   Thumb Code     0  rtexit2.o(.ARM.Collect$$rtexit$$00000004)
    DisableInterrupts                        0x0000034d   Thumb Code     0  startup.o(.text)
    EnableInterrupts                         0x00000351   Thumb Code     0  startup.o(.text)
    StartCritical                            0x00000355   Thumb Code     0  startup.o(.text)
    EndCritical                              0x0000035d   Thumb Code     0  startup.o(.text)
    WaitForInterrupt                         0x00000363   Thumb Code     0  startup.o(.text)
    __user_initial_stackheap                 0x00000367   Thumb Code     0  startup.o(.text)
    __use_two_region_memory                  0x0000037d   Thumb Code     2  heapauxi.o(.text)
    __rt_heap_escrow$2region                 0x0000037f   Thumb Code     2  heapauxi.o(.text)
    __rt_heap_expand$2region                 0x00000381   Thumb Code     2  heapauxi.o(.text)
    __user_setup_stackheap                   0x00000383   Thumb Code    74  sys_stackheap_outer.o(.text)
    exit                                     0x000003cd   Thumb Code    18  exit.o(.text)
    __user_libspace                          0x000003e1   Thumb Code     8  libspace.o(.text)
    __user_perproc_libspace                  0x000003e1   Thumb Code     0  libspace.o(.text)
    __user_perthread_libspace                0x000003e1   Thumb Code     0  libspace.o(.text)
    _sys_exit                                0x000003e9   Thumb Code     8  sys_exit.o(.text)
    __I$use$semihosting                      0x000003f5   Thumb Code     0  use_no_semi.o(.text)
    __use_no_semihosting_swi                 0x000003f5   Thumb Code     2  use_no_semi.o(.text)
    __semihosting_library_function           0x000003f7   Thumb Code     0  indicate_semi.o(.text)
    ADC0_Init                                0x000003f9   Thumb Code   272  adc.o(.text.ADC0_Init)
    Delay1ms                                 0x00000509   Thumb Code    46  spaceinvadersgame.o(.text.Delay1ms)
    Draw                                     0x00000539   Thumb Code   130  spaceinvadersgame.o(.text.Draw)
    Enemy_Init                               0x000005bd   Thumb Code   128  spaceinvadersgame.o(.text.Enemy_Init)
    Move                                     0x0000063d   Thumb Code   348  spaceinvadersgame.o(.text.Move)
    Nokia5110_ClearBuffer                    0x00000799   Thumb Code    46  nokia5110.o(.text.Nokia5110_ClearBuffer)
    Nokia5110_DisplayBuffer                  0x000007c9   Thumb Code    16  nokia5110.o(.text.Nokia5110_DisplayBuffer)
    Nokia5110_DrawFullImage                  0x000007d9   Thumb Code    58  nokia5110.o(.text.Nokia5110_DrawFullImage)
    Nokia5110_Init                           0x00000815   Thumb Code   354  nokia5110.o(.text.Nokia5110_Init)
    Nokia5110_PrintBMP                       0x00000979   Thumb Code   518  nokia5110.o(.text.Nokia5110_PrintBMP)
    Nokia5110_SetCursor                      0x00000b81   Thumb Code    78  nokia5110.o(.text.Nokia5110_SetCursor)
    SysTick_Handler                          0x00000bd1   Thumb Code    68  spaceinvadersgame.o(.text.SysTick_Handler)
    SysTick_Init                             0x00000c15   Thumb Code    66  spaceinvadersgame.o(.text.SysTick_Init)
    main                                     0x00000ce9   Thumb Code   136  spaceinvadersgame.o(.text.main)
    ADC1_In                                  0x00000d71   Thumb Code     6  texas.o(i.ADC1_In)
    ADC1_Init                                0x00000d7d   Thumb Code   174  texas.o(i.ADC1_Init)
    Encrypt                                  0x00000e51   Thumb Code    92  texas.o(i.Encrypt)
    PLL_Init                                 0x00000ebd   Thumb Code   118  texas.o(i.PLL_Init)
    SetCode                                  0x00000f39   Thumb Code    20  texas.o(i.SetCode)
    SetCourse                                0x00000f51   Thumb Code    20  texas.o(i.SetCourse)
    SetGrade                                 0x00000f69   Thumb Code   196  texas.o(i.SetGrade)
    TExaS_Init                               0x00001035   Thumb Code   480  texas.o(i.TExaS_Init)
    Timer4A_Handler                          0x000012c5   Thumb Code    20  texas.o(i.Timer4A_Handler)
    Timer5A_Handler                          0x000012e5   Thumb Code  2132  texas.o(i.Timer5A_Handler)
    UART0_Init                               0x00001b65   Thumb Code   160  texas.o(i.UART0_Init)
    checkADCconfiguration                    0x00001c25   Thumb Code   150  texas.o(i.checkADCconfiguration)
    checkDisplayconfiguration                0x00001ccd   Thumb Code   636  texas.o(i.checkDisplayconfiguration)
    checkLinearity                           0x00001f75   Thumb Code   416  texas.o(i.checkLinearity)
    Port                                     0x00002118   Data          24  texas.o(.constdata)
    InputPortMsgE2                           0x00002130   Data          40  texas.o(.constdata)
    InputPortMsgE3                           0x00002158   Data          40  texas.o(.constdata)
    InputPortMsgE5                           0x00002180   Data          40  texas.o(.constdata)
    OutputPortMsg0                           0x000021a8   Data          40  texas.o(.constdata)
    OutputPortMsg1                           0x000021d0   Data          40  texas.o(.constdata)
    OutputPortMsg2                           0x000021f8   Data          40  texas.o(.constdata)
    OutputPortMsg3                           0x00002220   Data          40  texas.o(.constdata)
    BlankMsg                                 0x00002248   Data          40  texas.o(.constdata)
    InitializedMsg                           0x00002270   Data          40  texas.o(.constdata)
    IntroMsg                                 0x00002298   Data          40  texas.o(.constdata)
    DoneMsg                                  0x000022c0   Data          40  texas.o(.constdata)
    TestMsg                                  0x000022e8   Data          40  texas.o(.constdata)
    LabTest                                  0x00002310   Data        5428  texas.o(.constdata)
    BgTest                                   0x00003844   Data         160  texas.o(.constdata)
    ADCconfigSuccessMsg                      0x000038e4   Data          25  texas.o(.constdata)
    ADCconfigErrorMsg                        0x000038fd   Data          29  texas.o(.constdata)
    ADCconfigNotUsingS3Msg                   0x0000391a   Data          34  texas.o(.constdata)
    ADCconfigBadTriggerMsg                   0x0000393c   Data          35  texas.o(.constdata)
    ADCconfigBadChannelMsg                   0x0000395f   Data          35  texas.o(.constdata)
    ADCconfigTemperatureMsg                  0x00003982   Data          35  texas.o(.constdata)
    ADCconfigSIENotUsedMsg                   0x000039a5   Data          33  texas.o(.constdata)
    ADCconfigEndNotUsedMsg                   0x000039c6   Data          33  texas.o(.constdata)
    ADCconfigDifferentialMsg                 0x000039e7   Data          36  texas.o(.constdata)
    DisplaySuccessMsg                        0x00003a0b   Data          32  texas.o(.constdata)
    DisplayErrorMsg                          0x00003a2b   Data          35  texas.o(.constdata)
    DisplayClockOffMsg                       0x00003a4e   Data          34  texas.o(.constdata)
    DisplayUART0WrongMsg                     0x00003a70   Data          33  texas.o(.constdata)
    DisplayPortAWrongMsg                     0x00003a91   Data          33  texas.o(.constdata)
    DisplaySSI0WrongMsg                      0x00003ab2   Data          32  texas.o(.constdata)
    Linearity90Msg                           0x00003ad2   Data          35  texas.o(.constdata)
    LinearityErrorMsg                        0x00003af5   Data          30  texas.o(.constdata)
    LinearityOutMsg                          0x00003b13   Data         330  texas.o(.constdata)
    Key                                      0x00003c5d   Data           8  texas.o(.constdata)
    Scramble                                 0x00003c68   Data          32  texas.o(.constdata)
    DeScramble                               0x00003c88   Data          32  texas.o(.constdata)
    Enemy1                                   0x00003ca8   Data         151  spaceinvadersgame.o(.rodata.Enemy1)
    Enemy2                                   0x00003d3f   Data         151  spaceinvadersgame.o(.rodata.Enemy2)
    image                                    0x00003dd6   Data        2231  spaceinvadersgame.o(.rodata.image)
    Region$$Table$$Base                      0x00004690   Number         0  anon$$obj.o(Region$$Table)
    Region$$Table$$Limit                     0x000046b0   Number         0  anon$$obj.o(Region$$Table)
    InPort                                   0x20000000   Data           4  texas.o(.data)
    OutPort                                  0x20000004   Data           4  texas.o(.data)
    BgTestStatus                             0x20000008   Data           1  texas.o(.data)
    TExaS_Period                             0x2000000c   Data           4  texas.o(.data)
    TExaS_Ports                              0x2000003c   Data           8  texas.o(.data)
    Display                                  0x20000044   Data           1  texas.o(.data)
    TExaS_Meter                              0x20000048   Data           4  texas.o(.data)
    ADCnum                                   0x2000004c   Data           4  texas.o(.data)
    LastMode                                 0x20000050   Data           4  texas.o(.data)
    bFlag                                    0x20000054   Data           4  texas.o(.data)
    Count                                    0x20000058   Data           4  texas.o(.data)
    DelayBetweenTests                        0x2000005c   Data           4  texas.o(.data)
    TExaS_Test                               0x20000060   Data           4  texas.o(.data)
    ScopeMode                                0x20000064   Data           4  texas.o(.data)
    ScopeCount                               0x20000068   Data           4  texas.o(.data)
    r2                                       0x2000006c   Data           4  texas.o(.data)
    count                                    0x20000070   Data           4  spaceinvadersgame.o(.data.count)
    enemy_width                              0x20000074   Data           4  spaceinvadersgame.o(.data.enemy_width)
    speed_divider                            0x20000078   Data           4  spaceinvadersgame.o(.data.speed_divider)
    vertical_array                           0x2000007c   Data          16  spaceinvadersgame.o(.data.vertical_array)
    TExaS                                    0x20000090   Data          56  texas.o(.bss)
    TExaS_ADC                                0x200000c8   Data         512  texas.o(.bss)
    MagicCode                                0x200002c8   Data          10  texas.o(.bss)
    EncriptedMagicCode                       0x200002d2   Data          10  texas.o(.bss)
    StudentID                                0x200002dc   Data          40  texas.o(.bss)
    __libspace_start                         0x20000304   Data          96  libspace.o(.bss)
    Distance                                 0x20000364   Data           4  spaceinvadersgame.o(.bss.Distance)
    __temporary_stack_top$libspace           0x20000364   Data           0  libspace.o(.bss)
    Enemy                                    0x20000368   Data         100  spaceinvadersgame.o(.bss.Enemy)
    Flag                                     0x200003cc   Data           4  spaceinvadersgame.o(.bss.Flag)
    FrameCount                               0x200003d0   Data           4  spaceinvadersgame.o(.bss.FrameCount)
    Screen                                   0x200003d4   Data         504  nokia5110.o(.bss.Screen)
    j                                        0x200005cc   Data           4  spaceinvadersgame.o(.bss.j)



==============================================================================

Memory Map of the image

  Image Entry point : 0x0000026d

  Load Region LR_1 (Base: 0x00000000, Size: 0x0000473c, Max: 0xffffffff, ABSOLUTE)

    Execution Region ER_RO (Exec base: 0x00000000, Load base: 0x00000000, Size: 0x000046b0, Max: 0xffffffff, ABSOLUTE)

    Exec Addr    Load Addr    Size         Type   Attr      Idx    E Section Name        Object

    0x00000000   0x00000000   0x00000284   Code   RO            3  * RESET               startup.o
    0x00000284   0x00000284   0x00000008   Code   RO          272  * !!!main             c_w.l(__main.o)
    0x0000028c   0x0000028c   0x0000005c   Code   RO          437    !!!scatter          c_w.l(__scatter.o)
    0x000002e8   0x000002e8   0x0000001a   Code   RO          441    !!handler_copy      c_w.l(__scatter_copy.o)
    0x00000302   0x00000302   0x00000002   PAD
    0x00000304   0x00000304   0x00000002   Code   RO          438    !!handler_null      c_w.l(__scatter.o)
    0x00000306   0x00000306   0x00000002   PAD
    0x00000308   0x00000308   0x0000001c   Code   RO          443    !!handler_zi        c_w.l(__scatter_zi.o)
    0x00000324   0x00000324   0x00000002   Code   RO          299    .ARM.Collect$$libinit$$00000000  c_w.l(libinit.o)
    0x00000326   0x00000326   0x00000000   Code   RO          306    .ARM.Collect$$libinit$$00000002  c_w.l(libinit2.o)
    0x00000326   0x00000326   0x00000000   Code   RO          308    .ARM.Collect$$libinit$$00000004  c_w.l(libinit2.o)
    0x00000326   0x00000326   0x00000000   Code   RO          310    .ARM.Collect$$libinit$$00000006  c_w.l(libinit2.o)
    0x00000326   0x00000326   0x00000000   Code   RO          313    .ARM.Collect$$libinit$$0000000C  c_w.l(libinit2.o)
    0x00000326   0x00000326   0x00000000   Code   RO          315    .ARM.Collect$$libinit$$0000000E  c_w.l(libinit2.o)
    0x00000326   0x00000326   0x00000000   Code   RO          317    .ARM.Collect$$libinit$$00000010  c_w.l(libinit2.o)
    0x00000326   0x00000326   0x00000000   Code   RO          320    .ARM.Collect$$libinit$$00000013  c_w.l(libinit2.o)
    0x00000326   0x00000326   0x00000000   Code   RO          322    .ARM.Collect$$libinit$$00000015  c_w.l(libinit2.o)
    0x00000326   0x00000326   0x00000000   Code   RO          324    .ARM.Collect$$libinit$$00000017  c_w.l(libinit2.o)
    0x00000326   0x00000326   0x00000000   Code   RO          326    .ARM.Collect$$libinit$$00000019  c_w.l(libinit2.o)
    0x00000326   0x00000326   0x00000000   Code   RO          328    .ARM.Collect$$libinit$$0000001B  c_w.l(libinit2.o)
    0x00000326   0x00000326   0x00000000   Code   RO          330    .ARM.Collect$$libinit$$0000001D  c_w.l(libinit2.o)
    0x00000326   0x00000326   0x00000000   Code   RO          332    .ARM.Collect$$libinit$$0000001F  c_w.l(libinit2.o)
    0x00000326   0x00000326   0x00000000   Code   RO          334    .ARM.Collect$$libinit$$00000021  c_w.l(libinit2.o)
    0x00000326   0x00000326   0x00000000   Code   RO          336    .ARM.Collect$$libinit$$00000023  c_w.l(libinit2.o)
    0x00000326   0x00000326   0x00000000   Code   RO          338    .ARM.Collect$$libinit$$00000025  c_w.l(libinit2.o)
    0x00000326   0x00000326   0x00000000   Code   RO          340    .ARM.Collect$$libinit$$00000027  c_w.l(libinit2.o)
    0x00000326   0x00000326   0x00000000   Code   RO          344    .ARM.Collect$$libinit$$0000002E  c_w.l(libinit2.o)
    0x00000326   0x00000326   0x00000000   Code   RO          346    .ARM.Collect$$libinit$$00000030  c_w.l(libinit2.o)
    0x00000326   0x00000326   0x00000000   Code   RO          348    .ARM.Collect$$libinit$$00000032  c_w.l(libinit2.o)
    0x00000326   0x00000326   0x00000000   Code   RO          350    .ARM.Collect$$libinit$$00000034  c_w.l(libinit2.o)
    0x00000326   0x00000326   0x00000002   Code   RO          351    .ARM.Collect$$libinit$$00000035  c_w.l(libinit2.o)
    0x00000328   0x00000328   0x00000002   Code   RO          373    .ARM.Collect$$libshutdown$$00000000  c_w.l(libshutdown.o)
    0x0000032a   0x0000032a   0x00000000   Code   RO          388    .ARM.Collect$$libshutdown$$00000002  c_w.l(libshutdown2.o)
    0x0000032a   0x0000032a   0x00000000   Code   RO          390    .ARM.Collect$$libshutdown$$00000004  c_w.l(libshutdown2.o)
    0x0000032a   0x0000032a   0x00000000   Code   RO          393    .ARM.Collect$$libshutdown$$00000007  c_w.l(libshutdown2.o)
    0x0000032a   0x0000032a   0x00000000   Code   RO          396    .ARM.Collect$$libshutdown$$0000000A  c_w.l(libshutdown2.o)
    0x0000032a   0x0000032a   0x00000000   Code   RO          398    .ARM.Collect$$libshutdown$$0000000C  c_w.l(libshutdown2.o)
    0x0000032a   0x0000032a   0x00000000   Code   RO          401    .ARM.Collect$$libshutdown$$0000000F  c_w.l(libshutdown2.o)
    0x0000032a   0x0000032a   0x00000002   Code   RO          402    .ARM.Collect$$libshutdown$$00000010  c_w.l(libshutdown2.o)
    0x0000032c   0x0000032c   0x00000000   Code   RO          274    .ARM.Collect$$rtentry$$00000000  c_w.l(__rtentry.o)
    0x0000032c   0x0000032c   0x00000000   Code   RO          276    .ARM.Collect$$rtentry$$00000002  c_w.l(__rtentry2.o)
    0x0000032c   0x0000032c   0x00000006   Code   RO          288    .ARM.Collect$$rtentry$$00000004  c_w.l(__rtentry4.o)
    0x00000332   0x00000332   0x00000000   Code   RO          278    .ARM.Collect$$rtentry$$00000009  c_w.l(__rtentry2.o)
    0x00000332   0x00000332   0x00000004   Code   RO          279    .ARM.Collect$$rtentry$$0000000A  c_w.l(__rtentry2.o)
    0x00000336   0x00000336   0x00000000   Code   RO          281    .ARM.Collect$$rtentry$$0000000C  c_w.l(__rtentry2.o)
    0x00000336   0x00000336   0x00000008   Code   RO          282    .ARM.Collect$$rtentry$$0000000D  c_w.l(__rtentry2.o)
    0x0000033e   0x0000033e   0x00000002   Code   RO          303    .ARM.Collect$$rtexit$$00000000  c_w.l(rtexit.o)
    0x00000340   0x00000340   0x00000000   Code   RO          353    .ARM.Collect$$rtexit$$00000002  c_w.l(rtexit2.o)
    0x00000340   0x00000340   0x00000004   Code   RO          354    .ARM.Collect$$rtexit$$00000003  c_w.l(rtexit2.o)
    0x00000344   0x00000344   0x00000006   Code   RO          355    .ARM.Collect$$rtexit$$00000004  c_w.l(rtexit2.o)
    0x0000034a   0x0000034a   0x00000002   PAD
    0x0000034c   0x0000034c   0x00000030   Code   RO            4    .text               startup.o
    0x0000037c   0x0000037c   0x00000006   Code   RO          270    .text               c_w.l(heapauxi.o)
    0x00000382   0x00000382   0x0000004a   Code   RO          290    .text               c_w.l(sys_stackheap_outer.o)
    0x000003cc   0x000003cc   0x00000012   Code   RO          292    .text               c_w.l(exit.o)
    0x000003de   0x000003de   0x00000002   PAD
    0x000003e0   0x000003e0   0x00000008   Code   RO          300    .text               c_w.l(libspace.o)
    0x000003e8   0x000003e8   0x0000000c   Code   RO          363    .text               c_w.l(sys_exit.o)
    0x000003f4   0x000003f4   0x00000002   Code   RO          378    .text               c_w.l(use_no_semi.o)
    0x000003f6   0x000003f6   0x00000000   Code   RO          380    .text               c_w.l(indicate_semi.o)
    0x000003f6   0x000003f6   0x00000002   PAD
    0x000003f8   0x000003f8   0x00000110   Code   RO           94    .text.ADC0_Init     adc.o
    0x00000508   0x00000508   0x0000002e   Code   RO           17    .text.Delay1ms      spaceinvadersgame.o
    0x00000536   0x00000536   0x00000002   PAD
    0x00000538   0x00000538   0x00000082   Code   RO           25    .text.Draw          spaceinvadersgame.o
    0x000005ba   0x000005ba   0x00000002   PAD
    0x000005bc   0x000005bc   0x00000080   Code   RO           19    .text.Enemy_Init    spaceinvadersgame.o
    0x0000063c   0x0000063c   0x0000015c   Code   RO           23    .text.Move          spaceinvadersgame.o
    0x00000798   0x00000798   0x0000002e   Code   RO           76    .text.Nokia5110_ClearBuffer  nokia5110.o
    0x000007c6   0x000007c6   0x00000002   PAD
    0x000007c8   0x000007c8   0x00000010   Code   RO           82    .text.Nokia5110_DisplayBuffer  nokia5110.o
    0x000007d8   0x000007d8   0x0000003a   Code   RO           72    .text.Nokia5110_DrawFullImage  nokia5110.o
    0x00000812   0x00000812   0x00000002   PAD
    0x00000814   0x00000814   0x00000162   Code   RO           58    .text.Nokia5110_Init  nokia5110.o
    0x00000976   0x00000976   0x00000002   PAD
    0x00000978   0x00000978   0x00000206   Code   RO           74    .text.Nokia5110_PrintBMP  nokia5110.o
    0x00000b7e   0x00000b7e   0x00000002   PAD
    0x00000b80   0x00000b80   0x0000004e   Code   RO           68    .text.Nokia5110_SetCursor  nokia5110.o
    0x00000bce   0x00000bce   0x00000002   PAD
    0x00000bd0   0x00000bd0   0x00000044   Code   RO           15    .text.SysTick_Handler  spaceinvadersgame.o
    0x00000c14   0x00000c14   0x00000042   Code   RO           13    .text.SysTick_Init  spaceinvadersgame.o
    0x00000c56   0x00000c56   0x00000002   PAD
    0x00000c58   0x00000c58   0x00000090   Code   RO           60    .text.lcdwrite      nokia5110.o
    0x00000ce8   0x00000ce8   0x00000088   Code   RO           27    .text.main          spaceinvadersgame.o
    0x00000d70   0x00000d70   0x0000000c   Code   RO          104    i.ADC1_In           texas.o
    0x00000d7c   0x00000d7c   0x000000d4   Code   RO          105    i.ADC1_Init         texas.o
    0x00000e50   0x00000e50   0x0000006c   Code   RO          107    i.Encrypt           texas.o
    0x00000ebc   0x00000ebc   0x0000007c   Code   RO          108    i.PLL_Init          texas.o
    0x00000f38   0x00000f38   0x00000018   Code   RO          110    i.SetCode           texas.o
    0x00000f50   0x00000f50   0x00000018   Code   RO          111    i.SetCourse         texas.o
    0x00000f68   0x00000f68   0x000000cc   Code   RO          112    i.SetGrade          texas.o
    0x00001034   0x00001034   0x00000290   Code   RO          116    i.TExaS_Init        texas.o
    0x000012c4   0x000012c4   0x00000020   Code   RO          118    i.Timer4A_Handler   texas.o
    0x000012e4   0x000012e4   0x00000880   Code   RO          119    i.Timer5A_Handler   texas.o
    0x00001b64   0x00001b64   0x000000c0   Code   RO          122    i.UART0_Init        texas.o
    0x00001c24   0x00001c24   0x000000a8   Code   RO          125    i.checkADCconfiguration  texas.o
    0x00001ccc   0x00001ccc   0x000002a8   Code   RO          126    i.checkDisplayconfiguration  texas.o
    0x00001f74   0x00001f74   0x000001a4   Code   RO          127    i.checkLinearity    texas.o
    0x00002118   0x00002118   0x00001b90   Data   RO          130    .constdata          texas.o
    0x00003ca8   0x00003ca8   0x00000097   Data   RO           35    .rodata.Enemy1      spaceinvadersgame.o
    0x00003d3f   0x00003d3f   0x00000097   Data   RO           36    .rodata.Enemy2      spaceinvadersgame.o
    0x00003dd6   0x00003dd6   0x000008b7   Data   RO           41    .rodata.image       spaceinvadersgame.o
    0x0000468d   0x0000468d   0x00000003   PAD
    0x00004690   0x00004690   0x00000020   Data   RO          436    Region$$Table       anon$$obj.o


    Execution Region ER_RW (Exec base: 0x20000000, Load base: 0x000046b0, Size: 0x0000008c, Max: 0xffffffff, ABSOLUTE)

    Exec Addr    Load Addr    Size         Type   Attr      Idx    E Section Name        Object

    0x20000000   0x000046b0   0x00000070   Data   RW          131    .data               texas.o
    0x20000070   0x00004720   0x00000004   Data   RW           44    .data.count         spaceinvadersgame.o
    0x20000074   0x00004724   0x00000004   Data   RW           32    .data.enemy_width   spaceinvadersgame.o
    0x20000078   0x00004728   0x00000004   Data   RW           34    .data.speed_divider  spaceinvadersgame.o
    0x2000007c   0x0000472c   0x00000010   Data   RW           45    .data.vertical_array  spaceinvadersgame.o


    Execution Region ER_ZI (Exec base: 0x20000090, Load base: 0x0000473c, Size: 0x00000940, Max: 0xffffffff, ABSOLUTE)

    Exec Addr    Load Addr    Size         Type   Attr      Idx    E Section Name        Object

    0x20000090        -       0x00000274   Zero   RW          129    .bss                texas.o
    0x20000304        -       0x00000060   Zero   RW          301    .bss                c_w.l(libspace.o)
    0x20000364        -       0x00000004   Zero   RW           48    .bss.Distance       spaceinvadersgame.o
    0x20000368        -       0x00000064   Zero   RW           42    .bss.Enemy          spaceinvadersgame.o
    0x200003cc        -       0x00000004   Zero   RW           29    .bss.Flag           spaceinvadersgame.o
    0x200003d0        -       0x00000004   Zero   RW           31    .bss.FrameCount     spaceinvadersgame.o
    0x200003d4        -       0x000001f8   Zero   RW           86    .bss.Screen         nokia5110.o
    0x200005cc        -       0x00000004   Zero   RW           46    .bss.j              spaceinvadersgame.o
    0x200005d0        -       0x00000000   Zero   RW            2    HEAP                startup.o
    0x200005d0        -       0x00000400   Zero   RW            1    STACK               startup.o


==============================================================================

Image component sizes


      Code (inc. data)   RO Data    RW Data    ZI Data      Debug   Object Name

       272          0          0          0          0        660   adc.o
      1214          4          0          0        504       4146   nokia5110.o
       922          0       2533         28        116       3051   spaceinvadersgame.o
       692        632          0          0       1024        948   startup.o
      5032        592       7056        112        628      29993   texas.o

    ----------------------------------------------------------------------
      8148       1228       9624        140       2272      38798   Object Totals
         0          0         32          0          0          0   (incl. Generated)
        16          0          3          0          0          0   (incl. Padding)

    ----------------------------------------------------------------------

      Code (inc. data)   RO Data    RW Data    ZI Data      Debug   Library Member Name

         8          0          0          0          0         68   __main.o
         0          0          0          0          0          0   __rtentry.o
        12          0          0          0          0          0   __rtentry2.o
         6          0          0          0          0          0   __rtentry4.o
        94          8          0          0          0          0   __scatter.o
        26          0          0          0          0          0   __scatter_copy.o
        28          0          0          0          0          0   __scatter_zi.o
        18          0          0          0          0         80   exit.o
         6          0          0          0          0        152   heapauxi.o
         0          0          0          0          0          0   indicate_semi.o
         2          0          0          0          0          0   libinit.o
         2          0          0          0          0          0   libinit2.o
         2          0          0          0          0          0   libshutdown.o
         2          0          0          0          0          0   libshutdown2.o
         8          4          0          0         96         68   libspace.o
         2          0          0          0          0          0   rtexit.o
        10          0          0          0          0          0   rtexit2.o
        12          4          0          0          0         68   sys_exit.o
        74          0          0          0          0         80   sys_stackheap_outer.o
         2          0          0          0          0         68   use_no_semi.o

    ----------------------------------------------------------------------
       324         16          0          0         96        584   Library Totals
        10          0          0          0          0          0   (incl. Padding)

    ----------------------------------------------------------------------

      Code (inc. data)   RO Data    RW Data    ZI Data      Debug   Library Name

       314         16          0          0         96        584   c_w.l

    ----------------------------------------------------------------------
       324         16          0          0         96        584   Library Totals

    ----------------------------------------------------------------------

==============================================================================


      Code (inc. data)   RO Data    RW Data    ZI Data      Debug   

      8472       1244       9624        140       2368      38730   Grand Totals
      8472       1244       9624        140       2368      38730   ELF Image Totals
      8472       1244       9624        140          0          0   ROM Totals

==============================================================================

    Total RO  Size (Code + RO Data)                18096 (  17.67kB)
    Total RW  Size (RW Data + ZI Data)              2508 (   2.45kB)
    Total ROM Size (Code + RO Data + RW Data)      18236 (  17.81kB)

==============================================================================

